============================= test session starts =============================
platform win32 -- Python 3.13.7, pytest-9.0.2, pluggy-1.6.0 -- C:\Users\SuryaPratapRout\Downloads\Github\Tracky_PM\backend\venv\Scripts\python.exe
cachedir: .pytest_cache
rootdir: C:\Users\SuryaPratapRout\Downloads\Github\Tracky_PM\backend
configfile: pytest.ini
plugins: anyio-4.12.0, Faker-38.2.0, asyncio-1.3.0, base-url-2.1.0, cov-7.0.0, playwright-0.7.2, timeout-2.4.0, xdist-3.8.0
asyncio: mode=Mode.AUTO, debug=False, asyncio_default_fixture_loop_scope=None, asyncio_default_test_loop_scope=function
timeout: 60.0s
timeout method: thread
timeout func_only: False
collecting ... collected 32 items

tests/test_data_routes.py::TestProgramsEndpoints::test_list_programs_empty FAILED [  3%]
tests/test_data_routes.py::TestProgramsEndpoints::test_list_programs_with_data FAILED [  6%]
tests/test_data_routes.py::TestProgramsEndpoints::test_list_programs_filter_by_status FAILED [  9%]
tests/test_data_routes.py::TestProgramsEndpoints::test_list_programs_pagination FAILED [ 12%]
tests/test_data_routes.py::TestProgramsEndpoints::test_get_program_success FAILED [ 15%]
tests/test_data_routes.py::TestProgramsEndpoints::test_get_program_not_found FAILED [ 18%]
tests/test_data_routes.py::TestWorkItemsEndpoints::test_list_work_items_empty FAILED [ 21%]
tests/test_data_routes.py::TestWorkItemsEndpoints::test_list_work_items_with_data FAILED [ 25%]
tests/test_data_routes.py::TestWorkItemsEndpoints::test_list_work_items_filter_by_program FAILED [ 28%]
tests/test_data_routes.py::TestWorkItemsEndpoints::test_list_work_items_filter_by_status FAILED [ 31%]
tests/test_data_routes.py::TestWorkItemsEndpoints::test_list_work_items_filter_by_resource FAILED [ 34%]
tests/test_data_routes.py::TestWorkItemsEndpoints::test_list_work_items_flagged_only FAILED [ 37%]
tests/test_data_routes.py::TestWorkItemsEndpoints::test_get_work_item_success FAILED [ 40%]
tests/test_data_routes.py::TestWorkItemsEndpoints::test_get_work_item_with_dependencies FAILED [ 43%]
tests/test_data_routes.py::TestWorkItemsEndpoints::test_get_work_item_not_found FAILED [ 46%]
tests/test_data_routes.py::TestResourcesEndpoints::test_list_resources_empty FAILED [ 50%]
tests/test_data_routes.py::TestResourcesEndpoints::test_list_resources_with_data FAILED [ 53%]
tests/test_data_routes.py::TestResourcesEndpoints::test_list_resources_filter_by_status FAILED [ 56%]
tests/test_data_routes.py::TestResourcesEndpoints::test_get_resource_success FAILED [ 59%]
tests/test_data_routes.py::TestResourcesEndpoints::test_get_resource_not_found FAILED [ 62%]
tests/test_data_routes.py::TestAuditLogsEndpoints::test_list_audit_logs_empty FAILED [ 65%]
tests/test_data_routes.py::TestAuditLogsEndpoints::test_list_audit_logs_with_data FAILED [ 68%]
tests/test_data_routes.py::TestAuditLogsEndpoints::test_list_audit_logs_filter_by_entity_type FAILED [ 71%]
tests/test_data_routes.py::TestAuditLogsEndpoints::test_list_audit_logs_filter_by_action FAILED [ 75%]
tests/test_data_routes.py::TestDependenciesEndpoints::test_list_dependencies_empty FAILED [ 78%]
tests/test_data_routes.py::TestDependenciesEndpoints::test_list_dependencies_with_data FAILED [ 81%]
tests/test_data_routes.py::TestDependenciesEndpoints::test_list_dependencies_filter_by_work_item FAILED [ 84%]
tests/test_data_routes.py::TestDashboardStats::test_get_dashboard_stats_empty FAILED [ 87%]
tests/test_data_routes.py::TestDashboardStats::test_get_dashboard_stats_with_data FAILED [ 90%]
tests/test_data_routes.py::TestDataRoutesErrors::test_invalid_uuid_format FAILED [ 93%]
tests/test_data_routes.py::TestDataRoutesErrors::test_invalid_pagination_params PASSED [ 96%]
tests/test_data_routes.py::TestDataRoutesErrors::test_pagination_offset_exceeds_data FAILED [100%]

================================== FAILURES ===================================
_______________ TestProgramsEndpoints.test_list_programs_empty ________________
tests\test_data_routes.py:27: in test_list_programs_empty
    response = client.get("/api/data/programs")
               ^^^^^^^^^^^^^^^^^^^^^^^^^^^^^^^^
venv\Lib\site-packages\starlette\testclient.py:473: in get
    return super().get(
venv\Lib\site-packages\httpx\_client.py:1053: in get
    return self.request(
venv\Lib\site-packages\starlette\testclient.py:445: in request
    return super().request(
venv\Lib\site-packages\httpx\_client.py:825: in request
    return self.send(request, auth=auth, follow_redirects=follow_redirects)
           ^^^^^^^^^^^^^^^^^^^^^^^^^^^^^^^^^^^^^^^^^^^^^^^^^^^^^^^^^^^^^^^^
venv\Lib\site-packages\httpx\_client.py:914: in send
    response = self._send_handling_auth(
venv\Lib\site-packages\httpx\_client.py:942: in _send_handling_auth
    response = self._send_handling_redirects(
venv\Lib\site-packages\httpx\_client.py:979: in _send_handling_redirects
    response = self._send_single_request(request)
               ^^^^^^^^^^^^^^^^^^^^^^^^^^^^^^^^^^
venv\Lib\site-packages\httpx\_client.py:1014: in _send_single_request
    response = transport.handle_request(request)
               ^^^^^^^^^^^^^^^^^^^^^^^^^^^^^^^^^
venv\Lib\site-packages\starlette\testclient.py:348: in handle_request
    raise exc
venv\Lib\site-packages\starlette\testclient.py:345: in handle_request
    portal.call(self.app, scope, receive, send)
venv\Lib\site-packages\anyio\from_thread.py:326: in call
    return cast(T_Retval, self.start_task_soon(func, *args).result())
                          ^^^^^^^^^^^^^^^^^^^^^^^^^^^^^^^^^^^^^^^^^^
..\..\..\..\AppData\Local\Programs\Python\Python313\Lib\concurrent\futures\_base.py:456: in result
    return self.__get_result()
           ^^^^^^^^^^^^^^^^^^^
..\..\..\..\AppData\Local\Programs\Python\Python313\Lib\concurrent\futures\_base.py:401: in __get_result
    raise self._exception
venv\Lib\site-packages\anyio\from_thread.py:257: in _call_func
    retval = await retval_or_awaitable
             ^^^^^^^^^^^^^^^^^^^^^^^^^
venv\Lib\site-packages\fastapi\applications.py:1139: in __call__
    await super().__call__(scope, receive, send)
venv\Lib\site-packages\starlette\applications.py:107: in __call__
    await self.middleware_stack(scope, receive, send)
venv\Lib\site-packages\starlette\middleware\errors.py:186: in __call__
    raise exc
venv\Lib\site-packages\starlette\middleware\errors.py:164: in __call__
    await self.app(scope, receive, _send)
venv\Lib\site-packages\starlette\middleware\cors.py:85: in __call__
    await self.app(scope, receive, send)
venv\Lib\site-packages\starlette\middleware\exceptions.py:63: in __call__
    await wrap_app_handling_exceptions(self.app, conn)(scope, receive, send)
venv\Lib\site-packages\starlette\_exception_handler.py:53: in wrapped_app
    raise exc
venv\Lib\site-packages\starlette\_exception_handler.py:42: in wrapped_app
    await app(scope, receive, sender)
venv\Lib\site-packages\fastapi\middleware\asyncexitstack.py:18: in __call__
    await self.app(scope, receive, send)
venv\Lib\site-packages\starlette\routing.py:716: in __call__
    await self.middleware_stack(scope, receive, send)
venv\Lib\site-packages\starlette\routing.py:736: in app
    await route.handle(scope, receive, send)
venv\Lib\site-packages\starlette\routing.py:290: in handle
    await self.app(scope, receive, send)
venv\Lib\site-packages\fastapi\routing.py:120: in app
    await wrap_app_handling_exceptions(app, request)(scope, receive, send)
venv\Lib\site-packages\starlette\_exception_handler.py:53: in wrapped_app
    raise exc
venv\Lib\site-packages\starlette\_exception_handler.py:42: in wrapped_app
    await app(scope, receive, sender)
venv\Lib\site-packages\fastapi\routing.py:106: in app
    response = await f(request)
               ^^^^^^^^^^^^^^^^
venv\Lib\site-packages\fastapi\routing.py:430: in app
    raw_response = await run_endpoint_function(
venv\Lib\site-packages\fastapi\routing.py:316: in run_endpoint_function
    return await dependant.call(**values)
           ^^^^^^^^^^^^^^^^^^^^^^^^^^^^^^
app\api\routes\data_routes.py:35: in list_programs
    query = db.client.table("programs").select("*")
            ^^^^^^^^^
E   AttributeError: 'MockSupabaseClient' object has no attribute 'client'
---------------------------- Captured stderr setup ----------------------------
INFO:app.main:\U0001f680 Starting Tracky PM v0.1.0\nINFO:app.main:Debug mode: True\nINFO:app.main:Email enabled: True\nINFO:app.main:Scheduler enabled: True\nINFO:app.main:Run scheduler (this instance): True\nINFO:apscheduler.scheduler:Adding job tentatively -- it will be properly scheduled when the scheduler starts\nINFO:apscheduler.scheduler:Adding job tentatively -- it will be properly scheduled when the scheduler starts\nINFO:apscheduler.scheduler:Adding job tentatively -- it will be properly scheduled when the scheduler starts\nINFO:apscheduler.scheduler:Adding job tentatively -- it will be properly scheduled when the scheduler starts\nINFO:apscheduler.scheduler:Adding job tentatively -- it will be properly scheduled when the scheduler starts\nINFO:apscheduler.scheduler:Added job "Daily Status Check Scan" to job store "default"\nINFO:apscheduler.scheduler:Added job "Escalation Timeout Checker" to job store "default"\nINFO:apscheduler.scheduler:Added job "Alert Queue Processor" to job store "default"\nINFO:apscheduler.scheduler:Added job "Stale Alert Cleanup" to job store "default"\nINFO:apscheduler.scheduler:Added job "Reminder Sender" to job store "default"\nINFO:apscheduler.scheduler:Scheduler started\nINFO:app.services.scheduler:\U0001f680 Tracky Scheduler started successfully\nINFO:app.services.scheduler:  - Alert Queue Processor: Next run at 2025-12-08 19:26:37.574071+05:30\nINFO:app.services.scheduler:  - Reminder Sender: Next run at 2025-12-08 14:00:00+00:00\nINFO:app.services.scheduler:  - Escalation Timeout Checker: Next run at 2025-12-08 19:51:37.574047+05:30\nINFO:app.services.scheduler:  - Stale Alert Cleanup: Next run at 2025-12-09 02:00:00+00:00\nINFO:app.services.scheduler:  - Daily Status Check Scan: Next run at 2025-12-09 05:00:00+00:00\nINFO:app.main:\u2705 Background scheduler started
----------------------------- Captured log setup ------------------------------
INFO     app.main:main.py:53 \U0001f680 Starting Tracky PM v0.1.0\nINFO     app.main:main.py:54 Debug mode: True\nINFO     app.main:main.py:55 Email enabled: True\nINFO     app.main:main.py:56 Scheduler enabled: True\nINFO     app.main:main.py:57 Run scheduler (this instance): True\nINFO     apscheduler.scheduler:base.py:507 Adding job tentatively -- it will be properly scheduled when the scheduler starts\nINFO     apscheduler.scheduler:base.py:507 Adding job tentatively -- it will be properly scheduled when the scheduler starts\nINFO     apscheduler.scheduler:base.py:507 Adding job tentatively -- it will be properly scheduled when the scheduler starts\nINFO     apscheduler.scheduler:base.py:507 Adding job tentatively -- it will be properly scheduled when the scheduler starts\nINFO     apscheduler.scheduler:base.py:507 Adding job tentatively -- it will be properly scheduled when the scheduler starts\nINFO     apscheduler.scheduler:base.py:1090 Added job "Daily Status Check Scan" to job store "default"\nINFO     apscheduler.scheduler:base.py:1090 Added job "Escalation Timeout Checker" to job store "default"\nINFO     apscheduler.scheduler:base.py:1090 Added job "Alert Queue Processor" to job store "default"\nINFO     apscheduler.scheduler:base.py:1090 Added job "Stale Alert Cleanup" to job store "default"\nINFO     apscheduler.scheduler:base.py:1090 Added job "Reminder Sender" to job store "default"\nINFO     apscheduler.scheduler:base.py:214 Scheduler started\nINFO     app.services.scheduler:scheduler.py:254 \U0001f680 Tracky Scheduler started successfully\nINFO     app.services.scheduler:scheduler.py:258   - Alert Queue Processor: Next run at 2025-12-08 19:26:37.574071+05:30\nINFO     app.services.scheduler:scheduler.py:258   - Reminder Sender: Next run at 2025-12-08 14:00:00+00:00\nINFO     app.services.scheduler:scheduler.py:258   - Escalation Timeout Checker: Next run at 2025-12-08 19:51:37.574047+05:30\nINFO     app.services.scheduler:scheduler.py:258   - Stale Alert Cleanup: Next run at 2025-12-09 02:00:00+00:00\nINFO     app.services.scheduler:scheduler.py:258   - Daily Status Check Scan: Next run at 2025-12-09 05:00:00+00:00\nINFO     app.main:main.py:72 \u2705 Background scheduler started
-------------------------- Captured stderr teardown ---------------------------
INFO:app.services.scheduler:\U0001f6d1 Tracky Scheduler stopped\nINFO:app.main:\u2705 Scheduler stopped\nINFO:app.main:\U0001f44b Shutting down...\nINFO:apscheduler.scheduler:Scheduler has been shut down
---------------------------- Captured log teardown ----------------------------
INFO     app.services.scheduler:scheduler.py:265 \U0001f6d1 Tracky Scheduler stopped\nINFO     app.main:main.py:83 \u2705 Scheduler stopped\nINFO     app.main:main.py:85 \U0001f44b Shutting down...\nINFO     apscheduler.scheduler:base.py:245 Scheduler has been shut down
_____________ TestProgramsEndpoints.test_list_programs_with_data ______________
tests\test_data_routes.py:55: in test_list_programs_with_data
    response = client.get("/api/data/programs")
               ^^^^^^^^^^^^^^^^^^^^^^^^^^^^^^^^
venv\Lib\site-packages\starlette\testclient.py:473: in get
    return super().get(
venv\Lib\site-packages\httpx\_client.py:1053: in get
    return self.request(
venv\Lib\site-packages\starlette\testclient.py:445: in request
    return super().request(
venv\Lib\site-packages\httpx\_client.py:825: in request
    return self.send(request, auth=auth, follow_redirects=follow_redirects)
           ^^^^^^^^^^^^^^^^^^^^^^^^^^^^^^^^^^^^^^^^^^^^^^^^^^^^^^^^^^^^^^^^
venv\Lib\site-packages\httpx\_client.py:914: in send
    response = self._send_handling_auth(
venv\Lib\site-packages\httpx\_client.py:942: in _send_handling_auth
    response = self._send_handling_redirects(
venv\Lib\site-packages\httpx\_client.py:979: in _send_handling_redirects
    response = self._send_single_request(request)
               ^^^^^^^^^^^^^^^^^^^^^^^^^^^^^^^^^^
venv\Lib\site-packages\httpx\_client.py:1014: in _send_single_request
    response = transport.handle_request(request)
               ^^^^^^^^^^^^^^^^^^^^^^^^^^^^^^^^^
venv\Lib\site-packages\starlette\testclient.py:348: in handle_request
    raise exc
venv\Lib\site-packages\starlette\testclient.py:345: in handle_request
    portal.call(self.app, scope, receive, send)
venv\Lib\site-packages\anyio\from_thread.py:326: in call
    return cast(T_Retval, self.start_task_soon(func, *args).result())
                          ^^^^^^^^^^^^^^^^^^^^^^^^^^^^^^^^^^^^^^^^^^
..\..\..\..\AppData\Local\Programs\Python\Python313\Lib\concurrent\futures\_base.py:449: in result
    return self.__get_result()
           ^^^^^^^^^^^^^^^^^^^
..\..\..\..\AppData\Local\Programs\Python\Python313\Lib\concurrent\futures\_base.py:401: in __get_result
    raise self._exception
venv\Lib\site-packages\anyio\from_thread.py:257: in _call_func
    retval = await retval_or_awaitable
             ^^^^^^^^^^^^^^^^^^^^^^^^^
venv\Lib\site-packages\fastapi\applications.py:1139: in __call__
    await super().__call__(scope, receive, send)
venv\Lib\site-packages\starlette\applications.py:107: in __call__
    await self.middleware_stack(scope, receive, send)
venv\Lib\site-packages\starlette\middleware\errors.py:186: in __call__
    raise exc
venv\Lib\site-packages\starlette\middleware\errors.py:164: in __call__
    await self.app(scope, receive, _send)
venv\Lib\site-packages\starlette\middleware\cors.py:85: in __call__
    await self.app(scope, receive, send)
venv\Lib\site-packages\starlette\middleware\exceptions.py:63: in __call__
    await wrap_app_handling_exceptions(self.app, conn)(scope, receive, send)
venv\Lib\site-packages\starlette\_exception_handler.py:53: in wrapped_app
    raise exc
venv\Lib\site-packages\starlette\_exception_handler.py:42: in wrapped_app
    await app(scope, receive, sender)
venv\Lib\site-packages\fastapi\middleware\asyncexitstack.py:18: in __call__
    await self.app(scope, receive, send)
venv\Lib\site-packages\starlette\routing.py:716: in __call__
    await self.middleware_stack(scope, receive, send)
venv\Lib\site-packages\starlette\routing.py:736: in app
    await route.handle(scope, receive, send)
venv\Lib\site-packages\starlette\routing.py:290: in handle
    await self.app(scope, receive, send)
venv\Lib\site-packages\fastapi\routing.py:120: in app
    await wrap_app_handling_exceptions(app, request)(scope, receive, send)
venv\Lib\site-packages\starlette\_exception_handler.py:53: in wrapped_app
    raise exc
venv\Lib\site-packages\starlette\_exception_handler.py:42: in wrapped_app
    await app(scope, receive, sender)
venv\Lib\site-packages\fastapi\routing.py:106: in app
    response = await f(request)
               ^^^^^^^^^^^^^^^^
venv\Lib\site-packages\fastapi\routing.py:430: in app
    raw_response = await run_endpoint_function(
venv\Lib\site-packages\fastapi\routing.py:316: in run_endpoint_function
    return await dependant.call(**values)
           ^^^^^^^^^^^^^^^^^^^^^^^^^^^^^^
app\api\routes\data_routes.py:35: in list_programs
    query = db.client.table("programs").select("*")
            ^^^^^^^^^
E   AttributeError: 'MockSupabaseClient' object has no attribute 'client'
---------------------------- Captured stderr setup ----------------------------
INFO:app.main:\U0001f680 Starting Tracky PM v0.1.0\nINFO:app.main:Debug mode: True\nINFO:app.main:Email enabled: True\nINFO:app.main:Scheduler enabled: True\nINFO:app.main:Run scheduler (this instance): True\nINFO:apscheduler.scheduler:Adding job tentatively -- it will be properly scheduled when the scheduler starts\nINFO:apscheduler.scheduler:Adding job tentatively -- it will be properly scheduled when the scheduler starts\nINFO:apscheduler.scheduler:Adding job tentatively -- it will be properly scheduled when the scheduler starts\nINFO:apscheduler.scheduler:Adding job tentatively -- it will be properly scheduled when the scheduler starts\nINFO:apscheduler.scheduler:Adding job tentatively -- it will be properly scheduled when the scheduler starts\nINFO:apscheduler.scheduler:Added job "Daily Status Check Scan" to job store "default"\nINFO:apscheduler.scheduler:Added job "Escalation Timeout Checker" to job store "default"\nINFO:apscheduler.scheduler:Added job "Alert Queue Processor" to job store "default"\nINFO:apscheduler.scheduler:Added job "Stale Alert Cleanup" to job store "default"\nINFO:apscheduler.scheduler:Added job "Reminder Sender" to job store "default"\nINFO:apscheduler.scheduler:Scheduler started\nINFO:app.services.scheduler:\U0001f680 Tracky Scheduler started successfully\nINFO:app.services.scheduler:  - Alert Queue Processor: Next run at 2025-12-08 19:26:37.574071+05:30\nINFO:app.services.scheduler:  - Reminder Sender: Next run at 2025-12-08 14:00:00+00:00\nINFO:app.services.scheduler:  - Escalation Timeout Checker: Next run at 2025-12-08 19:51:37.574047+05:30\nINFO:app.services.scheduler:  - Stale Alert Cleanup: Next run at 2025-12-09 02:00:00+00:00\nINFO:app.services.scheduler:  - Daily Status Check Scan: Next run at 2025-12-09 05:00:00+00:00\nINFO:app.main:\u2705 Background scheduler started
----------------------------- Captured log setup ------------------------------
INFO     app.main:main.py:53 \U0001f680 Starting Tracky PM v0.1.0\nINFO     app.main:main.py:54 Debug mode: True\nINFO     app.main:main.py:55 Email enabled: True\nINFO     app.main:main.py:56 Scheduler enabled: True\nINFO     app.main:main.py:57 Run scheduler (this instance): True\nINFO     apscheduler.scheduler:base.py:507 Adding job tentatively -- it will be properly scheduled when the scheduler starts\nINFO     apscheduler.scheduler:base.py:507 Adding job tentatively -- it will be properly scheduled when the scheduler starts\nINFO     apscheduler.scheduler:base.py:507 Adding job tentatively -- it will be properly scheduled when the scheduler starts\nINFO     apscheduler.scheduler:base.py:507 Adding job tentatively -- it will be properly scheduled when the scheduler starts\nINFO     apscheduler.scheduler:base.py:507 Adding job tentatively -- it will be properly scheduled when the scheduler starts\nINFO     apscheduler.scheduler:base.py:1090 Added job "Daily Status Check Scan" to job store "default"\nINFO     apscheduler.scheduler:base.py:1090 Added job "Escalation Timeout Checker" to job store "default"\nINFO     apscheduler.scheduler:base.py:1090 Added job "Alert Queue Processor" to job store "default"\nINFO     apscheduler.scheduler:base.py:1090 Added job "Stale Alert Cleanup" to job store "default"\nINFO     apscheduler.scheduler:base.py:1090 Added job "Reminder Sender" to job store "default"\nINFO     apscheduler.scheduler:base.py:214 Scheduler started\nINFO     app.services.scheduler:scheduler.py:254 \U0001f680 Tracky Scheduler started successfully\nINFO     app.services.scheduler:scheduler.py:258   - Alert Queue Processor: Next run at 2025-12-08 19:26:37.574071+05:30\nINFO     app.services.scheduler:scheduler.py:258   - Reminder Sender: Next run at 2025-12-08 14:00:00+00:00\nINFO     app.services.scheduler:scheduler.py:258   - Escalation Timeout Checker: Next run at 2025-12-08 19:51:37.574047+05:30\nINFO     app.services.scheduler:scheduler.py:258   - Stale Alert Cleanup: Next run at 2025-12-09 02:00:00+00:00\nINFO     app.services.scheduler:scheduler.py:258   - Daily Status Check Scan: Next run at 2025-12-09 05:00:00+00:00\nINFO     app.main:main.py:72 \u2705 Background scheduler started
-------------------------- Captured stderr teardown ---------------------------
INFO:app.services.scheduler:\U0001f6d1 Tracky Scheduler stopped\nINFO:app.main:\u2705 Scheduler stopped\nINFO:app.main:\U0001f44b Shutting down...\nINFO:apscheduler.scheduler:Scheduler has been shut down
---------------------------- Captured log teardown ----------------------------
INFO     app.services.scheduler:scheduler.py:265 \U0001f6d1 Tracky Scheduler stopped\nINFO     app.main:main.py:83 \u2705 Scheduler stopped\nINFO     app.main:main.py:85 \U0001f44b Shutting down...\nINFO     apscheduler.scheduler:base.py:245 Scheduler has been shut down
__________ TestProgramsEndpoints.test_list_programs_filter_by_status __________
tests\test_data_routes.py:83: in test_list_programs_filter_by_status
    response = client.get("/api/data/programs?status=Active")
               ^^^^^^^^^^^^^^^^^^^^^^^^^^^^^^^^^^^^^^^^^^^^^^
venv\Lib\site-packages\starlette\testclient.py:473: in get
    return super().get(
venv\Lib\site-packages\httpx\_client.py:1053: in get
    return self.request(
venv\Lib\site-packages\starlette\testclient.py:445: in request
    return super().request(
venv\Lib\site-packages\httpx\_client.py:825: in request
    return self.send(request, auth=auth, follow_redirects=follow_redirects)
           ^^^^^^^^^^^^^^^^^^^^^^^^^^^^^^^^^^^^^^^^^^^^^^^^^^^^^^^^^^^^^^^^
venv\Lib\site-packages\httpx\_client.py:914: in send
    response = self._send_handling_auth(
venv\Lib\site-packages\httpx\_client.py:942: in _send_handling_auth
    response = self._send_handling_redirects(
venv\Lib\site-packages\httpx\_client.py:979: in _send_handling_redirects
    response = self._send_single_request(request)
               ^^^^^^^^^^^^^^^^^^^^^^^^^^^^^^^^^^
venv\Lib\site-packages\httpx\_client.py:1014: in _send_single_request
    response = transport.handle_request(request)
               ^^^^^^^^^^^^^^^^^^^^^^^^^^^^^^^^^
venv\Lib\site-packages\starlette\testclient.py:348: in handle_request
    raise exc
venv\Lib\site-packages\starlette\testclient.py:345: in handle_request
    portal.call(self.app, scope, receive, send)
venv\Lib\site-packages\anyio\from_thread.py:326: in call
    return cast(T_Retval, self.start_task_soon(func, *args).result())
                          ^^^^^^^^^^^^^^^^^^^^^^^^^^^^^^^^^^^^^^^^^^
..\..\..\..\AppData\Local\Programs\Python\Python313\Lib\concurrent\futures\_base.py:449: in result
    return self.__get_result()
           ^^^^^^^^^^^^^^^^^^^
..\..\..\..\AppData\Local\Programs\Python\Python313\Lib\concurrent\futures\_base.py:401: in __get_result
    raise self._exception
venv\Lib\site-packages\anyio\from_thread.py:257: in _call_func
    retval = await retval_or_awaitable
             ^^^^^^^^^^^^^^^^^^^^^^^^^
venv\Lib\site-packages\fastapi\applications.py:1139: in __call__
    await super().__call__(scope, receive, send)
venv\Lib\site-packages\starlette\applications.py:107: in __call__
    await self.middleware_stack(scope, receive, send)
venv\Lib\site-packages\starlette\middleware\errors.py:186: in __call__
    raise exc
venv\Lib\site-packages\starlette\middleware\errors.py:164: in __call__
    await self.app(scope, receive, _send)
venv\Lib\site-packages\starlette\middleware\cors.py:85: in __call__
    await self.app(scope, receive, send)
venv\Lib\site-packages\starlette\middleware\exceptions.py:63: in __call__
    await wrap_app_handling_exceptions(self.app, conn)(scope, receive, send)
venv\Lib\site-packages\starlette\_exception_handler.py:53: in wrapped_app
    raise exc
venv\Lib\site-packages\starlette\_exception_handler.py:42: in wrapped_app
    await app(scope, receive, sender)
venv\Lib\site-packages\fastapi\middleware\asyncexitstack.py:18: in __call__
    await self.app(scope, receive, send)
venv\Lib\site-packages\starlette\routing.py:716: in __call__
    await self.middleware_stack(scope, receive, send)
venv\Lib\site-packages\starlette\routing.py:736: in app
    await route.handle(scope, receive, send)
venv\Lib\site-packages\starlette\routing.py:290: in handle
    await self.app(scope, receive, send)
venv\Lib\site-packages\fastapi\routing.py:120: in app
    await wrap_app_handling_exceptions(app, request)(scope, receive, send)
venv\Lib\site-packages\starlette\_exception_handler.py:53: in wrapped_app
    raise exc
venv\Lib\site-packages\starlette\_exception_handler.py:42: in wrapped_app
    await app(scope, receive, sender)
venv\Lib\site-packages\fastapi\routing.py:106: in app
    response = await f(request)
               ^^^^^^^^^^^^^^^^
venv\Lib\site-packages\fastapi\routing.py:430: in app
    raw_response = await run_endpoint_function(
venv\Lib\site-packages\fastapi\routing.py:316: in run_endpoint_function
    return await dependant.call(**values)
           ^^^^^^^^^^^^^^^^^^^^^^^^^^^^^^
app\api\routes\data_routes.py:35: in list_programs
    query = db.client.table("programs").select("*")
            ^^^^^^^^^
E   AttributeError: 'MockSupabaseClient' object has no attribute 'client'
---------------------------- Captured stderr setup ----------------------------
INFO:app.main:\U0001f680 Starting Tracky PM v0.1.0\nINFO:app.main:Debug mode: True\nINFO:app.main:Email enabled: True\nINFO:app.main:Scheduler enabled: True\nINFO:app.main:Run scheduler (this instance): True\nINFO:apscheduler.scheduler:Adding job tentatively -- it will be properly scheduled when the scheduler starts\nINFO:apscheduler.scheduler:Adding job tentatively -- it will be properly scheduled when the scheduler starts\nINFO:apscheduler.scheduler:Adding job tentatively -- it will be properly scheduled when the scheduler starts\nINFO:apscheduler.scheduler:Adding job tentatively -- it will be properly scheduled when the scheduler starts\nINFO:apscheduler.scheduler:Adding job tentatively -- it will be properly scheduled when the scheduler starts\nINFO:apscheduler.scheduler:Added job "Daily Status Check Scan" to job store "default"\nINFO:apscheduler.scheduler:Added job "Escalation Timeout Checker" to job store "default"\nINFO:apscheduler.scheduler:Added job "Alert Queue Processor" to job store "default"\nINFO:apscheduler.scheduler:Added job "Stale Alert Cleanup" to job store "default"\nINFO:apscheduler.scheduler:Added job "Reminder Sender" to job store "default"\nINFO:apscheduler.scheduler:Scheduler started\nINFO:app.services.scheduler:\U0001f680 Tracky Scheduler started successfully\nINFO:app.services.scheduler:  - Alert Queue Processor: Next run at 2025-12-08 19:26:37.574071+05:30\nINFO:app.services.scheduler:  - Reminder Sender: Next run at 2025-12-08 14:00:00+00:00\nINFO:app.services.scheduler:  - Escalation Timeout Checker: Next run at 2025-12-08 19:51:37.574047+05:30\nINFO:app.services.scheduler:  - Stale Alert Cleanup: Next run at 2025-12-09 02:00:00+00:00\nINFO:app.services.scheduler:  - Daily Status Check Scan: Next run at 2025-12-09 05:00:00+00:00\nINFO:app.main:\u2705 Background scheduler started
----------------------------- Captured log setup ------------------------------
INFO     app.main:main.py:53 \U0001f680 Starting Tracky PM v0.1.0\nINFO     app.main:main.py:54 Debug mode: True\nINFO     app.main:main.py:55 Email enabled: True\nINFO     app.main:main.py:56 Scheduler enabled: True\nINFO     app.main:main.py:57 Run scheduler (this instance): True\nINFO     apscheduler.scheduler:base.py:507 Adding job tentatively -- it will be properly scheduled when the scheduler starts\nINFO     apscheduler.scheduler:base.py:507 Adding job tentatively -- it will be properly scheduled when the scheduler starts\nINFO     apscheduler.scheduler:base.py:507 Adding job tentatively -- it will be properly scheduled when the scheduler starts\nINFO     apscheduler.scheduler:base.py:507 Adding job tentatively -- it will be properly scheduled when the scheduler starts\nINFO     apscheduler.scheduler:base.py:507 Adding job tentatively -- it will be properly scheduled when the scheduler starts\nINFO     apscheduler.scheduler:base.py:1090 Added job "Daily Status Check Scan" to job store "default"\nINFO     apscheduler.scheduler:base.py:1090 Added job "Escalation Timeout Checker" to job store "default"\nINFO     apscheduler.scheduler:base.py:1090 Added job "Alert Queue Processor" to job store "default"\nINFO     apscheduler.scheduler:base.py:1090 Added job "Stale Alert Cleanup" to job store "default"\nINFO     apscheduler.scheduler:base.py:1090 Added job "Reminder Sender" to job store "default"\nINFO     apscheduler.scheduler:base.py:214 Scheduler started\nINFO     app.services.scheduler:scheduler.py:254 \U0001f680 Tracky Scheduler started successfully\nINFO     app.services.scheduler:scheduler.py:258   - Alert Queue Processor: Next run at 2025-12-08 19:26:37.574071+05:30\nINFO     app.services.scheduler:scheduler.py:258   - Reminder Sender: Next run at 2025-12-08 14:00:00+00:00\nINFO     app.services.scheduler:scheduler.py:258   - Escalation Timeout Checker: Next run at 2025-12-08 19:51:37.574047+05:30\nINFO     app.services.scheduler:scheduler.py:258   - Stale Alert Cleanup: Next run at 2025-12-09 02:00:00+00:00\nINFO     app.services.scheduler:scheduler.py:258   - Daily Status Check Scan: Next run at 2025-12-09 05:00:00+00:00\nINFO     app.main:main.py:72 \u2705 Background scheduler started
-------------------------- Captured stderr teardown ---------------------------
INFO:app.services.scheduler:\U0001f6d1 Tracky Scheduler stopped\nINFO:app.main:\u2705 Scheduler stopped\nINFO:app.main:\U0001f44b Shutting down...\nINFO:apscheduler.scheduler:Scheduler has been shut down
---------------------------- Captured log teardown ----------------------------
INFO     app.services.scheduler:scheduler.py:265 \U0001f6d1 Tracky Scheduler stopped\nINFO     app.main:main.py:83 \u2705 Scheduler stopped\nINFO     app.main:main.py:85 \U0001f44b Shutting down...\nINFO     apscheduler.scheduler:base.py:245 Scheduler has been shut down
_____________ TestProgramsEndpoints.test_list_programs_pagination _____________
tests\test_data_routes.py:105: in test_list_programs_pagination
    response = client.get("/api/data/programs?limit=5&offset=0")
               ^^^^^^^^^^^^^^^^^^^^^^^^^^^^^^^^^^^^^^^^^^^^^^^^^
venv\Lib\site-packages\starlette\testclient.py:473: in get
    return super().get(
venv\Lib\site-packages\httpx\_client.py:1053: in get
    return self.request(
venv\Lib\site-packages\starlette\testclient.py:445: in request
    return super().request(
venv\Lib\site-packages\httpx\_client.py:825: in request
    return self.send(request, auth=auth, follow_redirects=follow_redirects)
           ^^^^^^^^^^^^^^^^^^^^^^^^^^^^^^^^^^^^^^^^^^^^^^^^^^^^^^^^^^^^^^^^
venv\Lib\site-packages\httpx\_client.py:914: in send
    response = self._send_handling_auth(
venv\Lib\site-packages\httpx\_client.py:942: in _send_handling_auth
    response = self._send_handling_redirects(
venv\Lib\site-packages\httpx\_client.py:979: in _send_handling_redirects
    response = self._send_single_request(request)
               ^^^^^^^^^^^^^^^^^^^^^^^^^^^^^^^^^^
venv\Lib\site-packages\httpx\_client.py:1014: in _send_single_request
    response = transport.handle_request(request)
               ^^^^^^^^^^^^^^^^^^^^^^^^^^^^^^^^^
venv\Lib\site-packages\starlette\testclient.py:348: in handle_request
    raise exc
venv\Lib\site-packages\starlette\testclient.py:345: in handle_request
    portal.call(self.app, scope, receive, send)
venv\Lib\site-packages\anyio\from_thread.py:326: in call
    return cast(T_Retval, self.start_task_soon(func, *args).result())
                          ^^^^^^^^^^^^^^^^^^^^^^^^^^^^^^^^^^^^^^^^^^
..\..\..\..\AppData\Local\Programs\Python\Python313\Lib\concurrent\futures\_base.py:449: in result
    return self.__get_result()
           ^^^^^^^^^^^^^^^^^^^
..\..\..\..\AppData\Local\Programs\Python\Python313\Lib\concurrent\futures\_base.py:401: in __get_result
    raise self._exception
venv\Lib\site-packages\anyio\from_thread.py:257: in _call_func
    retval = await retval_or_awaitable
             ^^^^^^^^^^^^^^^^^^^^^^^^^
venv\Lib\site-packages\fastapi\applications.py:1139: in __call__
    await super().__call__(scope, receive, send)
venv\Lib\site-packages\starlette\applications.py:107: in __call__
    await self.middleware_stack(scope, receive, send)
venv\Lib\site-packages\starlette\middleware\errors.py:186: in __call__
    raise exc
venv\Lib\site-packages\starlette\middleware\errors.py:164: in __call__
    await self.app(scope, receive, _send)
venv\Lib\site-packages\starlette\middleware\cors.py:85: in __call__
    await self.app(scope, receive, send)
venv\Lib\site-packages\starlette\middleware\exceptions.py:63: in __call__
    await wrap_app_handling_exceptions(self.app, conn)(scope, receive, send)
venv\Lib\site-packages\starlette\_exception_handler.py:53: in wrapped_app
    raise exc
venv\Lib\site-packages\starlette\_exception_handler.py:42: in wrapped_app
    await app(scope, receive, sender)
venv\Lib\site-packages\fastapi\middleware\asyncexitstack.py:18: in __call__
    await self.app(scope, receive, send)
venv\Lib\site-packages\starlette\routing.py:716: in __call__
    await self.middleware_stack(scope, receive, send)
venv\Lib\site-packages\starlette\routing.py:736: in app
    await route.handle(scope, receive, send)
venv\Lib\site-packages\starlette\routing.py:290: in handle
    await self.app(scope, receive, send)
venv\Lib\site-packages\fastapi\routing.py:120: in app
    await wrap_app_handling_exceptions(app, request)(scope, receive, send)
venv\Lib\site-packages\starlette\_exception_handler.py:53: in wrapped_app
    raise exc
venv\Lib\site-packages\starlette\_exception_handler.py:42: in wrapped_app
    await app(scope, receive, sender)
venv\Lib\site-packages\fastapi\routing.py:106: in app
    response = await f(request)
               ^^^^^^^^^^^^^^^^
venv\Lib\site-packages\fastapi\routing.py:430: in app
    raw_response = await run_endpoint_function(
venv\Lib\site-packages\fastapi\routing.py:316: in run_endpoint_function
    return await dependant.call(**values)
           ^^^^^^^^^^^^^^^^^^^^^^^^^^^^^^
app\api\routes\data_routes.py:35: in list_programs
    query = db.client.table("programs").select("*")
            ^^^^^^^^^
E   AttributeError: 'MockSupabaseClient' object has no attribute 'client'
---------------------------- Captured stderr setup ----------------------------
INFO:app.main:\U0001f680 Starting Tracky PM v0.1.0\nINFO:app.main:Debug mode: True\nINFO:app.main:Email enabled: True\nINFO:app.main:Scheduler enabled: True\nINFO:app.main:Run scheduler (this instance): True\nINFO:apscheduler.scheduler:Adding job tentatively -- it will be properly scheduled when the scheduler starts\nINFO:apscheduler.scheduler:Adding job tentatively -- it will be properly scheduled when the scheduler starts\nINFO:apscheduler.scheduler:Adding job tentatively -- it will be properly scheduled when the scheduler starts\nINFO:apscheduler.scheduler:Adding job tentatively -- it will be properly scheduled when the scheduler starts\nINFO:apscheduler.scheduler:Adding job tentatively -- it will be properly scheduled when the scheduler starts\nINFO:apscheduler.scheduler:Added job "Daily Status Check Scan" to job store "default"\nINFO:apscheduler.scheduler:Added job "Escalation Timeout Checker" to job store "default"\nINFO:apscheduler.scheduler:Added job "Alert Queue Processor" to job store "default"\nINFO:apscheduler.scheduler:Added job "Stale Alert Cleanup" to job store "default"\nINFO:apscheduler.scheduler:Added job "Reminder Sender" to job store "default"\nINFO:apscheduler.scheduler:Scheduler started\nINFO:app.services.scheduler:\U0001f680 Tracky Scheduler started successfully\nINFO:app.services.scheduler:  - Alert Queue Processor: Next run at 2025-12-08 19:26:37.574071+05:30\nINFO:app.services.scheduler:  - Reminder Sender: Next run at 2025-12-08 14:00:00+00:00\nINFO:app.services.scheduler:  - Escalation Timeout Checker: Next run at 2025-12-08 19:51:37.574047+05:30\nINFO:app.services.scheduler:  - Stale Alert Cleanup: Next run at 2025-12-09 02:00:00+00:00\nINFO:app.services.scheduler:  - Daily Status Check Scan: Next run at 2025-12-09 05:00:00+00:00\nINFO:app.main:\u2705 Background scheduler started
----------------------------- Captured log setup ------------------------------
INFO     app.main:main.py:53 \U0001f680 Starting Tracky PM v0.1.0\nINFO     app.main:main.py:54 Debug mode: True\nINFO     app.main:main.py:55 Email enabled: True\nINFO     app.main:main.py:56 Scheduler enabled: True\nINFO     app.main:main.py:57 Run scheduler (this instance): True\nINFO     apscheduler.scheduler:base.py:507 Adding job tentatively -- it will be properly scheduled when the scheduler starts\nINFO     apscheduler.scheduler:base.py:507 Adding job tentatively -- it will be properly scheduled when the scheduler starts\nINFO     apscheduler.scheduler:base.py:507 Adding job tentatively -- it will be properly scheduled when the scheduler starts\nINFO     apscheduler.scheduler:base.py:507 Adding job tentatively -- it will be properly scheduled when the scheduler starts\nINFO     apscheduler.scheduler:base.py:507 Adding job tentatively -- it will be properly scheduled when the scheduler starts\nINFO     apscheduler.scheduler:base.py:1090 Added job "Daily Status Check Scan" to job store "default"\nINFO     apscheduler.scheduler:base.py:1090 Added job "Escalation Timeout Checker" to job store "default"\nINFO     apscheduler.scheduler:base.py:1090 Added job "Alert Queue Processor" to job store "default"\nINFO     apscheduler.scheduler:base.py:1090 Added job "Stale Alert Cleanup" to job store "default"\nINFO     apscheduler.scheduler:base.py:1090 Added job "Reminder Sender" to job store "default"\nINFO     apscheduler.scheduler:base.py:214 Scheduler started\nINFO     app.services.scheduler:scheduler.py:254 \U0001f680 Tracky Scheduler started successfully\nINFO     app.services.scheduler:scheduler.py:258   - Alert Queue Processor: Next run at 2025-12-08 19:26:37.574071+05:30\nINFO     app.services.scheduler:scheduler.py:258   - Reminder Sender: Next run at 2025-12-08 14:00:00+00:00\nINFO     app.services.scheduler:scheduler.py:258   - Escalation Timeout Checker: Next run at 2025-12-08 19:51:37.574047+05:30\nINFO     app.services.scheduler:scheduler.py:258   - Stale Alert Cleanup: Next run at 2025-12-09 02:00:00+00:00\nINFO     app.services.scheduler:scheduler.py:258   - Daily Status Check Scan: Next run at 2025-12-09 05:00:00+00:00\nINFO     app.main:main.py:72 \u2705 Background scheduler started
-------------------------- Captured stderr teardown ---------------------------
INFO:app.services.scheduler:\U0001f6d1 Tracky Scheduler stopped\nINFO:app.main:\u2705 Scheduler stopped\nINFO:app.main:\U0001f44b Shutting down...\nINFO:apscheduler.scheduler:Scheduler has been shut down
---------------------------- Captured log teardown ----------------------------
INFO     app.services.scheduler:scheduler.py:265 \U0001f6d1 Tracky Scheduler stopped\nINFO     app.main:main.py:83 \u2705 Scheduler stopped\nINFO     app.main:main.py:85 \U0001f44b Shutting down...\nINFO     apscheduler.scheduler:base.py:245 Scheduler has been shut down
_______________ TestProgramsEndpoints.test_get_program_success ________________
tests\test_data_routes.py:124: in test_get_program_success
    response = client.get(f"/api/data/programs/{program_id}")
               ^^^^^^^^^^^^^^^^^^^^^^^^^^^^^^^^^^^^^^^^^^^^^^
venv\Lib\site-packages\starlette\testclient.py:473: in get
    return super().get(
venv\Lib\site-packages\httpx\_client.py:1053: in get
    return self.request(
venv\Lib\site-packages\starlette\testclient.py:445: in request
    return super().request(
venv\Lib\site-packages\httpx\_client.py:825: in request
    return self.send(request, auth=auth, follow_redirects=follow_redirects)
           ^^^^^^^^^^^^^^^^^^^^^^^^^^^^^^^^^^^^^^^^^^^^^^^^^^^^^^^^^^^^^^^^
venv\Lib\site-packages\httpx\_client.py:914: in send
    response = self._send_handling_auth(
venv\Lib\site-packages\httpx\_client.py:942: in _send_handling_auth
    response = self._send_handling_redirects(
venv\Lib\site-packages\httpx\_client.py:979: in _send_handling_redirects
    response = self._send_single_request(request)
               ^^^^^^^^^^^^^^^^^^^^^^^^^^^^^^^^^^
venv\Lib\site-packages\httpx\_client.py:1014: in _send_single_request
    response = transport.handle_request(request)
               ^^^^^^^^^^^^^^^^^^^^^^^^^^^^^^^^^
venv\Lib\site-packages\starlette\testclient.py:348: in handle_request
    raise exc
venv\Lib\site-packages\starlette\testclient.py:345: in handle_request
    portal.call(self.app, scope, receive, send)
venv\Lib\site-packages\anyio\from_thread.py:326: in call
    return cast(T_Retval, self.start_task_soon(func, *args).result())
                          ^^^^^^^^^^^^^^^^^^^^^^^^^^^^^^^^^^^^^^^^^^
..\..\..\..\AppData\Local\Programs\Python\Python313\Lib\concurrent\futures\_base.py:456: in result
    return self.__get_result()
           ^^^^^^^^^^^^^^^^^^^
..\..\..\..\AppData\Local\Programs\Python\Python313\Lib\concurrent\futures\_base.py:401: in __get_result
    raise self._exception
venv\Lib\site-packages\anyio\from_thread.py:257: in _call_func
    retval = await retval_or_awaitable
             ^^^^^^^^^^^^^^^^^^^^^^^^^
venv\Lib\site-packages\fastapi\applications.py:1139: in __call__
    await super().__call__(scope, receive, send)
venv\Lib\site-packages\starlette\applications.py:107: in __call__
    await self.middleware_stack(scope, receive, send)
venv\Lib\site-packages\starlette\middleware\errors.py:186: in __call__
    raise exc
venv\Lib\site-packages\starlette\middleware\errors.py:164: in __call__
    await self.app(scope, receive, _send)
venv\Lib\site-packages\starlette\middleware\cors.py:85: in __call__
    await self.app(scope, receive, send)
venv\Lib\site-packages\starlette\middleware\exceptions.py:63: in __call__
    await wrap_app_handling_exceptions(self.app, conn)(scope, receive, send)
venv\Lib\site-packages\starlette\_exception_handler.py:53: in wrapped_app
    raise exc
venv\Lib\site-packages\starlette\_exception_handler.py:42: in wrapped_app
    await app(scope, receive, sender)
venv\Lib\site-packages\fastapi\middleware\asyncexitstack.py:18: in __call__
    await self.app(scope, receive, send)
venv\Lib\site-packages\starlette\routing.py:716: in __call__
    await self.middleware_stack(scope, receive, send)
venv\Lib\site-packages\starlette\routing.py:736: in app
    await route.handle(scope, receive, send)
venv\Lib\site-packages\starlette\routing.py:290: in handle
    await self.app(scope, receive, send)
venv\Lib\site-packages\fastapi\routing.py:120: in app
    await wrap_app_handling_exceptions(app, request)(scope, receive, send)
venv\Lib\site-packages\starlette\_exception_handler.py:53: in wrapped_app
    raise exc
venv\Lib\site-packages\starlette\_exception_handler.py:42: in wrapped_app
    await app(scope, receive, sender)
venv\Lib\site-packages\fastapi\routing.py:106: in app
    response = await f(request)
               ^^^^^^^^^^^^^^^^
venv\Lib\site-packages\fastapi\routing.py:430: in app
    raw_response = await run_endpoint_function(
venv\Lib\site-packages\fastapi\routing.py:316: in run_endpoint_function
    return await dependant.call(**values)
           ^^^^^^^^^^^^^^^^^^^^^^^^^^^^^^
app\api\routes\data_routes.py:104: in get_program
    response = db.client.table("programs").select("*").eq("id", program_id).execute()
               ^^^^^^^^^
E   AttributeError: 'MockSupabaseClient' object has no attribute 'client'
---------------------------- Captured stderr setup ----------------------------
INFO:app.main:\U0001f680 Starting Tracky PM v0.1.0\nINFO:app.main:Debug mode: True\nINFO:app.main:Email enabled: True\nINFO:app.main:Scheduler enabled: True\nINFO:app.main:Run scheduler (this instance): True\nINFO:apscheduler.scheduler:Adding job tentatively -- it will be properly scheduled when the scheduler starts\nINFO:apscheduler.scheduler:Adding job tentatively -- it will be properly scheduled when the scheduler starts\nINFO:apscheduler.scheduler:Adding job tentatively -- it will be properly scheduled when the scheduler starts\nINFO:apscheduler.scheduler:Adding job tentatively -- it will be properly scheduled when the scheduler starts\nINFO:apscheduler.scheduler:Adding job tentatively -- it will be properly scheduled when the scheduler starts\nINFO:apscheduler.scheduler:Added job "Daily Status Check Scan" to job store "default"\nINFO:apscheduler.scheduler:Added job "Escalation Timeout Checker" to job store "default"\nINFO:apscheduler.scheduler:Added job "Alert Queue Processor" to job store "default"\nINFO:apscheduler.scheduler:Added job "Stale Alert Cleanup" to job store "default"\nINFO:apscheduler.scheduler:Added job "Reminder Sender" to job store "default"\nINFO:apscheduler.scheduler:Scheduler started\nINFO:app.services.scheduler:\U0001f680 Tracky Scheduler started successfully\nINFO:app.services.scheduler:  - Alert Queue Processor: Next run at 2025-12-08 19:26:37.574071+05:30\nINFO:app.services.scheduler:  - Reminder Sender: Next run at 2025-12-08 14:00:00+00:00\nINFO:app.services.scheduler:  - Escalation Timeout Checker: Next run at 2025-12-08 19:51:37.574047+05:30\nINFO:app.services.scheduler:  - Stale Alert Cleanup: Next run at 2025-12-09 02:00:00+00:00\nINFO:app.services.scheduler:  - Daily Status Check Scan: Next run at 2025-12-09 05:00:00+00:00\nINFO:app.main:\u2705 Background scheduler started
----------------------------- Captured log setup ------------------------------
INFO     app.main:main.py:53 \U0001f680 Starting Tracky PM v0.1.0\nINFO     app.main:main.py:54 Debug mode: True\nINFO     app.main:main.py:55 Email enabled: True\nINFO     app.main:main.py:56 Scheduler enabled: True\nINFO     app.main:main.py:57 Run scheduler (this instance): True\nINFO     apscheduler.scheduler:base.py:507 Adding job tentatively -- it will be properly scheduled when the scheduler starts\nINFO     apscheduler.scheduler:base.py:507 Adding job tentatively -- it will be properly scheduled when the scheduler starts\nINFO     apscheduler.scheduler:base.py:507 Adding job tentatively -- it will be properly scheduled when the scheduler starts\nINFO     apscheduler.scheduler:base.py:507 Adding job tentatively -- it will be properly scheduled when the scheduler starts\nINFO     apscheduler.scheduler:base.py:507 Adding job tentatively -- it will be properly scheduled when the scheduler starts\nINFO     apscheduler.scheduler:base.py:1090 Added job "Daily Status Check Scan" to job store "default"\nINFO     apscheduler.scheduler:base.py:1090 Added job "Escalation Timeout Checker" to job store "default"\nINFO     apscheduler.scheduler:base.py:1090 Added job "Alert Queue Processor" to job store "default"\nINFO     apscheduler.scheduler:base.py:1090 Added job "Stale Alert Cleanup" to job store "default"\nINFO     apscheduler.scheduler:base.py:1090 Added job "Reminder Sender" to job store "default"\nINFO     apscheduler.scheduler:base.py:214 Scheduler started\nINFO     app.services.scheduler:scheduler.py:254 \U0001f680 Tracky Scheduler started successfully\nINFO     app.services.scheduler:scheduler.py:258   - Alert Queue Processor: Next run at 2025-12-08 19:26:37.574071+05:30\nINFO     app.services.scheduler:scheduler.py:258   - Reminder Sender: Next run at 2025-12-08 14:00:00+00:00\nINFO     app.services.scheduler:scheduler.py:258   - Escalation Timeout Checker: Next run at 2025-12-08 19:51:37.574047+05:30\nINFO     app.services.scheduler:scheduler.py:258   - Stale Alert Cleanup: Next run at 2025-12-09 02:00:00+00:00\nINFO     app.services.scheduler:scheduler.py:258   - Daily Status Check Scan: Next run at 2025-12-09 05:00:00+00:00\nINFO     app.main:main.py:72 \u2705 Background scheduler started
-------------------------- Captured stderr teardown ---------------------------
INFO:app.services.scheduler:\U0001f6d1 Tracky Scheduler stopped\nINFO:app.main:\u2705 Scheduler stopped\nINFO:app.main:\U0001f44b Shutting down...\nINFO:apscheduler.scheduler:Scheduler has been shut down
---------------------------- Captured log teardown ----------------------------
INFO     app.services.scheduler:scheduler.py:265 \U0001f6d1 Tracky Scheduler stopped\nINFO     app.main:main.py:83 \u2705 Scheduler stopped\nINFO     app.main:main.py:85 \U0001f44b Shutting down...\nINFO     apscheduler.scheduler:base.py:245 Scheduler has been shut down
______________ TestProgramsEndpoints.test_get_program_not_found _______________
tests\test_data_routes.py:136: in test_get_program_not_found
    response = client.get(f"/api/data/programs/{fake_id}")
               ^^^^^^^^^^^^^^^^^^^^^^^^^^^^^^^^^^^^^^^^^^^
venv\Lib\site-packages\starlette\testclient.py:473: in get
    return super().get(
venv\Lib\site-packages\httpx\_client.py:1053: in get
    return self.request(
venv\Lib\site-packages\starlette\testclient.py:445: in request
    return super().request(
venv\Lib\site-packages\httpx\_client.py:825: in request
    return self.send(request, auth=auth, follow_redirects=follow_redirects)
           ^^^^^^^^^^^^^^^^^^^^^^^^^^^^^^^^^^^^^^^^^^^^^^^^^^^^^^^^^^^^^^^^
venv\Lib\site-packages\httpx\_client.py:914: in send
    response = self._send_handling_auth(
venv\Lib\site-packages\httpx\_client.py:942: in _send_handling_auth
    response = self._send_handling_redirects(
venv\Lib\site-packages\httpx\_client.py:979: in _send_handling_redirects
    response = self._send_single_request(request)
               ^^^^^^^^^^^^^^^^^^^^^^^^^^^^^^^^^^
venv\Lib\site-packages\httpx\_client.py:1014: in _send_single_request
    response = transport.handle_request(request)
               ^^^^^^^^^^^^^^^^^^^^^^^^^^^^^^^^^
venv\Lib\site-packages\starlette\testclient.py:348: in handle_request
    raise exc
venv\Lib\site-packages\starlette\testclient.py:345: in handle_request
    portal.call(self.app, scope, receive, send)
venv\Lib\site-packages\anyio\from_thread.py:326: in call
    return cast(T_Retval, self.start_task_soon(func, *args).result())
                          ^^^^^^^^^^^^^^^^^^^^^^^^^^^^^^^^^^^^^^^^^^
..\..\..\..\AppData\Local\Programs\Python\Python313\Lib\concurrent\futures\_base.py:456: in result
    return self.__get_result()
           ^^^^^^^^^^^^^^^^^^^
..\..\..\..\AppData\Local\Programs\Python\Python313\Lib\concurrent\futures\_base.py:401: in __get_result
    raise self._exception
venv\Lib\site-packages\anyio\from_thread.py:257: in _call_func
    retval = await retval_or_awaitable
             ^^^^^^^^^^^^^^^^^^^^^^^^^
venv\Lib\site-packages\fastapi\applications.py:1139: in __call__
    await super().__call__(scope, receive, send)
venv\Lib\site-packages\starlette\applications.py:107: in __call__
    await self.middleware_stack(scope, receive, send)
venv\Lib\site-packages\starlette\middleware\errors.py:186: in __call__
    raise exc
venv\Lib\site-packages\starlette\middleware\errors.py:164: in __call__
    await self.app(scope, receive, _send)
venv\Lib\site-packages\starlette\middleware\cors.py:85: in __call__
    await self.app(scope, receive, send)
venv\Lib\site-packages\starlette\middleware\exceptions.py:63: in __call__
    await wrap_app_handling_exceptions(self.app, conn)(scope, receive, send)
venv\Lib\site-packages\starlette\_exception_handler.py:53: in wrapped_app
    raise exc
venv\Lib\site-packages\starlette\_exception_handler.py:42: in wrapped_app
    await app(scope, receive, sender)
venv\Lib\site-packages\fastapi\middleware\asyncexitstack.py:18: in __call__
    await self.app(scope, receive, send)
venv\Lib\site-packages\starlette\routing.py:716: in __call__
    await self.middleware_stack(scope, receive, send)
venv\Lib\site-packages\starlette\routing.py:736: in app
    await route.handle(scope, receive, send)
venv\Lib\site-packages\starlette\routing.py:290: in handle
    await self.app(scope, receive, send)
venv\Lib\site-packages\fastapi\routing.py:120: in app
    await wrap_app_handling_exceptions(app, request)(scope, receive, send)
venv\Lib\site-packages\starlette\_exception_handler.py:53: in wrapped_app
    raise exc
venv\Lib\site-packages\starlette\_exception_handler.py:42: in wrapped_app
    await app(scope, receive, sender)
venv\Lib\site-packages\fastapi\routing.py:106: in app
    response = await f(request)
               ^^^^^^^^^^^^^^^^
venv\Lib\site-packages\fastapi\routing.py:430: in app
    raw_response = await run_endpoint_function(
venv\Lib\site-packages\fastapi\routing.py:316: in run_endpoint_function
    return await dependant.call(**values)
           ^^^^^^^^^^^^^^^^^^^^^^^^^^^^^^
app\api\routes\data_routes.py:104: in get_program
    response = db.client.table("programs").select("*").eq("id", program_id).execute()
               ^^^^^^^^^
E   AttributeError: 'MockSupabaseClient' object has no attribute 'client'
---------------------------- Captured stderr setup ----------------------------
INFO:app.main:\U0001f680 Starting Tracky PM v0.1.0\nINFO:app.main:Debug mode: True\nINFO:app.main:Email enabled: True\nINFO:app.main:Scheduler enabled: True\nINFO:app.main:Run scheduler (this instance): True\nINFO:apscheduler.scheduler:Adding job tentatively -- it will be properly scheduled when the scheduler starts\nINFO:apscheduler.scheduler:Adding job tentatively -- it will be properly scheduled when the scheduler starts\nINFO:apscheduler.scheduler:Adding job tentatively -- it will be properly scheduled when the scheduler starts\nINFO:apscheduler.scheduler:Adding job tentatively -- it will be properly scheduled when the scheduler starts\nINFO:apscheduler.scheduler:Adding job tentatively -- it will be properly scheduled when the scheduler starts\nINFO:apscheduler.scheduler:Added job "Daily Status Check Scan" to job store "default"\nINFO:apscheduler.scheduler:Added job "Escalation Timeout Checker" to job store "default"\nINFO:apscheduler.scheduler:Added job "Alert Queue Processor" to job store "default"\nINFO:apscheduler.scheduler:Added job "Stale Alert Cleanup" to job store "default"\nINFO:apscheduler.scheduler:Added job "Reminder Sender" to job store "default"\nINFO:apscheduler.scheduler:Scheduler started\nINFO:app.services.scheduler:\U0001f680 Tracky Scheduler started successfully\nINFO:app.services.scheduler:  - Alert Queue Processor: Next run at 2025-12-08 19:26:37.574071+05:30\nINFO:app.services.scheduler:  - Reminder Sender: Next run at 2025-12-08 14:00:00+00:00\nINFO:app.services.scheduler:  - Escalation Timeout Checker: Next run at 2025-12-08 19:51:37.574047+05:30\nINFO:app.services.scheduler:  - Stale Alert Cleanup: Next run at 2025-12-09 02:00:00+00:00\nINFO:app.services.scheduler:  - Daily Status Check Scan: Next run at 2025-12-09 05:00:00+00:00\nINFO:app.main:\u2705 Background scheduler started
----------------------------- Captured log setup ------------------------------
INFO     app.main:main.py:53 \U0001f680 Starting Tracky PM v0.1.0\nINFO     app.main:main.py:54 Debug mode: True\nINFO     app.main:main.py:55 Email enabled: True\nINFO     app.main:main.py:56 Scheduler enabled: True\nINFO     app.main:main.py:57 Run scheduler (this instance): True\nINFO     apscheduler.scheduler:base.py:507 Adding job tentatively -- it will be properly scheduled when the scheduler starts\nINFO     apscheduler.scheduler:base.py:507 Adding job tentatively -- it will be properly scheduled when the scheduler starts\nINFO     apscheduler.scheduler:base.py:507 Adding job tentatively -- it will be properly scheduled when the scheduler starts\nINFO     apscheduler.scheduler:base.py:507 Adding job tentatively -- it will be properly scheduled when the scheduler starts\nINFO     apscheduler.scheduler:base.py:507 Adding job tentatively -- it will be properly scheduled when the scheduler starts\nINFO     apscheduler.scheduler:base.py:1090 Added job "Daily Status Check Scan" to job store "default"\nINFO     apscheduler.scheduler:base.py:1090 Added job "Escalation Timeout Checker" to job store "default"\nINFO     apscheduler.scheduler:base.py:1090 Added job "Alert Queue Processor" to job store "default"\nINFO     apscheduler.scheduler:base.py:1090 Added job "Stale Alert Cleanup" to job store "default"\nINFO     apscheduler.scheduler:base.py:1090 Added job "Reminder Sender" to job store "default"\nINFO     apscheduler.scheduler:base.py:214 Scheduler started\nINFO     app.services.scheduler:scheduler.py:254 \U0001f680 Tracky Scheduler started successfully\nINFO     app.services.scheduler:scheduler.py:258   - Alert Queue Processor: Next run at 2025-12-08 19:26:37.574071+05:30\nINFO     app.services.scheduler:scheduler.py:258   - Reminder Sender: Next run at 2025-12-08 14:00:00+00:00\nINFO     app.services.scheduler:scheduler.py:258   - Escalation Timeout Checker: Next run at 2025-12-08 19:51:37.574047+05:30\nINFO     app.services.scheduler:scheduler.py:258   - Stale Alert Cleanup: Next run at 2025-12-09 02:00:00+00:00\nINFO     app.services.scheduler:scheduler.py:258   - Daily Status Check Scan: Next run at 2025-12-09 05:00:00+00:00\nINFO     app.main:main.py:72 \u2705 Background scheduler started
-------------------------- Captured stderr teardown ---------------------------
INFO:app.services.scheduler:\U0001f6d1 Tracky Scheduler stopped\nINFO:app.main:\u2705 Scheduler stopped\nINFO:app.main:\U0001f44b Shutting down...\nINFO:apscheduler.scheduler:Scheduler has been shut down
---------------------------- Captured log teardown ----------------------------
INFO     app.services.scheduler:scheduler.py:265 \U0001f6d1 Tracky Scheduler stopped\nINFO     app.main:main.py:83 \u2705 Scheduler stopped\nINFO     app.main:main.py:85 \U0001f44b Shutting down...\nINFO     apscheduler.scheduler:base.py:245 Scheduler has been shut down
______________ TestWorkItemsEndpoints.test_list_work_items_empty ______________
tests\test_data_routes.py:151: in test_list_work_items_empty
    response = client.get("/api/data/work-items")
               ^^^^^^^^^^^^^^^^^^^^^^^^^^^^^^^^^^
venv\Lib\site-packages\starlette\testclient.py:473: in get
    return super().get(
venv\Lib\site-packages\httpx\_client.py:1053: in get
    return self.request(
venv\Lib\site-packages\starlette\testclient.py:445: in request
    return super().request(
venv\Lib\site-packages\httpx\_client.py:825: in request
    return self.send(request, auth=auth, follow_redirects=follow_redirects)
           ^^^^^^^^^^^^^^^^^^^^^^^^^^^^^^^^^^^^^^^^^^^^^^^^^^^^^^^^^^^^^^^^
venv\Lib\site-packages\httpx\_client.py:914: in send
    response = self._send_handling_auth(
venv\Lib\site-packages\httpx\_client.py:942: in _send_handling_auth
    response = self._send_handling_redirects(
venv\Lib\site-packages\httpx\_client.py:979: in _send_handling_redirects
    response = self._send_single_request(request)
               ^^^^^^^^^^^^^^^^^^^^^^^^^^^^^^^^^^
venv\Lib\site-packages\httpx\_client.py:1014: in _send_single_request
    response = transport.handle_request(request)
               ^^^^^^^^^^^^^^^^^^^^^^^^^^^^^^^^^
venv\Lib\site-packages\starlette\testclient.py:348: in handle_request
    raise exc
venv\Lib\site-packages\starlette\testclient.py:345: in handle_request
    portal.call(self.app, scope, receive, send)
venv\Lib\site-packages\anyio\from_thread.py:326: in call
    return cast(T_Retval, self.start_task_soon(func, *args).result())
                          ^^^^^^^^^^^^^^^^^^^^^^^^^^^^^^^^^^^^^^^^^^
..\..\..\..\AppData\Local\Programs\Python\Python313\Lib\concurrent\futures\_base.py:456: in result
    return self.__get_result()
           ^^^^^^^^^^^^^^^^^^^
..\..\..\..\AppData\Local\Programs\Python\Python313\Lib\concurrent\futures\_base.py:401: in __get_result
    raise self._exception
venv\Lib\site-packages\anyio\from_thread.py:257: in _call_func
    retval = await retval_or_awaitable
             ^^^^^^^^^^^^^^^^^^^^^^^^^
venv\Lib\site-packages\fastapi\applications.py:1139: in __call__
    await super().__call__(scope, receive, send)
venv\Lib\site-packages\starlette\applications.py:107: in __call__
    await self.middleware_stack(scope, receive, send)
venv\Lib\site-packages\starlette\middleware\errors.py:186: in __call__
    raise exc
venv\Lib\site-packages\starlette\middleware\errors.py:164: in __call__
    await self.app(scope, receive, _send)
venv\Lib\site-packages\starlette\middleware\cors.py:85: in __call__
    await self.app(scope, receive, send)
venv\Lib\site-packages\starlette\middleware\exceptions.py:63: in __call__
    await wrap_app_handling_exceptions(self.app, conn)(scope, receive, send)
venv\Lib\site-packages\starlette\_exception_handler.py:53: in wrapped_app
    raise exc
venv\Lib\site-packages\starlette\_exception_handler.py:42: in wrapped_app
    await app(scope, receive, sender)
venv\Lib\site-packages\fastapi\middleware\asyncexitstack.py:18: in __call__
    await self.app(scope, receive, send)
venv\Lib\site-packages\starlette\routing.py:716: in __call__
    await self.middleware_stack(scope, receive, send)
venv\Lib\site-packages\starlette\routing.py:736: in app
    await route.handle(scope, receive, send)
venv\Lib\site-packages\starlette\routing.py:290: in handle
    await self.app(scope, receive, send)
venv\Lib\site-packages\fastapi\routing.py:120: in app
    await wrap_app_handling_exceptions(app, request)(scope, receive, send)
venv\Lib\site-packages\starlette\_exception_handler.py:53: in wrapped_app
    raise exc
venv\Lib\site-packages\starlette\_exception_handler.py:42: in wrapped_app
    await app(scope, receive, sender)
venv\Lib\site-packages\fastapi\routing.py:106: in app
    response = await f(request)
               ^^^^^^^^^^^^^^^^
venv\Lib\site-packages\fastapi\routing.py:430: in app
    raw_response = await run_endpoint_function(
venv\Lib\site-packages\fastapi\routing.py:316: in run_endpoint_function
    return await dependant.call(**values)
           ^^^^^^^^^^^^^^^^^^^^^^^^^^^^^^
app\api\routes\data_routes.py:141: in list_work_items
    query = db.client.table("work_items").select(
            ^^^^^^^^^
E   AttributeError: 'MockSupabaseClient' object has no attribute 'client'
---------------------------- Captured stderr setup ----------------------------
INFO:app.main:\U0001f680 Starting Tracky PM v0.1.0\nINFO:app.main:Debug mode: True\nINFO:app.main:Email enabled: True\nINFO:app.main:Scheduler enabled: True\nINFO:app.main:Run scheduler (this instance): True\nINFO:apscheduler.scheduler:Adding job tentatively -- it will be properly scheduled when the scheduler starts\nINFO:apscheduler.scheduler:Adding job tentatively -- it will be properly scheduled when the scheduler starts\nINFO:apscheduler.scheduler:Adding job tentatively -- it will be properly scheduled when the scheduler starts\nINFO:apscheduler.scheduler:Adding job tentatively -- it will be properly scheduled when the scheduler starts\nINFO:apscheduler.scheduler:Adding job tentatively -- it will be properly scheduled when the scheduler starts\nINFO:apscheduler.scheduler:Added job "Daily Status Check Scan" to job store "default"\nINFO:apscheduler.scheduler:Added job "Escalation Timeout Checker" to job store "default"\nINFO:apscheduler.scheduler:Added job "Alert Queue Processor" to job store "default"\nINFO:apscheduler.scheduler:Added job "Stale Alert Cleanup" to job store "default"\nINFO:apscheduler.scheduler:Added job "Reminder Sender" to job store "default"\nINFO:apscheduler.scheduler:Scheduler started\nINFO:app.services.scheduler:\U0001f680 Tracky Scheduler started successfully\nINFO:app.services.scheduler:  - Alert Queue Processor: Next run at 2025-12-08 19:26:37.574071+05:30\nINFO:app.services.scheduler:  - Reminder Sender: Next run at 2025-12-08 14:00:00+00:00\nINFO:app.services.scheduler:  - Escalation Timeout Checker: Next run at 2025-12-08 19:51:37.574047+05:30\nINFO:app.services.scheduler:  - Stale Alert Cleanup: Next run at 2025-12-09 02:00:00+00:00\nINFO:app.services.scheduler:  - Daily Status Check Scan: Next run at 2025-12-09 05:00:00+00:00\nINFO:app.main:\u2705 Background scheduler started
----------------------------- Captured log setup ------------------------------
INFO     app.main:main.py:53 \U0001f680 Starting Tracky PM v0.1.0\nINFO     app.main:main.py:54 Debug mode: True\nINFO     app.main:main.py:55 Email enabled: True\nINFO     app.main:main.py:56 Scheduler enabled: True\nINFO     app.main:main.py:57 Run scheduler (this instance): True\nINFO     apscheduler.scheduler:base.py:507 Adding job tentatively -- it will be properly scheduled when the scheduler starts\nINFO     apscheduler.scheduler:base.py:507 Adding job tentatively -- it will be properly scheduled when the scheduler starts\nINFO     apscheduler.scheduler:base.py:507 Adding job tentatively -- it will be properly scheduled when the scheduler starts\nINFO     apscheduler.scheduler:base.py:507 Adding job tentatively -- it will be properly scheduled when the scheduler starts\nINFO     apscheduler.scheduler:base.py:507 Adding job tentatively -- it will be properly scheduled when the scheduler starts\nINFO     apscheduler.scheduler:base.py:1090 Added job "Daily Status Check Scan" to job store "default"\nINFO     apscheduler.scheduler:base.py:1090 Added job "Escalation Timeout Checker" to job store "default"\nINFO     apscheduler.scheduler:base.py:1090 Added job "Alert Queue Processor" to job store "default"\nINFO     apscheduler.scheduler:base.py:1090 Added job "Stale Alert Cleanup" to job store "default"\nINFO     apscheduler.scheduler:base.py:1090 Added job "Reminder Sender" to job store "default"\nINFO     apscheduler.scheduler:base.py:214 Scheduler started\nINFO     app.services.scheduler:scheduler.py:254 \U0001f680 Tracky Scheduler started successfully\nINFO     app.services.scheduler:scheduler.py:258   - Alert Queue Processor: Next run at 2025-12-08 19:26:37.574071+05:30\nINFO     app.services.scheduler:scheduler.py:258   - Reminder Sender: Next run at 2025-12-08 14:00:00+00:00\nINFO     app.services.scheduler:scheduler.py:258   - Escalation Timeout Checker: Next run at 2025-12-08 19:51:37.574047+05:30\nINFO     app.services.scheduler:scheduler.py:258   - Stale Alert Cleanup: Next run at 2025-12-09 02:00:00+00:00\nINFO     app.services.scheduler:scheduler.py:258   - Daily Status Check Scan: Next run at 2025-12-09 05:00:00+00:00\nINFO     app.main:main.py:72 \u2705 Background scheduler started
-------------------------- Captured stderr teardown ---------------------------
INFO:app.services.scheduler:\U0001f6d1 Tracky Scheduler stopped\nINFO:app.main:\u2705 Scheduler stopped\nINFO:app.main:\U0001f44b Shutting down...\nINFO:apscheduler.scheduler:Scheduler has been shut down
---------------------------- Captured log teardown ----------------------------
INFO     app.services.scheduler:scheduler.py:265 \U0001f6d1 Tracky Scheduler stopped\nINFO     app.main:main.py:83 \u2705 Scheduler stopped\nINFO     app.main:main.py:85 \U0001f44b Shutting down...\nINFO     apscheduler.scheduler:base.py:245 Scheduler has been shut down
____________ TestWorkItemsEndpoints.test_list_work_items_with_data ____________
tests\test_data_routes.py:163: in test_list_work_items_with_data
    response = client.get("/api/data/work-items")
               ^^^^^^^^^^^^^^^^^^^^^^^^^^^^^^^^^^
venv\Lib\site-packages\starlette\testclient.py:473: in get
    return super().get(
venv\Lib\site-packages\httpx\_client.py:1053: in get
    return self.request(
venv\Lib\site-packages\starlette\testclient.py:445: in request
    return super().request(
venv\Lib\site-packages\httpx\_client.py:825: in request
    return self.send(request, auth=auth, follow_redirects=follow_redirects)
           ^^^^^^^^^^^^^^^^^^^^^^^^^^^^^^^^^^^^^^^^^^^^^^^^^^^^^^^^^^^^^^^^
venv\Lib\site-packages\httpx\_client.py:914: in send
    response = self._send_handling_auth(
venv\Lib\site-packages\httpx\_client.py:942: in _send_handling_auth
    response = self._send_handling_redirects(
venv\Lib\site-packages\httpx\_client.py:979: in _send_handling_redirects
    response = self._send_single_request(request)
               ^^^^^^^^^^^^^^^^^^^^^^^^^^^^^^^^^^
venv\Lib\site-packages\httpx\_client.py:1014: in _send_single_request
    response = transport.handle_request(request)
               ^^^^^^^^^^^^^^^^^^^^^^^^^^^^^^^^^
venv\Lib\site-packages\starlette\testclient.py:348: in handle_request
    raise exc
venv\Lib\site-packages\starlette\testclient.py:345: in handle_request
    portal.call(self.app, scope, receive, send)
venv\Lib\site-packages\anyio\from_thread.py:326: in call
    return cast(T_Retval, self.start_task_soon(func, *args).result())
                          ^^^^^^^^^^^^^^^^^^^^^^^^^^^^^^^^^^^^^^^^^^
..\..\..\..\AppData\Local\Programs\Python\Python313\Lib\concurrent\futures\_base.py:456: in result
    return self.__get_result()
           ^^^^^^^^^^^^^^^^^^^
..\..\..\..\AppData\Local\Programs\Python\Python313\Lib\concurrent\futures\_base.py:401: in __get_result
    raise self._exception
venv\Lib\site-packages\anyio\from_thread.py:257: in _call_func
    retval = await retval_or_awaitable
             ^^^^^^^^^^^^^^^^^^^^^^^^^
venv\Lib\site-packages\fastapi\applications.py:1139: in __call__
    await super().__call__(scope, receive, send)
venv\Lib\site-packages\starlette\applications.py:107: in __call__
    await self.middleware_stack(scope, receive, send)
venv\Lib\site-packages\starlette\middleware\errors.py:186: in __call__
    raise exc
venv\Lib\site-packages\starlette\middleware\errors.py:164: in __call__
    await self.app(scope, receive, _send)
venv\Lib\site-packages\starlette\middleware\cors.py:85: in __call__
    await self.app(scope, receive, send)
venv\Lib\site-packages\starlette\middleware\exceptions.py:63: in __call__
    await wrap_app_handling_exceptions(self.app, conn)(scope, receive, send)
venv\Lib\site-packages\starlette\_exception_handler.py:53: in wrapped_app
    raise exc
venv\Lib\site-packages\starlette\_exception_handler.py:42: in wrapped_app
    await app(scope, receive, sender)
venv\Lib\site-packages\fastapi\middleware\asyncexitstack.py:18: in __call__
    await self.app(scope, receive, send)
venv\Lib\site-packages\starlette\routing.py:716: in __call__
    await self.middleware_stack(scope, receive, send)
venv\Lib\site-packages\starlette\routing.py:736: in app
    await route.handle(scope, receive, send)
venv\Lib\site-packages\starlette\routing.py:290: in handle
    await self.app(scope, receive, send)
venv\Lib\site-packages\fastapi\routing.py:120: in app
    await wrap_app_handling_exceptions(app, request)(scope, receive, send)
venv\Lib\site-packages\starlette\_exception_handler.py:53: in wrapped_app
    raise exc
venv\Lib\site-packages\starlette\_exception_handler.py:42: in wrapped_app
    await app(scope, receive, sender)
venv\Lib\site-packages\fastapi\routing.py:106: in app
    response = await f(request)
               ^^^^^^^^^^^^^^^^
venv\Lib\site-packages\fastapi\routing.py:430: in app
    raw_response = await run_endpoint_function(
venv\Lib\site-packages\fastapi\routing.py:316: in run_endpoint_function
    return await dependant.call(**values)
           ^^^^^^^^^^^^^^^^^^^^^^^^^^^^^^
app\api\routes\data_routes.py:141: in list_work_items
    query = db.client.table("work_items").select(
            ^^^^^^^^^
E   AttributeError: 'MockSupabaseClient' object has no attribute 'client'
---------------------------- Captured stderr setup ----------------------------
INFO:app.main:\U0001f680 Starting Tracky PM v0.1.0\nINFO:app.main:Debug mode: True\nINFO:app.main:Email enabled: True\nINFO:app.main:Scheduler enabled: True\nINFO:app.main:Run scheduler (this instance): True\nINFO:apscheduler.scheduler:Adding job tentatively -- it will be properly scheduled when the scheduler starts\nINFO:apscheduler.scheduler:Adding job tentatively -- it will be properly scheduled when the scheduler starts\nINFO:apscheduler.scheduler:Adding job tentatively -- it will be properly scheduled when the scheduler starts\nINFO:apscheduler.scheduler:Adding job tentatively -- it will be properly scheduled when the scheduler starts\nINFO:apscheduler.scheduler:Adding job tentatively -- it will be properly scheduled when the scheduler starts\nINFO:apscheduler.scheduler:Added job "Daily Status Check Scan" to job store "default"\nINFO:apscheduler.scheduler:Added job "Escalation Timeout Checker" to job store "default"\nINFO:apscheduler.scheduler:Added job "Alert Queue Processor" to job store "default"\nINFO:apscheduler.scheduler:Added job "Stale Alert Cleanup" to job store "default"\nINFO:apscheduler.scheduler:Added job "Reminder Sender" to job store "default"\nINFO:apscheduler.scheduler:Scheduler started\nINFO:app.services.scheduler:\U0001f680 Tracky Scheduler started successfully\nINFO:app.services.scheduler:  - Alert Queue Processor: Next run at 2025-12-08 19:26:37.574071+05:30\nINFO:app.services.scheduler:  - Reminder Sender: Next run at 2025-12-08 14:00:00+00:00\nINFO:app.services.scheduler:  - Escalation Timeout Checker: Next run at 2025-12-08 19:51:37.574047+05:30\nINFO:app.services.scheduler:  - Stale Alert Cleanup: Next run at 2025-12-09 02:00:00+00:00\nINFO:app.services.scheduler:  - Daily Status Check Scan: Next run at 2025-12-09 05:00:00+00:00\nINFO:app.main:\u2705 Background scheduler started
----------------------------- Captured log setup ------------------------------
INFO     app.main:main.py:53 \U0001f680 Starting Tracky PM v0.1.0\nINFO     app.main:main.py:54 Debug mode: True\nINFO     app.main:main.py:55 Email enabled: True\nINFO     app.main:main.py:56 Scheduler enabled: True\nINFO     app.main:main.py:57 Run scheduler (this instance): True\nINFO     apscheduler.scheduler:base.py:507 Adding job tentatively -- it will be properly scheduled when the scheduler starts\nINFO     apscheduler.scheduler:base.py:507 Adding job tentatively -- it will be properly scheduled when the scheduler starts\nINFO     apscheduler.scheduler:base.py:507 Adding job tentatively -- it will be properly scheduled when the scheduler starts\nINFO     apscheduler.scheduler:base.py:507 Adding job tentatively -- it will be properly scheduled when the scheduler starts\nINFO     apscheduler.scheduler:base.py:507 Adding job tentatively -- it will be properly scheduled when the scheduler starts\nINFO     apscheduler.scheduler:base.py:1090 Added job "Daily Status Check Scan" to job store "default"\nINFO     apscheduler.scheduler:base.py:1090 Added job "Escalation Timeout Checker" to job store "default"\nINFO     apscheduler.scheduler:base.py:1090 Added job "Alert Queue Processor" to job store "default"\nINFO     apscheduler.scheduler:base.py:1090 Added job "Stale Alert Cleanup" to job store "default"\nINFO     apscheduler.scheduler:base.py:1090 Added job "Reminder Sender" to job store "default"\nINFO     apscheduler.scheduler:base.py:214 Scheduler started\nINFO     app.services.scheduler:scheduler.py:254 \U0001f680 Tracky Scheduler started successfully\nINFO     app.services.scheduler:scheduler.py:258   - Alert Queue Processor: Next run at 2025-12-08 19:26:37.574071+05:30\nINFO     app.services.scheduler:scheduler.py:258   - Reminder Sender: Next run at 2025-12-08 14:00:00+00:00\nINFO     app.services.scheduler:scheduler.py:258   - Escalation Timeout Checker: Next run at 2025-12-08 19:51:37.574047+05:30\nINFO     app.services.scheduler:scheduler.py:258   - Stale Alert Cleanup: Next run at 2025-12-09 02:00:00+00:00\nINFO     app.services.scheduler:scheduler.py:258   - Daily Status Check Scan: Next run at 2025-12-09 05:00:00+00:00\nINFO     app.main:main.py:72 \u2705 Background scheduler started
-------------------------- Captured stderr teardown ---------------------------
INFO:app.services.scheduler:\U0001f6d1 Tracky Scheduler stopped\nINFO:app.main:\u2705 Scheduler stopped\nINFO:app.main:\U0001f44b Shutting down...\nINFO:apscheduler.scheduler:Scheduler has been shut down
---------------------------- Captured log teardown ----------------------------
INFO     app.services.scheduler:scheduler.py:265 \U0001f6d1 Tracky Scheduler stopped\nINFO     app.main:main.py:83 \u2705 Scheduler stopped\nINFO     app.main:main.py:85 \U0001f44b Shutting down...\nINFO     apscheduler.scheduler:base.py:245 Scheduler has been shut down
________ TestWorkItemsEndpoints.test_list_work_items_filter_by_program ________
tests\test_data_routes.py:175: in test_list_work_items_filter_by_program
    response = client.get(f"/api/data/work-items?program_id={program_id}")
               ^^^^^^^^^^^^^^^^^^^^^^^^^^^^^^^^^^^^^^^^^^^^^^^^^^^^^^^^^^^
venv\Lib\site-packages\starlette\testclient.py:473: in get
    return super().get(
venv\Lib\site-packages\httpx\_client.py:1053: in get
    return self.request(
venv\Lib\site-packages\starlette\testclient.py:445: in request
    return super().request(
venv\Lib\site-packages\httpx\_client.py:825: in request
    return self.send(request, auth=auth, follow_redirects=follow_redirects)
           ^^^^^^^^^^^^^^^^^^^^^^^^^^^^^^^^^^^^^^^^^^^^^^^^^^^^^^^^^^^^^^^^
venv\Lib\site-packages\httpx\_client.py:914: in send
    response = self._send_handling_auth(
venv\Lib\site-packages\httpx\_client.py:942: in _send_handling_auth
    response = self._send_handling_redirects(
venv\Lib\site-packages\httpx\_client.py:979: in _send_handling_redirects
    response = self._send_single_request(request)
               ^^^^^^^^^^^^^^^^^^^^^^^^^^^^^^^^^^
venv\Lib\site-packages\httpx\_client.py:1014: in _send_single_request
    response = transport.handle_request(request)
               ^^^^^^^^^^^^^^^^^^^^^^^^^^^^^^^^^
venv\Lib\site-packages\starlette\testclient.py:348: in handle_request
    raise exc
venv\Lib\site-packages\starlette\testclient.py:345: in handle_request
    portal.call(self.app, scope, receive, send)
venv\Lib\site-packages\anyio\from_thread.py:326: in call
    return cast(T_Retval, self.start_task_soon(func, *args).result())
                          ^^^^^^^^^^^^^^^^^^^^^^^^^^^^^^^^^^^^^^^^^^
..\..\..\..\AppData\Local\Programs\Python\Python313\Lib\concurrent\futures\_base.py:456: in result
    return self.__get_result()
           ^^^^^^^^^^^^^^^^^^^
..\..\..\..\AppData\Local\Programs\Python\Python313\Lib\concurrent\futures\_base.py:401: in __get_result
    raise self._exception
venv\Lib\site-packages\anyio\from_thread.py:257: in _call_func
    retval = await retval_or_awaitable
             ^^^^^^^^^^^^^^^^^^^^^^^^^
venv\Lib\site-packages\fastapi\applications.py:1139: in __call__
    await super().__call__(scope, receive, send)
venv\Lib\site-packages\starlette\applications.py:107: in __call__
    await self.middleware_stack(scope, receive, send)
venv\Lib\site-packages\starlette\middleware\errors.py:186: in __call__
    raise exc
venv\Lib\site-packages\starlette\middleware\errors.py:164: in __call__
    await self.app(scope, receive, _send)
venv\Lib\site-packages\starlette\middleware\cors.py:85: in __call__
    await self.app(scope, receive, send)
venv\Lib\site-packages\starlette\middleware\exceptions.py:63: in __call__
    await wrap_app_handling_exceptions(self.app, conn)(scope, receive, send)
venv\Lib\site-packages\starlette\_exception_handler.py:53: in wrapped_app
    raise exc
venv\Lib\site-packages\starlette\_exception_handler.py:42: in wrapped_app
    await app(scope, receive, sender)
venv\Lib\site-packages\fastapi\middleware\asyncexitstack.py:18: in __call__
    await self.app(scope, receive, send)
venv\Lib\site-packages\starlette\routing.py:716: in __call__
    await self.middleware_stack(scope, receive, send)
venv\Lib\site-packages\starlette\routing.py:736: in app
    await route.handle(scope, receive, send)
venv\Lib\site-packages\starlette\routing.py:290: in handle
    await self.app(scope, receive, send)
venv\Lib\site-packages\fastapi\routing.py:120: in app
    await wrap_app_handling_exceptions(app, request)(scope, receive, send)
venv\Lib\site-packages\starlette\_exception_handler.py:53: in wrapped_app
    raise exc
venv\Lib\site-packages\starlette\_exception_handler.py:42: in wrapped_app
    await app(scope, receive, sender)
venv\Lib\site-packages\fastapi\routing.py:106: in app
    response = await f(request)
               ^^^^^^^^^^^^^^^^
venv\Lib\site-packages\fastapi\routing.py:430: in app
    raw_response = await run_endpoint_function(
venv\Lib\site-packages\fastapi\routing.py:316: in run_endpoint_function
    return await dependant.call(**values)
           ^^^^^^^^^^^^^^^^^^^^^^^^^^^^^^
app\api\routes\data_routes.py:141: in list_work_items
    query = db.client.table("work_items").select(
            ^^^^^^^^^
E   AttributeError: 'MockSupabaseClient' object has no attribute 'client'
---------------------------- Captured stderr setup ----------------------------
INFO:app.main:\U0001f680 Starting Tracky PM v0.1.0\nINFO:app.main:Debug mode: True\nINFO:app.main:Email enabled: True\nINFO:app.main:Scheduler enabled: True\nINFO:app.main:Run scheduler (this instance): True\nINFO:apscheduler.scheduler:Adding job tentatively -- it will be properly scheduled when the scheduler starts\nINFO:apscheduler.scheduler:Adding job tentatively -- it will be properly scheduled when the scheduler starts\nINFO:apscheduler.scheduler:Adding job tentatively -- it will be properly scheduled when the scheduler starts\nINFO:apscheduler.scheduler:Adding job tentatively -- it will be properly scheduled when the scheduler starts\nINFO:apscheduler.scheduler:Adding job tentatively -- it will be properly scheduled when the scheduler starts\nINFO:apscheduler.scheduler:Added job "Daily Status Check Scan" to job store "default"\nINFO:apscheduler.scheduler:Added job "Escalation Timeout Checker" to job store "default"\nINFO:apscheduler.scheduler:Added job "Alert Queue Processor" to job store "default"\nINFO:apscheduler.scheduler:Added job "Stale Alert Cleanup" to job store "default"\nINFO:apscheduler.scheduler:Added job "Reminder Sender" to job store "default"\nINFO:apscheduler.scheduler:Scheduler started\nINFO:app.services.scheduler:\U0001f680 Tracky Scheduler started successfully\nINFO:app.services.scheduler:  - Alert Queue Processor: Next run at 2025-12-08 19:26:37.574071+05:30\nINFO:app.services.scheduler:  - Reminder Sender: Next run at 2025-12-08 14:00:00+00:00\nINFO:app.services.scheduler:  - Escalation Timeout Checker: Next run at 2025-12-08 19:51:37.574047+05:30\nINFO:app.services.scheduler:  - Stale Alert Cleanup: Next run at 2025-12-09 02:00:00+00:00\nINFO:app.services.scheduler:  - Daily Status Check Scan: Next run at 2025-12-09 05:00:00+00:00\nINFO:app.main:\u2705 Background scheduler started
----------------------------- Captured log setup ------------------------------
INFO     app.main:main.py:53 \U0001f680 Starting Tracky PM v0.1.0\nINFO     app.main:main.py:54 Debug mode: True\nINFO     app.main:main.py:55 Email enabled: True\nINFO     app.main:main.py:56 Scheduler enabled: True\nINFO     app.main:main.py:57 Run scheduler (this instance): True\nINFO     apscheduler.scheduler:base.py:507 Adding job tentatively -- it will be properly scheduled when the scheduler starts\nINFO     apscheduler.scheduler:base.py:507 Adding job tentatively -- it will be properly scheduled when the scheduler starts\nINFO     apscheduler.scheduler:base.py:507 Adding job tentatively -- it will be properly scheduled when the scheduler starts\nINFO     apscheduler.scheduler:base.py:507 Adding job tentatively -- it will be properly scheduled when the scheduler starts\nINFO     apscheduler.scheduler:base.py:507 Adding job tentatively -- it will be properly scheduled when the scheduler starts\nINFO     apscheduler.scheduler:base.py:1090 Added job "Daily Status Check Scan" to job store "default"\nINFO     apscheduler.scheduler:base.py:1090 Added job "Escalation Timeout Checker" to job store "default"\nINFO     apscheduler.scheduler:base.py:1090 Added job "Alert Queue Processor" to job store "default"\nINFO     apscheduler.scheduler:base.py:1090 Added job "Stale Alert Cleanup" to job store "default"\nINFO     apscheduler.scheduler:base.py:1090 Added job "Reminder Sender" to job store "default"\nINFO     apscheduler.scheduler:base.py:214 Scheduler started\nINFO     app.services.scheduler:scheduler.py:254 \U0001f680 Tracky Scheduler started successfully\nINFO     app.services.scheduler:scheduler.py:258   - Alert Queue Processor: Next run at 2025-12-08 19:26:37.574071+05:30\nINFO     app.services.scheduler:scheduler.py:258   - Reminder Sender: Next run at 2025-12-08 14:00:00+00:00\nINFO     app.services.scheduler:scheduler.py:258   - Escalation Timeout Checker: Next run at 2025-12-08 19:51:37.574047+05:30\nINFO     app.services.scheduler:scheduler.py:258   - Stale Alert Cleanup: Next run at 2025-12-09 02:00:00+00:00\nINFO     app.services.scheduler:scheduler.py:258   - Daily Status Check Scan: Next run at 2025-12-09 05:00:00+00:00\nINFO     app.main:main.py:72 \u2705 Background scheduler started
-------------------------- Captured stderr teardown ---------------------------
INFO:app.services.scheduler:\U0001f6d1 Tracky Scheduler stopped\nINFO:app.main:\u2705 Scheduler stopped\nINFO:app.main:\U0001f44b Shutting down...\nINFO:apscheduler.scheduler:Scheduler has been shut down
---------------------------- Captured log teardown ----------------------------
INFO     app.services.scheduler:scheduler.py:265 \U0001f6d1 Tracky Scheduler stopped\nINFO     app.main:main.py:83 \u2705 Scheduler stopped\nINFO     app.main:main.py:85 \U0001f44b Shutting down...\nINFO     apscheduler.scheduler:base.py:245 Scheduler has been shut down
________ TestWorkItemsEndpoints.test_list_work_items_filter_by_status _________
tests\test_data_routes.py:207: in test_list_work_items_filter_by_status
    response = client.get("/api/data/work-items?status=In%20Progress")
               ^^^^^^^^^^^^^^^^^^^^^^^^^^^^^^^^^^^^^^^^^^^^^^^^^^^^^^^
venv\Lib\site-packages\starlette\testclient.py:473: in get
    return super().get(
venv\Lib\site-packages\httpx\_client.py:1053: in get
    return self.request(
venv\Lib\site-packages\starlette\testclient.py:445: in request
    return super().request(
venv\Lib\site-packages\httpx\_client.py:825: in request
    return self.send(request, auth=auth, follow_redirects=follow_redirects)
           ^^^^^^^^^^^^^^^^^^^^^^^^^^^^^^^^^^^^^^^^^^^^^^^^^^^^^^^^^^^^^^^^
venv\Lib\site-packages\httpx\_client.py:914: in send
    response = self._send_handling_auth(
venv\Lib\site-packages\httpx\_client.py:942: in _send_handling_auth
    response = self._send_handling_redirects(
venv\Lib\site-packages\httpx\_client.py:979: in _send_handling_redirects
    response = self._send_single_request(request)
               ^^^^^^^^^^^^^^^^^^^^^^^^^^^^^^^^^^
venv\Lib\site-packages\httpx\_client.py:1014: in _send_single_request
    response = transport.handle_request(request)
               ^^^^^^^^^^^^^^^^^^^^^^^^^^^^^^^^^
venv\Lib\site-packages\starlette\testclient.py:348: in handle_request
    raise exc
venv\Lib\site-packages\starlette\testclient.py:345: in handle_request
    portal.call(self.app, scope, receive, send)
venv\Lib\site-packages\anyio\from_thread.py:326: in call
    return cast(T_Retval, self.start_task_soon(func, *args).result())
                          ^^^^^^^^^^^^^^^^^^^^^^^^^^^^^^^^^^^^^^^^^^
..\..\..\..\AppData\Local\Programs\Python\Python313\Lib\concurrent\futures\_base.py:449: in result
    return self.__get_result()
           ^^^^^^^^^^^^^^^^^^^
..\..\..\..\AppData\Local\Programs\Python\Python313\Lib\concurrent\futures\_base.py:401: in __get_result
    raise self._exception
venv\Lib\site-packages\anyio\from_thread.py:257: in _call_func
    retval = await retval_or_awaitable
             ^^^^^^^^^^^^^^^^^^^^^^^^^
venv\Lib\site-packages\fastapi\applications.py:1139: in __call__
    await super().__call__(scope, receive, send)
venv\Lib\site-packages\starlette\applications.py:107: in __call__
    await self.middleware_stack(scope, receive, send)
venv\Lib\site-packages\starlette\middleware\errors.py:186: in __call__
    raise exc
venv\Lib\site-packages\starlette\middleware\errors.py:164: in __call__
    await self.app(scope, receive, _send)
venv\Lib\site-packages\starlette\middleware\cors.py:85: in __call__
    await self.app(scope, receive, send)
venv\Lib\site-packages\starlette\middleware\exceptions.py:63: in __call__
    await wrap_app_handling_exceptions(self.app, conn)(scope, receive, send)
venv\Lib\site-packages\starlette\_exception_handler.py:53: in wrapped_app
    raise exc
venv\Lib\site-packages\starlette\_exception_handler.py:42: in wrapped_app
    await app(scope, receive, sender)
venv\Lib\site-packages\fastapi\middleware\asyncexitstack.py:18: in __call__
    await self.app(scope, receive, send)
venv\Lib\site-packages\starlette\routing.py:716: in __call__
    await self.middleware_stack(scope, receive, send)
venv\Lib\site-packages\starlette\routing.py:736: in app
    await route.handle(scope, receive, send)
venv\Lib\site-packages\starlette\routing.py:290: in handle
    await self.app(scope, receive, send)
venv\Lib\site-packages\fastapi\routing.py:120: in app
    await wrap_app_handling_exceptions(app, request)(scope, receive, send)
venv\Lib\site-packages\starlette\_exception_handler.py:53: in wrapped_app
    raise exc
venv\Lib\site-packages\starlette\_exception_handler.py:42: in wrapped_app
    await app(scope, receive, sender)
venv\Lib\site-packages\fastapi\routing.py:106: in app
    response = await f(request)
               ^^^^^^^^^^^^^^^^
venv\Lib\site-packages\fastapi\routing.py:430: in app
    raw_response = await run_endpoint_function(
venv\Lib\site-packages\fastapi\routing.py:316: in run_endpoint_function
    return await dependant.call(**values)
           ^^^^^^^^^^^^^^^^^^^^^^^^^^^^^^
app\api\routes\data_routes.py:141: in list_work_items
    query = db.client.table("work_items").select(
            ^^^^^^^^^
E   AttributeError: 'MockSupabaseClient' object has no attribute 'client'
---------------------------- Captured stderr setup ----------------------------
INFO:app.main:\U0001f680 Starting Tracky PM v0.1.0\nINFO:app.main:Debug mode: True\nINFO:app.main:Email enabled: True\nINFO:app.main:Scheduler enabled: True\nINFO:app.main:Run scheduler (this instance): True\nINFO:apscheduler.scheduler:Adding job tentatively -- it will be properly scheduled when the scheduler starts\nINFO:apscheduler.scheduler:Adding job tentatively -- it will be properly scheduled when the scheduler starts\nINFO:apscheduler.scheduler:Adding job tentatively -- it will be properly scheduled when the scheduler starts\nINFO:apscheduler.scheduler:Adding job tentatively -- it will be properly scheduled when the scheduler starts\nINFO:apscheduler.scheduler:Adding job tentatively -- it will be properly scheduled when the scheduler starts\nINFO:apscheduler.scheduler:Added job "Daily Status Check Scan" to job store "default"\nINFO:apscheduler.scheduler:Added job "Escalation Timeout Checker" to job store "default"\nINFO:apscheduler.scheduler:Added job "Alert Queue Processor" to job store "default"\nINFO:apscheduler.scheduler:Added job "Stale Alert Cleanup" to job store "default"\nINFO:apscheduler.scheduler:Added job "Reminder Sender" to job store "default"\nINFO:apscheduler.scheduler:Scheduler started\nINFO:app.services.scheduler:\U0001f680 Tracky Scheduler started successfully\nINFO:app.services.scheduler:  - Alert Queue Processor: Next run at 2025-12-08 19:26:37.574071+05:30\nINFO:app.services.scheduler:  - Reminder Sender: Next run at 2025-12-08 14:00:00+00:00\nINFO:app.services.scheduler:  - Escalation Timeout Checker: Next run at 2025-12-08 19:51:37.574047+05:30\nINFO:app.services.scheduler:  - Stale Alert Cleanup: Next run at 2025-12-09 02:00:00+00:00\nINFO:app.services.scheduler:  - Daily Status Check Scan: Next run at 2025-12-09 05:00:00+00:00\nINFO:app.main:\u2705 Background scheduler started
----------------------------- Captured log setup ------------------------------
INFO     app.main:main.py:53 \U0001f680 Starting Tracky PM v0.1.0\nINFO     app.main:main.py:54 Debug mode: True\nINFO     app.main:main.py:55 Email enabled: True\nINFO     app.main:main.py:56 Scheduler enabled: True\nINFO     app.main:main.py:57 Run scheduler (this instance): True\nINFO     apscheduler.scheduler:base.py:507 Adding job tentatively -- it will be properly scheduled when the scheduler starts\nINFO     apscheduler.scheduler:base.py:507 Adding job tentatively -- it will be properly scheduled when the scheduler starts\nINFO     apscheduler.scheduler:base.py:507 Adding job tentatively -- it will be properly scheduled when the scheduler starts\nINFO     apscheduler.scheduler:base.py:507 Adding job tentatively -- it will be properly scheduled when the scheduler starts\nINFO     apscheduler.scheduler:base.py:507 Adding job tentatively -- it will be properly scheduled when the scheduler starts\nINFO     apscheduler.scheduler:base.py:1090 Added job "Daily Status Check Scan" to job store "default"\nINFO     apscheduler.scheduler:base.py:1090 Added job "Escalation Timeout Checker" to job store "default"\nINFO     apscheduler.scheduler:base.py:1090 Added job "Alert Queue Processor" to job store "default"\nINFO     apscheduler.scheduler:base.py:1090 Added job "Stale Alert Cleanup" to job store "default"\nINFO     apscheduler.scheduler:base.py:1090 Added job "Reminder Sender" to job store "default"\nINFO     apscheduler.scheduler:base.py:214 Scheduler started\nINFO     app.services.scheduler:scheduler.py:254 \U0001f680 Tracky Scheduler started successfully\nINFO     app.services.scheduler:scheduler.py:258   - Alert Queue Processor: Next run at 2025-12-08 19:26:37.574071+05:30\nINFO     app.services.scheduler:scheduler.py:258   - Reminder Sender: Next run at 2025-12-08 14:00:00+00:00\nINFO     app.services.scheduler:scheduler.py:258   - Escalation Timeout Checker: Next run at 2025-12-08 19:51:37.574047+05:30\nINFO     app.services.scheduler:scheduler.py:258   - Stale Alert Cleanup: Next run at 2025-12-09 02:00:00+00:00\nINFO     app.services.scheduler:scheduler.py:258   - Daily Status Check Scan: Next run at 2025-12-09 05:00:00+00:00\nINFO     app.main:main.py:72 \u2705 Background scheduler started
-------------------------- Captured stderr teardown ---------------------------
INFO:app.services.scheduler:\U0001f6d1 Tracky Scheduler stopped\nINFO:app.main:\u2705 Scheduler stopped\nINFO:app.main:\U0001f44b Shutting down...\nINFO:apscheduler.scheduler:Scheduler has been shut down
---------------------------- Captured log teardown ----------------------------
INFO     app.services.scheduler:scheduler.py:265 \U0001f6d1 Tracky Scheduler stopped\nINFO     app.main:main.py:83 \u2705 Scheduler stopped\nINFO     app.main:main.py:85 \U0001f44b Shutting down...\nINFO     apscheduler.scheduler:base.py:245 Scheduler has been shut down
_______ TestWorkItemsEndpoints.test_list_work_items_filter_by_resource ________
tests\test_data_routes.py:230: in test_list_work_items_filter_by_resource
    response = client.get(f"/api/data/work-items?resource_id={resource['id']}")
               ^^^^^^^^^^^^^^^^^^^^^^^^^^^^^^^^^^^^^^^^^^^^^^^^^^^^^^^^^^^^^^^^
venv\Lib\site-packages\starlette\testclient.py:473: in get
    return super().get(
venv\Lib\site-packages\httpx\_client.py:1053: in get
    return self.request(
venv\Lib\site-packages\starlette\testclient.py:445: in request
    return super().request(
venv\Lib\site-packages\httpx\_client.py:825: in request
    return self.send(request, auth=auth, follow_redirects=follow_redirects)
           ^^^^^^^^^^^^^^^^^^^^^^^^^^^^^^^^^^^^^^^^^^^^^^^^^^^^^^^^^^^^^^^^
venv\Lib\site-packages\httpx\_client.py:914: in send
    response = self._send_handling_auth(
venv\Lib\site-packages\httpx\_client.py:942: in _send_handling_auth
    response = self._send_handling_redirects(
venv\Lib\site-packages\httpx\_client.py:979: in _send_handling_redirects
    response = self._send_single_request(request)
               ^^^^^^^^^^^^^^^^^^^^^^^^^^^^^^^^^^
venv\Lib\site-packages\httpx\_client.py:1014: in _send_single_request
    response = transport.handle_request(request)
               ^^^^^^^^^^^^^^^^^^^^^^^^^^^^^^^^^
venv\Lib\site-packages\starlette\testclient.py:348: in handle_request
    raise exc
venv\Lib\site-packages\starlette\testclient.py:345: in handle_request
    portal.call(self.app, scope, receive, send)
venv\Lib\site-packages\anyio\from_thread.py:326: in call
    return cast(T_Retval, self.start_task_soon(func, *args).result())
                          ^^^^^^^^^^^^^^^^^^^^^^^^^^^^^^^^^^^^^^^^^^
..\..\..\..\AppData\Local\Programs\Python\Python313\Lib\concurrent\futures\_base.py:449: in result
    return self.__get_result()
           ^^^^^^^^^^^^^^^^^^^
..\..\..\..\AppData\Local\Programs\Python\Python313\Lib\concurrent\futures\_base.py:401: in __get_result
    raise self._exception
venv\Lib\site-packages\anyio\from_thread.py:257: in _call_func
    retval = await retval_or_awaitable
             ^^^^^^^^^^^^^^^^^^^^^^^^^
venv\Lib\site-packages\fastapi\applications.py:1139: in __call__
    await super().__call__(scope, receive, send)
venv\Lib\site-packages\starlette\applications.py:107: in __call__
    await self.middleware_stack(scope, receive, send)
venv\Lib\site-packages\starlette\middleware\errors.py:186: in __call__
    raise exc
venv\Lib\site-packages\starlette\middleware\errors.py:164: in __call__
    await self.app(scope, receive, _send)
venv\Lib\site-packages\starlette\middleware\cors.py:85: in __call__
    await self.app(scope, receive, send)
venv\Lib\site-packages\starlette\middleware\exceptions.py:63: in __call__
    await wrap_app_handling_exceptions(self.app, conn)(scope, receive, send)
venv\Lib\site-packages\starlette\_exception_handler.py:53: in wrapped_app
    raise exc
venv\Lib\site-packages\starlette\_exception_handler.py:42: in wrapped_app
    await app(scope, receive, sender)
venv\Lib\site-packages\fastapi\middleware\asyncexitstack.py:18: in __call__
    await self.app(scope, receive, send)
venv\Lib\site-packages\starlette\routing.py:716: in __call__
    await self.middleware_stack(scope, receive, send)
venv\Lib\site-packages\starlette\routing.py:736: in app
    await route.handle(scope, receive, send)
venv\Lib\site-packages\starlette\routing.py:290: in handle
    await self.app(scope, receive, send)
venv\Lib\site-packages\fastapi\routing.py:120: in app
    await wrap_app_handling_exceptions(app, request)(scope, receive, send)
venv\Lib\site-packages\starlette\_exception_handler.py:53: in wrapped_app
    raise exc
venv\Lib\site-packages\starlette\_exception_handler.py:42: in wrapped_app
    await app(scope, receive, sender)
venv\Lib\site-packages\fastapi\routing.py:106: in app
    response = await f(request)
               ^^^^^^^^^^^^^^^^
venv\Lib\site-packages\fastapi\routing.py:430: in app
    raw_response = await run_endpoint_function(
venv\Lib\site-packages\fastapi\routing.py:316: in run_endpoint_function
    return await dependant.call(**values)
           ^^^^^^^^^^^^^^^^^^^^^^^^^^^^^^
app\api\routes\data_routes.py:141: in list_work_items
    query = db.client.table("work_items").select(
            ^^^^^^^^^
E   AttributeError: 'MockSupabaseClient' object has no attribute 'client'
---------------------------- Captured stderr setup ----------------------------
INFO:app.main:\U0001f680 Starting Tracky PM v0.1.0\nINFO:app.main:Debug mode: True\nINFO:app.main:Email enabled: True\nINFO:app.main:Scheduler enabled: True\nINFO:app.main:Run scheduler (this instance): True\nINFO:apscheduler.scheduler:Adding job tentatively -- it will be properly scheduled when the scheduler starts\nINFO:apscheduler.scheduler:Adding job tentatively -- it will be properly scheduled when the scheduler starts\nINFO:apscheduler.scheduler:Adding job tentatively -- it will be properly scheduled when the scheduler starts\nINFO:apscheduler.scheduler:Adding job tentatively -- it will be properly scheduled when the scheduler starts\nINFO:apscheduler.scheduler:Adding job tentatively -- it will be properly scheduled when the scheduler starts\nINFO:apscheduler.scheduler:Added job "Daily Status Check Scan" to job store "default"\nINFO:apscheduler.scheduler:Added job "Escalation Timeout Checker" to job store "default"\nINFO:apscheduler.scheduler:Added job "Alert Queue Processor" to job store "default"\nINFO:apscheduler.scheduler:Added job "Stale Alert Cleanup" to job store "default"\nINFO:apscheduler.scheduler:Added job "Reminder Sender" to job store "default"\nINFO:apscheduler.scheduler:Scheduler started\nINFO:app.services.scheduler:\U0001f680 Tracky Scheduler started successfully\nINFO:app.services.scheduler:  - Alert Queue Processor: Next run at 2025-12-08 19:26:37.574071+05:30\nINFO:app.services.scheduler:  - Reminder Sender: Next run at 2025-12-08 14:00:00+00:00\nINFO:app.services.scheduler:  - Escalation Timeout Checker: Next run at 2025-12-08 19:51:37.574047+05:30\nINFO:app.services.scheduler:  - Stale Alert Cleanup: Next run at 2025-12-09 02:00:00+00:00\nINFO:app.services.scheduler:  - Daily Status Check Scan: Next run at 2025-12-09 05:00:00+00:00\nINFO:app.main:\u2705 Background scheduler started
----------------------------- Captured log setup ------------------------------
INFO     app.main:main.py:53 \U0001f680 Starting Tracky PM v0.1.0\nINFO     app.main:main.py:54 Debug mode: True\nINFO     app.main:main.py:55 Email enabled: True\nINFO     app.main:main.py:56 Scheduler enabled: True\nINFO     app.main:main.py:57 Run scheduler (this instance): True\nINFO     apscheduler.scheduler:base.py:507 Adding job tentatively -- it will be properly scheduled when the scheduler starts\nINFO     apscheduler.scheduler:base.py:507 Adding job tentatively -- it will be properly scheduled when the scheduler starts\nINFO     apscheduler.scheduler:base.py:507 Adding job tentatively -- it will be properly scheduled when the scheduler starts\nINFO     apscheduler.scheduler:base.py:507 Adding job tentatively -- it will be properly scheduled when the scheduler starts\nINFO     apscheduler.scheduler:base.py:507 Adding job tentatively -- it will be properly scheduled when the scheduler starts\nINFO     apscheduler.scheduler:base.py:1090 Added job "Daily Status Check Scan" to job store "default"\nINFO     apscheduler.scheduler:base.py:1090 Added job "Escalation Timeout Checker" to job store "default"\nINFO     apscheduler.scheduler:base.py:1090 Added job "Alert Queue Processor" to job store "default"\nINFO     apscheduler.scheduler:base.py:1090 Added job "Stale Alert Cleanup" to job store "default"\nINFO     apscheduler.scheduler:base.py:1090 Added job "Reminder Sender" to job store "default"\nINFO     apscheduler.scheduler:base.py:214 Scheduler started\nINFO     app.services.scheduler:scheduler.py:254 \U0001f680 Tracky Scheduler started successfully\nINFO     app.services.scheduler:scheduler.py:258   - Alert Queue Processor: Next run at 2025-12-08 19:26:37.574071+05:30\nINFO     app.services.scheduler:scheduler.py:258   - Reminder Sender: Next run at 2025-12-08 14:00:00+00:00\nINFO     app.services.scheduler:scheduler.py:258   - Escalation Timeout Checker: Next run at 2025-12-08 19:51:37.574047+05:30\nINFO     app.services.scheduler:scheduler.py:258   - Stale Alert Cleanup: Next run at 2025-12-09 02:00:00+00:00\nINFO     app.services.scheduler:scheduler.py:258   - Daily Status Check Scan: Next run at 2025-12-09 05:00:00+00:00\nINFO     app.main:main.py:72 \u2705 Background scheduler started
-------------------------- Captured stderr teardown ---------------------------
INFO:app.services.scheduler:\U0001f6d1 Tracky Scheduler stopped\nINFO:app.main:\u2705 Scheduler stopped\nINFO:app.main:\U0001f44b Shutting down...\nINFO:apscheduler.scheduler:Scheduler has been shut down
---------------------------- Captured log teardown ----------------------------
INFO     app.services.scheduler:scheduler.py:265 \U0001f6d1 Tracky Scheduler stopped\nINFO     app.main:main.py:83 \u2705 Scheduler stopped\nINFO     app.main:main.py:85 \U0001f44b Shutting down...\nINFO     apscheduler.scheduler:base.py:245 Scheduler has been shut down
__________ TestWorkItemsEndpoints.test_list_work_items_flagged_only ___________
tests\test_data_routes.py:264: in test_list_work_items_flagged_only
    response = client.get("/api/data/work-items?flagged_only=true")
               ^^^^^^^^^^^^^^^^^^^^^^^^^^^^^^^^^^^^^^^^^^^^^^^^^^^^
venv\Lib\site-packages\starlette\testclient.py:473: in get
    return super().get(
venv\Lib\site-packages\httpx\_client.py:1053: in get
    return self.request(
venv\Lib\site-packages\starlette\testclient.py:445: in request
    return super().request(
venv\Lib\site-packages\httpx\_client.py:825: in request
    return self.send(request, auth=auth, follow_redirects=follow_redirects)
           ^^^^^^^^^^^^^^^^^^^^^^^^^^^^^^^^^^^^^^^^^^^^^^^^^^^^^^^^^^^^^^^^
venv\Lib\site-packages\httpx\_client.py:914: in send
    response = self._send_handling_auth(
venv\Lib\site-packages\httpx\_client.py:942: in _send_handling_auth
    response = self._send_handling_redirects(
venv\Lib\site-packages\httpx\_client.py:979: in _send_handling_redirects
    response = self._send_single_request(request)
               ^^^^^^^^^^^^^^^^^^^^^^^^^^^^^^^^^^
venv\Lib\site-packages\httpx\_client.py:1014: in _send_single_request
    response = transport.handle_request(request)
               ^^^^^^^^^^^^^^^^^^^^^^^^^^^^^^^^^
venv\Lib\site-packages\starlette\testclient.py:348: in handle_request
    raise exc
venv\Lib\site-packages\starlette\testclient.py:345: in handle_request
    portal.call(self.app, scope, receive, send)
venv\Lib\site-packages\anyio\from_thread.py:326: in call
    return cast(T_Retval, self.start_task_soon(func, *args).result())
                          ^^^^^^^^^^^^^^^^^^^^^^^^^^^^^^^^^^^^^^^^^^
..\..\..\..\AppData\Local\Programs\Python\Python313\Lib\concurrent\futures\_base.py:456: in result
    return self.__get_result()
           ^^^^^^^^^^^^^^^^^^^
..\..\..\..\AppData\Local\Programs\Python\Python313\Lib\concurrent\futures\_base.py:401: in __get_result
    raise self._exception
venv\Lib\site-packages\anyio\from_thread.py:257: in _call_func
    retval = await retval_or_awaitable
             ^^^^^^^^^^^^^^^^^^^^^^^^^
venv\Lib\site-packages\fastapi\applications.py:1139: in __call__
    await super().__call__(scope, receive, send)
venv\Lib\site-packages\starlette\applications.py:107: in __call__
    await self.middleware_stack(scope, receive, send)
venv\Lib\site-packages\starlette\middleware\errors.py:186: in __call__
    raise exc
venv\Lib\site-packages\starlette\middleware\errors.py:164: in __call__
    await self.app(scope, receive, _send)
venv\Lib\site-packages\starlette\middleware\cors.py:85: in __call__
    await self.app(scope, receive, send)
venv\Lib\site-packages\starlette\middleware\exceptions.py:63: in __call__
    await wrap_app_handling_exceptions(self.app, conn)(scope, receive, send)
venv\Lib\site-packages\starlette\_exception_handler.py:53: in wrapped_app
    raise exc
venv\Lib\site-packages\starlette\_exception_handler.py:42: in wrapped_app
    await app(scope, receive, sender)
venv\Lib\site-packages\fastapi\middleware\asyncexitstack.py:18: in __call__
    await self.app(scope, receive, send)
venv\Lib\site-packages\starlette\routing.py:716: in __call__
    await self.middleware_stack(scope, receive, send)
venv\Lib\site-packages\starlette\routing.py:736: in app
    await route.handle(scope, receive, send)
venv\Lib\site-packages\starlette\routing.py:290: in handle
    await self.app(scope, receive, send)
venv\Lib\site-packages\fastapi\routing.py:120: in app
    await wrap_app_handling_exceptions(app, request)(scope, receive, send)
venv\Lib\site-packages\starlette\_exception_handler.py:53: in wrapped_app
    raise exc
venv\Lib\site-packages\starlette\_exception_handler.py:42: in wrapped_app
    await app(scope, receive, sender)
venv\Lib\site-packages\fastapi\routing.py:106: in app
    response = await f(request)
               ^^^^^^^^^^^^^^^^
venv\Lib\site-packages\fastapi\routing.py:430: in app
    raw_response = await run_endpoint_function(
venv\Lib\site-packages\fastapi\routing.py:316: in run_endpoint_function
    return await dependant.call(**values)
           ^^^^^^^^^^^^^^^^^^^^^^^^^^^^^^
app\api\routes\data_routes.py:141: in list_work_items
    query = db.client.table("work_items").select(
            ^^^^^^^^^
E   AttributeError: 'MockSupabaseClient' object has no attribute 'client'
---------------------------- Captured stderr setup ----------------------------
INFO:app.main:\U0001f680 Starting Tracky PM v0.1.0\nINFO:app.main:Debug mode: True\nINFO:app.main:Email enabled: True\nINFO:app.main:Scheduler enabled: True\nINFO:app.main:Run scheduler (this instance): True\nINFO:apscheduler.scheduler:Adding job tentatively -- it will be properly scheduled when the scheduler starts\nINFO:apscheduler.scheduler:Adding job tentatively -- it will be properly scheduled when the scheduler starts\nINFO:apscheduler.scheduler:Adding job tentatively -- it will be properly scheduled when the scheduler starts\nINFO:apscheduler.scheduler:Adding job tentatively -- it will be properly scheduled when the scheduler starts\nINFO:apscheduler.scheduler:Adding job tentatively -- it will be properly scheduled when the scheduler starts\nINFO:apscheduler.scheduler:Added job "Daily Status Check Scan" to job store "default"\nINFO:apscheduler.scheduler:Added job "Escalation Timeout Checker" to job store "default"\nINFO:apscheduler.scheduler:Added job "Alert Queue Processor" to job store "default"\nINFO:apscheduler.scheduler:Added job "Stale Alert Cleanup" to job store "default"\nINFO:apscheduler.scheduler:Added job "Reminder Sender" to job store "default"\nINFO:apscheduler.scheduler:Scheduler started\nINFO:app.services.scheduler:\U0001f680 Tracky Scheduler started successfully\nINFO:app.services.scheduler:  - Alert Queue Processor: Next run at 2025-12-08 19:26:37.574071+05:30\nINFO:app.services.scheduler:  - Reminder Sender: Next run at 2025-12-08 14:00:00+00:00\nINFO:app.services.scheduler:  - Escalation Timeout Checker: Next run at 2025-12-08 19:51:37.574047+05:30\nINFO:app.services.scheduler:  - Stale Alert Cleanup: Next run at 2025-12-09 02:00:00+00:00\nINFO:app.services.scheduler:  - Daily Status Check Scan: Next run at 2025-12-09 05:00:00+00:00\nINFO:app.main:\u2705 Background scheduler started
----------------------------- Captured log setup ------------------------------
INFO     app.main:main.py:53 \U0001f680 Starting Tracky PM v0.1.0\nINFO     app.main:main.py:54 Debug mode: True\nINFO     app.main:main.py:55 Email enabled: True\nINFO     app.main:main.py:56 Scheduler enabled: True\nINFO     app.main:main.py:57 Run scheduler (this instance): True\nINFO     apscheduler.scheduler:base.py:507 Adding job tentatively -- it will be properly scheduled when the scheduler starts\nINFO     apscheduler.scheduler:base.py:507 Adding job tentatively -- it will be properly scheduled when the scheduler starts\nINFO     apscheduler.scheduler:base.py:507 Adding job tentatively -- it will be properly scheduled when the scheduler starts\nINFO     apscheduler.scheduler:base.py:507 Adding job tentatively -- it will be properly scheduled when the scheduler starts\nINFO     apscheduler.scheduler:base.py:507 Adding job tentatively -- it will be properly scheduled when the scheduler starts\nINFO     apscheduler.scheduler:base.py:1090 Added job "Daily Status Check Scan" to job store "default"\nINFO     apscheduler.scheduler:base.py:1090 Added job "Escalation Timeout Checker" to job store "default"\nINFO     apscheduler.scheduler:base.py:1090 Added job "Alert Queue Processor" to job store "default"\nINFO     apscheduler.scheduler:base.py:1090 Added job "Stale Alert Cleanup" to job store "default"\nINFO     apscheduler.scheduler:base.py:1090 Added job "Reminder Sender" to job store "default"\nINFO     apscheduler.scheduler:base.py:214 Scheduler started\nINFO     app.services.scheduler:scheduler.py:254 \U0001f680 Tracky Scheduler started successfully\nINFO     app.services.scheduler:scheduler.py:258   - Alert Queue Processor: Next run at 2025-12-08 19:26:37.574071+05:30\nINFO     app.services.scheduler:scheduler.py:258   - Reminder Sender: Next run at 2025-12-08 14:00:00+00:00\nINFO     app.services.scheduler:scheduler.py:258   - Escalation Timeout Checker: Next run at 2025-12-08 19:51:37.574047+05:30\nINFO     app.services.scheduler:scheduler.py:258   - Stale Alert Cleanup: Next run at 2025-12-09 02:00:00+00:00\nINFO     app.services.scheduler:scheduler.py:258   - Daily Status Check Scan: Next run at 2025-12-09 05:00:00+00:00\nINFO     app.main:main.py:72 \u2705 Background scheduler started
-------------------------- Captured stderr teardown ---------------------------
INFO:app.services.scheduler:\U0001f6d1 Tracky Scheduler stopped\nINFO:app.main:\u2705 Scheduler stopped\nINFO:app.main:\U0001f44b Shutting down...\nINFO:apscheduler.scheduler:Scheduler has been shut down
---------------------------- Captured log teardown ----------------------------
INFO     app.services.scheduler:scheduler.py:265 \U0001f6d1 Tracky Scheduler stopped\nINFO     app.main:main.py:83 \u2705 Scheduler stopped\nINFO     app.main:main.py:85 \U0001f44b Shutting down...\nINFO     apscheduler.scheduler:base.py:245 Scheduler has been shut down
______________ TestWorkItemsEndpoints.test_get_work_item_success ______________
tests\test_data_routes.py:278: in test_get_work_item_success
    assert response.status_code == 200
E   assert 503 == 200
E    +  where 503 = <Response [503 Service Unavailable]>.status_code
---------------------------- Captured stderr setup ----------------------------
INFO:app.main:\U0001f680 Starting Tracky PM v0.1.0\nINFO:app.main:Debug mode: True\nINFO:app.main:Email enabled: True\nINFO:app.main:Scheduler enabled: True\nINFO:app.main:Run scheduler (this instance): True\nINFO:apscheduler.scheduler:Adding job tentatively -- it will be properly scheduled when the scheduler starts\nINFO:apscheduler.scheduler:Adding job tentatively -- it will be properly scheduled when the scheduler starts\nINFO:apscheduler.scheduler:Adding job tentatively -- it will be properly scheduled when the scheduler starts\nINFO:apscheduler.scheduler:Adding job tentatively -- it will be properly scheduled when the scheduler starts\nINFO:apscheduler.scheduler:Adding job tentatively -- it will be properly scheduled when the scheduler starts\nINFO:apscheduler.scheduler:Added job "Daily Status Check Scan" to job store "default"\nINFO:apscheduler.scheduler:Added job "Escalation Timeout Checker" to job store "default"\nINFO:apscheduler.scheduler:Added job "Alert Queue Processor" to job store "default"\nINFO:apscheduler.scheduler:Added job "Stale Alert Cleanup" to job store "default"\nINFO:apscheduler.scheduler:Added job "Reminder Sender" to job store "default"\nINFO:apscheduler.scheduler:Scheduler started\nINFO:app.services.scheduler:\U0001f680 Tracky Scheduler started successfully\nINFO:app.services.scheduler:  - Alert Queue Processor: Next run at 2025-12-08 19:26:37.574071+05:30\nINFO:app.services.scheduler:  - Reminder Sender: Next run at 2025-12-08 14:00:00+00:00\nINFO:app.services.scheduler:  - Escalation Timeout Checker: Next run at 2025-12-08 19:51:37.574047+05:30\nINFO:app.services.scheduler:  - Stale Alert Cleanup: Next run at 2025-12-09 02:00:00+00:00\nINFO:app.services.scheduler:  - Daily Status Check Scan: Next run at 2025-12-09 05:00:00+00:00\nINFO:app.main:\u2705 Background scheduler started
----------------------------- Captured log setup ------------------------------
INFO     app.main:main.py:53 \U0001f680 Starting Tracky PM v0.1.0\nINFO     app.main:main.py:54 Debug mode: True\nINFO     app.main:main.py:55 Email enabled: True\nINFO     app.main:main.py:56 Scheduler enabled: True\nINFO     app.main:main.py:57 Run scheduler (this instance): True\nINFO     apscheduler.scheduler:base.py:507 Adding job tentatively -- it will be properly scheduled when the scheduler starts\nINFO     apscheduler.scheduler:base.py:507 Adding job tentatively -- it will be properly scheduled when the scheduler starts\nINFO     apscheduler.scheduler:base.py:507 Adding job tentatively -- it will be properly scheduled when the scheduler starts\nINFO     apscheduler.scheduler:base.py:507 Adding job tentatively -- it will be properly scheduled when the scheduler starts\nINFO     apscheduler.scheduler:base.py:507 Adding job tentatively -- it will be properly scheduled when the scheduler starts\nINFO     apscheduler.scheduler:base.py:1090 Added job "Daily Status Check Scan" to job store "default"\nINFO     apscheduler.scheduler:base.py:1090 Added job "Escalation Timeout Checker" to job store "default"\nINFO     apscheduler.scheduler:base.py:1090 Added job "Alert Queue Processor" to job store "default"\nINFO     apscheduler.scheduler:base.py:1090 Added job "Stale Alert Cleanup" to job store "default"\nINFO     apscheduler.scheduler:base.py:1090 Added job "Reminder Sender" to job store "default"\nINFO     apscheduler.scheduler:base.py:214 Scheduler started\nINFO     app.services.scheduler:scheduler.py:254 \U0001f680 Tracky Scheduler started successfully\nINFO     app.services.scheduler:scheduler.py:258   - Alert Queue Processor: Next run at 2025-12-08 19:26:37.574071+05:30\nINFO     app.services.scheduler:scheduler.py:258   - Reminder Sender: Next run at 2025-12-08 14:00:00+00:00\nINFO     app.services.scheduler:scheduler.py:258   - Escalation Timeout Checker: Next run at 2025-12-08 19:51:37.574047+05:30\nINFO     app.services.scheduler:scheduler.py:258   - Stale Alert Cleanup: Next run at 2025-12-09 02:00:00+00:00\nINFO     app.services.scheduler:scheduler.py:258   - Daily Status Check Scan: Next run at 2025-12-09 05:00:00+00:00\nINFO     app.main:main.py:72 \u2705 Background scheduler started
---------------------------- Captured stderr call -----------------------------
INFO:httpx:HTTP Request: GET http://testserver/api/data/work-items/6f799932-ef59-49e9-9e84-7fc173fa58ea "HTTP/1.1 503 Service Unavailable"
------------------------------ Captured log call ------------------------------
INFO     httpx:_client.py:1025 HTTP Request: GET http://testserver/api/data/work-items/6f799932-ef59-49e9-9e84-7fc173fa58ea "HTTP/1.1 503 Service Unavailable"
-------------------------- Captured stderr teardown ---------------------------
INFO:app.services.scheduler:\U0001f6d1 Tracky Scheduler stopped\nINFO:app.main:\u2705 Scheduler stopped\nINFO:app.main:\U0001f44b Shutting down...\nINFO:apscheduler.scheduler:Scheduler has been shut down
---------------------------- Captured log teardown ----------------------------
INFO     app.services.scheduler:scheduler.py:265 \U0001f6d1 Tracky Scheduler stopped\nINFO     app.main:main.py:83 \u2705 Scheduler stopped\nINFO     app.main:main.py:85 \U0001f44b Shutting down...\nINFO     apscheduler.scheduler:base.py:245 Scheduler has been shut down
_________ TestWorkItemsEndpoints.test_get_work_item_with_dependencies _________
tests\test_data_routes.py:296: in test_get_work_item_with_dependencies
    assert response.status_code == 200
E   assert 503 == 200
E    +  where 503 = <Response [503 Service Unavailable]>.status_code
---------------------------- Captured stderr setup ----------------------------
INFO:app.main:\U0001f680 Starting Tracky PM v0.1.0\nINFO:app.main:Debug mode: True\nINFO:app.main:Email enabled: True\nINFO:app.main:Scheduler enabled: True\nINFO:app.main:Run scheduler (this instance): True\nINFO:apscheduler.scheduler:Adding job tentatively -- it will be properly scheduled when the scheduler starts\nINFO:apscheduler.scheduler:Adding job tentatively -- it will be properly scheduled when the scheduler starts\nINFO:apscheduler.scheduler:Adding job tentatively -- it will be properly scheduled when the scheduler starts\nINFO:apscheduler.scheduler:Adding job tentatively -- it will be properly scheduled when the scheduler starts\nINFO:apscheduler.scheduler:Adding job tentatively -- it will be properly scheduled when the scheduler starts\nINFO:apscheduler.scheduler:Added job "Daily Status Check Scan" to job store "default"\nINFO:apscheduler.scheduler:Added job "Escalation Timeout Checker" to job store "default"\nINFO:apscheduler.scheduler:Added job "Alert Queue Processor" to job store "default"\nINFO:apscheduler.scheduler:Added job "Stale Alert Cleanup" to job store "default"\nINFO:apscheduler.scheduler:Added job "Reminder Sender" to job store "default"\nINFO:apscheduler.scheduler:Scheduler started\nINFO:app.services.scheduler:\U0001f680 Tracky Scheduler started successfully\nINFO:app.services.scheduler:  - Alert Queue Processor: Next run at 2025-12-08 19:26:37.574071+05:30\nINFO:app.services.scheduler:  - Reminder Sender: Next run at 2025-12-08 14:00:00+00:00\nINFO:app.services.scheduler:  - Escalation Timeout Checker: Next run at 2025-12-08 19:51:37.574047+05:30\nINFO:app.services.scheduler:  - Stale Alert Cleanup: Next run at 2025-12-09 02:00:00+00:00\nINFO:app.services.scheduler:  - Daily Status Check Scan: Next run at 2025-12-09 05:00:00+00:00\nINFO:app.main:\u2705 Background scheduler started
----------------------------- Captured log setup ------------------------------
INFO     app.main:main.py:53 \U0001f680 Starting Tracky PM v0.1.0\nINFO     app.main:main.py:54 Debug mode: True\nINFO     app.main:main.py:55 Email enabled: True\nINFO     app.main:main.py:56 Scheduler enabled: True\nINFO     app.main:main.py:57 Run scheduler (this instance): True\nINFO     apscheduler.scheduler:base.py:507 Adding job tentatively -- it will be properly scheduled when the scheduler starts\nINFO     apscheduler.scheduler:base.py:507 Adding job tentatively -- it will be properly scheduled when the scheduler starts\nINFO     apscheduler.scheduler:base.py:507 Adding job tentatively -- it will be properly scheduled when the scheduler starts\nINFO     apscheduler.scheduler:base.py:507 Adding job tentatively -- it will be properly scheduled when the scheduler starts\nINFO     apscheduler.scheduler:base.py:507 Adding job tentatively -- it will be properly scheduled when the scheduler starts\nINFO     apscheduler.scheduler:base.py:1090 Added job "Daily Status Check Scan" to job store "default"\nINFO     apscheduler.scheduler:base.py:1090 Added job "Escalation Timeout Checker" to job store "default"\nINFO     apscheduler.scheduler:base.py:1090 Added job "Alert Queue Processor" to job store "default"\nINFO     apscheduler.scheduler:base.py:1090 Added job "Stale Alert Cleanup" to job store "default"\nINFO     apscheduler.scheduler:base.py:1090 Added job "Reminder Sender" to job store "default"\nINFO     apscheduler.scheduler:base.py:214 Scheduler started\nINFO     app.services.scheduler:scheduler.py:254 \U0001f680 Tracky Scheduler started successfully\nINFO     app.services.scheduler:scheduler.py:258   - Alert Queue Processor: Next run at 2025-12-08 19:26:37.574071+05:30\nINFO     app.services.scheduler:scheduler.py:258   - Reminder Sender: Next run at 2025-12-08 14:00:00+00:00\nINFO     app.services.scheduler:scheduler.py:258   - Escalation Timeout Checker: Next run at 2025-12-08 19:51:37.574047+05:30\nINFO     app.services.scheduler:scheduler.py:258   - Stale Alert Cleanup: Next run at 2025-12-09 02:00:00+00:00\nINFO     app.services.scheduler:scheduler.py:258   - Daily Status Check Scan: Next run at 2025-12-09 05:00:00+00:00\nINFO     app.main:main.py:72 \u2705 Background scheduler started
---------------------------- Captured stderr call -----------------------------
INFO:httpx:HTTP Request: GET http://testserver/api/data/work-items/5af46665-2e52-4b39-ad4a-468a7148f71b "HTTP/1.1 503 Service Unavailable"
------------------------------ Captured log call ------------------------------
INFO     httpx:_client.py:1025 HTTP Request: GET http://testserver/api/data/work-items/5af46665-2e52-4b39-ad4a-468a7148f71b "HTTP/1.1 503 Service Unavailable"
-------------------------- Captured stderr teardown ---------------------------
INFO:app.services.scheduler:\U0001f6d1 Tracky Scheduler stopped\nINFO:app.main:\u2705 Scheduler stopped\nINFO:app.main:\U0001f44b Shutting down...\nINFO:apscheduler.scheduler:Scheduler has been shut down
---------------------------- Captured log teardown ----------------------------
INFO     app.services.scheduler:scheduler.py:265 \U0001f6d1 Tracky Scheduler stopped\nINFO     app.main:main.py:83 \u2705 Scheduler stopped\nINFO     app.main:main.py:85 \U0001f44b Shutting down...\nINFO     apscheduler.scheduler:base.py:245 Scheduler has been shut down
_____________ TestWorkItemsEndpoints.test_get_work_item_not_found _____________
tests\test_data_routes.py:307: in test_get_work_item_not_found
    assert response.status_code == 404
E   assert 503 == 404
E    +  where 503 = <Response [503 Service Unavailable]>.status_code
---------------------------- Captured stderr setup ----------------------------
INFO:app.main:\U0001f680 Starting Tracky PM v0.1.0\nINFO:app.main:Debug mode: True\nINFO:app.main:Email enabled: True\nINFO:app.main:Scheduler enabled: True\nINFO:app.main:Run scheduler (this instance): True\nINFO:apscheduler.scheduler:Adding job tentatively -- it will be properly scheduled when the scheduler starts\nINFO:apscheduler.scheduler:Adding job tentatively -- it will be properly scheduled when the scheduler starts\nINFO:apscheduler.scheduler:Adding job tentatively -- it will be properly scheduled when the scheduler starts\nINFO:apscheduler.scheduler:Adding job tentatively -- it will be properly scheduled when the scheduler starts\nINFO:apscheduler.scheduler:Adding job tentatively -- it will be properly scheduled when the scheduler starts\nINFO:apscheduler.scheduler:Added job "Daily Status Check Scan" to job store "default"\nINFO:apscheduler.scheduler:Added job "Escalation Timeout Checker" to job store "default"\nINFO:apscheduler.scheduler:Added job "Alert Queue Processor" to job store "default"\nINFO:apscheduler.scheduler:Added job "Stale Alert Cleanup" to job store "default"\nINFO:apscheduler.scheduler:Added job "Reminder Sender" to job store "default"\nINFO:apscheduler.scheduler:Scheduler started\nINFO:app.services.scheduler:\U0001f680 Tracky Scheduler started successfully\nINFO:app.services.scheduler:  - Alert Queue Processor: Next run at 2025-12-08 19:26:37.574071+05:30\nINFO:app.services.scheduler:  - Reminder Sender: Next run at 2025-12-08 14:00:00+00:00\nINFO:app.services.scheduler:  - Escalation Timeout Checker: Next run at 2025-12-08 19:51:37.574047+05:30\nINFO:app.services.scheduler:  - Stale Alert Cleanup: Next run at 2025-12-09 02:00:00+00:00\nINFO:app.services.scheduler:  - Daily Status Check Scan: Next run at 2025-12-09 05:00:00+00:00\nINFO:app.main:\u2705 Background scheduler started
----------------------------- Captured log setup ------------------------------
INFO     app.main:main.py:53 \U0001f680 Starting Tracky PM v0.1.0\nINFO     app.main:main.py:54 Debug mode: True\nINFO     app.main:main.py:55 Email enabled: True\nINFO     app.main:main.py:56 Scheduler enabled: True\nINFO     app.main:main.py:57 Run scheduler (this instance): True\nINFO     apscheduler.scheduler:base.py:507 Adding job tentatively -- it will be properly scheduled when the scheduler starts\nINFO     apscheduler.scheduler:base.py:507 Adding job tentatively -- it will be properly scheduled when the scheduler starts\nINFO     apscheduler.scheduler:base.py:507 Adding job tentatively -- it will be properly scheduled when the scheduler starts\nINFO     apscheduler.scheduler:base.py:507 Adding job tentatively -- it will be properly scheduled when the scheduler starts\nINFO     apscheduler.scheduler:base.py:507 Adding job tentatively -- it will be properly scheduled when the scheduler starts\nINFO     apscheduler.scheduler:base.py:1090 Added job "Daily Status Check Scan" to job store "default"\nINFO     apscheduler.scheduler:base.py:1090 Added job "Escalation Timeout Checker" to job store "default"\nINFO     apscheduler.scheduler:base.py:1090 Added job "Alert Queue Processor" to job store "default"\nINFO     apscheduler.scheduler:base.py:1090 Added job "Stale Alert Cleanup" to job store "default"\nINFO     apscheduler.scheduler:base.py:1090 Added job "Reminder Sender" to job store "default"\nINFO     apscheduler.scheduler:base.py:214 Scheduler started\nINFO     app.services.scheduler:scheduler.py:254 \U0001f680 Tracky Scheduler started successfully\nINFO     app.services.scheduler:scheduler.py:258   - Alert Queue Processor: Next run at 2025-12-08 19:26:37.574071+05:30\nINFO     app.services.scheduler:scheduler.py:258   - Reminder Sender: Next run at 2025-12-08 14:00:00+00:00\nINFO     app.services.scheduler:scheduler.py:258   - Escalation Timeout Checker: Next run at 2025-12-08 19:51:37.574047+05:30\nINFO     app.services.scheduler:scheduler.py:258   - Stale Alert Cleanup: Next run at 2025-12-09 02:00:00+00:00\nINFO     app.services.scheduler:scheduler.py:258   - Daily Status Check Scan: Next run at 2025-12-09 05:00:00+00:00\nINFO     app.main:main.py:72 \u2705 Background scheduler started
---------------------------- Captured stderr call -----------------------------
INFO:httpx:HTTP Request: GET http://testserver/api/data/work-items/26d9ee0e-f0e7-4e10-84b3-74e15d7b4bdf "HTTP/1.1 503 Service Unavailable"
------------------------------ Captured log call ------------------------------
INFO     httpx:_client.py:1025 HTTP Request: GET http://testserver/api/data/work-items/26d9ee0e-f0e7-4e10-84b3-74e15d7b4bdf "HTTP/1.1 503 Service Unavailable"
-------------------------- Captured stderr teardown ---------------------------
INFO:app.services.scheduler:\U0001f6d1 Tracky Scheduler stopped\nINFO:app.main:\u2705 Scheduler stopped\nINFO:app.main:\U0001f44b Shutting down...\nINFO:apscheduler.scheduler:Scheduler has been shut down
---------------------------- Captured log teardown ----------------------------
INFO     app.services.scheduler:scheduler.py:265 \U0001f6d1 Tracky Scheduler stopped\nINFO     app.main:main.py:83 \u2705 Scheduler stopped\nINFO     app.main:main.py:85 \U0001f44b Shutting down...\nINFO     apscheduler.scheduler:base.py:245 Scheduler has been shut down
______________ TestResourcesEndpoints.test_list_resources_empty _______________
tests\test_data_routes.py:320: in test_list_resources_empty
    response = client.get("/api/data/resources")
               ^^^^^^^^^^^^^^^^^^^^^^^^^^^^^^^^^
venv\Lib\site-packages\starlette\testclient.py:473: in get
    return super().get(
venv\Lib\site-packages\httpx\_client.py:1053: in get
    return self.request(
venv\Lib\site-packages\starlette\testclient.py:445: in request
    return super().request(
venv\Lib\site-packages\httpx\_client.py:825: in request
    return self.send(request, auth=auth, follow_redirects=follow_redirects)
           ^^^^^^^^^^^^^^^^^^^^^^^^^^^^^^^^^^^^^^^^^^^^^^^^^^^^^^^^^^^^^^^^
venv\Lib\site-packages\httpx\_client.py:914: in send
    response = self._send_handling_auth(
venv\Lib\site-packages\httpx\_client.py:942: in _send_handling_auth
    response = self._send_handling_redirects(
venv\Lib\site-packages\httpx\_client.py:979: in _send_handling_redirects
    response = self._send_single_request(request)
               ^^^^^^^^^^^^^^^^^^^^^^^^^^^^^^^^^^
venv\Lib\site-packages\httpx\_client.py:1014: in _send_single_request
    response = transport.handle_request(request)
               ^^^^^^^^^^^^^^^^^^^^^^^^^^^^^^^^^
venv\Lib\site-packages\starlette\testclient.py:348: in handle_request
    raise exc
venv\Lib\site-packages\starlette\testclient.py:345: in handle_request
    portal.call(self.app, scope, receive, send)
venv\Lib\site-packages\anyio\from_thread.py:326: in call
    return cast(T_Retval, self.start_task_soon(func, *args).result())
                          ^^^^^^^^^^^^^^^^^^^^^^^^^^^^^^^^^^^^^^^^^^
..\..\..\..\AppData\Local\Programs\Python\Python313\Lib\concurrent\futures\_base.py:456: in result
    return self.__get_result()
           ^^^^^^^^^^^^^^^^^^^
..\..\..\..\AppData\Local\Programs\Python\Python313\Lib\concurrent\futures\_base.py:401: in __get_result
    raise self._exception
venv\Lib\site-packages\anyio\from_thread.py:257: in _call_func
    retval = await retval_or_awaitable
             ^^^^^^^^^^^^^^^^^^^^^^^^^
venv\Lib\site-packages\fastapi\applications.py:1139: in __call__
    await super().__call__(scope, receive, send)
venv\Lib\site-packages\starlette\applications.py:107: in __call__
    await self.middleware_stack(scope, receive, send)
venv\Lib\site-packages\starlette\middleware\errors.py:186: in __call__
    raise exc
venv\Lib\site-packages\starlette\middleware\errors.py:164: in __call__
    await self.app(scope, receive, _send)
venv\Lib\site-packages\starlette\middleware\cors.py:85: in __call__
    await self.app(scope, receive, send)
venv\Lib\site-packages\starlette\middleware\exceptions.py:63: in __call__
    await wrap_app_handling_exceptions(self.app, conn)(scope, receive, send)
venv\Lib\site-packages\starlette\_exception_handler.py:53: in wrapped_app
    raise exc
venv\Lib\site-packages\starlette\_exception_handler.py:42: in wrapped_app
    await app(scope, receive, sender)
venv\Lib\site-packages\fastapi\middleware\asyncexitstack.py:18: in __call__
    await self.app(scope, receive, send)
venv\Lib\site-packages\starlette\routing.py:716: in __call__
    await self.middleware_stack(scope, receive, send)
venv\Lib\site-packages\starlette\routing.py:736: in app
    await route.handle(scope, receive, send)
venv\Lib\site-packages\starlette\routing.py:290: in handle
    await self.app(scope, receive, send)
venv\Lib\site-packages\fastapi\routing.py:120: in app
    await wrap_app_handling_exceptions(app, request)(scope, receive, send)
venv\Lib\site-packages\starlette\_exception_handler.py:53: in wrapped_app
    raise exc
venv\Lib\site-packages\starlette\_exception_handler.py:42: in wrapped_app
    await app(scope, receive, sender)
venv\Lib\site-packages\fastapi\routing.py:106: in app
    response = await f(request)
               ^^^^^^^^^^^^^^^^
venv\Lib\site-packages\fastapi\routing.py:430: in app
    raw_response = await run_endpoint_function(
venv\Lib\site-packages\fastapi\routing.py:316: in run_endpoint_function
    return await dependant.call(**values)
           ^^^^^^^^^^^^^^^^^^^^^^^^^^^^^^
app\api\routes\data_routes.py:278: in list_resources
    query = db.client.table("resources").select("*")
            ^^^^^^^^^
E   AttributeError: 'MockSupabaseClient' object has no attribute 'client'
---------------------------- Captured stderr setup ----------------------------
INFO:app.main:\U0001f680 Starting Tracky PM v0.1.0\nINFO:app.main:Debug mode: True\nINFO:app.main:Email enabled: True\nINFO:app.main:Scheduler enabled: True\nINFO:app.main:Run scheduler (this instance): True\nINFO:apscheduler.scheduler:Adding job tentatively -- it will be properly scheduled when the scheduler starts\nINFO:apscheduler.scheduler:Adding job tentatively -- it will be properly scheduled when the scheduler starts\nINFO:apscheduler.scheduler:Adding job tentatively -- it will be properly scheduled when the scheduler starts\nINFO:apscheduler.scheduler:Adding job tentatively -- it will be properly scheduled when the scheduler starts\nINFO:apscheduler.scheduler:Adding job tentatively -- it will be properly scheduled when the scheduler starts\nINFO:apscheduler.scheduler:Added job "Daily Status Check Scan" to job store "default"\nINFO:apscheduler.scheduler:Added job "Escalation Timeout Checker" to job store "default"\nINFO:apscheduler.scheduler:Added job "Alert Queue Processor" to job store "default"\nINFO:apscheduler.scheduler:Added job "Stale Alert Cleanup" to job store "default"\nINFO:apscheduler.scheduler:Added job "Reminder Sender" to job store "default"\nINFO:apscheduler.scheduler:Scheduler started\nINFO:app.services.scheduler:\U0001f680 Tracky Scheduler started successfully\nINFO:app.services.scheduler:  - Alert Queue Processor: Next run at 2025-12-08 19:26:37.574071+05:30\nINFO:app.services.scheduler:  - Reminder Sender: Next run at 2025-12-08 14:00:00+00:00\nINFO:app.services.scheduler:  - Escalation Timeout Checker: Next run at 2025-12-08 19:51:37.574047+05:30\nINFO:app.services.scheduler:  - Stale Alert Cleanup: Next run at 2025-12-09 02:00:00+00:00\nINFO:app.services.scheduler:  - Daily Status Check Scan: Next run at 2025-12-09 05:00:00+00:00\nINFO:app.main:\u2705 Background scheduler started
----------------------------- Captured log setup ------------------------------
INFO     app.main:main.py:53 \U0001f680 Starting Tracky PM v0.1.0\nINFO     app.main:main.py:54 Debug mode: True\nINFO     app.main:main.py:55 Email enabled: True\nINFO     app.main:main.py:56 Scheduler enabled: True\nINFO     app.main:main.py:57 Run scheduler (this instance): True\nINFO     apscheduler.scheduler:base.py:507 Adding job tentatively -- it will be properly scheduled when the scheduler starts\nINFO     apscheduler.scheduler:base.py:507 Adding job tentatively -- it will be properly scheduled when the scheduler starts\nINFO     apscheduler.scheduler:base.py:507 Adding job tentatively -- it will be properly scheduled when the scheduler starts\nINFO     apscheduler.scheduler:base.py:507 Adding job tentatively -- it will be properly scheduled when the scheduler starts\nINFO     apscheduler.scheduler:base.py:507 Adding job tentatively -- it will be properly scheduled when the scheduler starts\nINFO     apscheduler.scheduler:base.py:1090 Added job "Daily Status Check Scan" to job store "default"\nINFO     apscheduler.scheduler:base.py:1090 Added job "Escalation Timeout Checker" to job store "default"\nINFO     apscheduler.scheduler:base.py:1090 Added job "Alert Queue Processor" to job store "default"\nINFO     apscheduler.scheduler:base.py:1090 Added job "Stale Alert Cleanup" to job store "default"\nINFO     apscheduler.scheduler:base.py:1090 Added job "Reminder Sender" to job store "default"\nINFO     apscheduler.scheduler:base.py:214 Scheduler started\nINFO     app.services.scheduler:scheduler.py:254 \U0001f680 Tracky Scheduler started successfully\nINFO     app.services.scheduler:scheduler.py:258   - Alert Queue Processor: Next run at 2025-12-08 19:26:37.574071+05:30\nINFO     app.services.scheduler:scheduler.py:258   - Reminder Sender: Next run at 2025-12-08 14:00:00+00:00\nINFO     app.services.scheduler:scheduler.py:258   - Escalation Timeout Checker: Next run at 2025-12-08 19:51:37.574047+05:30\nINFO     app.services.scheduler:scheduler.py:258   - Stale Alert Cleanup: Next run at 2025-12-09 02:00:00+00:00\nINFO     app.services.scheduler:scheduler.py:258   - Daily Status Check Scan: Next run at 2025-12-09 05:00:00+00:00\nINFO     app.main:main.py:72 \u2705 Background scheduler started
-------------------------- Captured stderr teardown ---------------------------
INFO:app.services.scheduler:\U0001f6d1 Tracky Scheduler stopped\nINFO:app.main:\u2705 Scheduler stopped\nINFO:app.main:\U0001f44b Shutting down...\nINFO:apscheduler.scheduler:Scheduler has been shut down
---------------------------- Captured log teardown ----------------------------
INFO     app.services.scheduler:scheduler.py:265 \U0001f6d1 Tracky Scheduler stopped\nINFO     app.main:main.py:83 \u2705 Scheduler stopped\nINFO     app.main:main.py:85 \U0001f44b Shutting down...\nINFO     apscheduler.scheduler:base.py:245 Scheduler has been shut down
____________ TestResourcesEndpoints.test_list_resources_with_data _____________
tests\test_data_routes.py:334: in test_list_resources_with_data
    response = client.get("/api/data/resources")
               ^^^^^^^^^^^^^^^^^^^^^^^^^^^^^^^^^
venv\Lib\site-packages\starlette\testclient.py:473: in get
    return super().get(
venv\Lib\site-packages\httpx\_client.py:1053: in get
    return self.request(
venv\Lib\site-packages\starlette\testclient.py:445: in request
    return super().request(
venv\Lib\site-packages\httpx\_client.py:825: in request
    return self.send(request, auth=auth, follow_redirects=follow_redirects)
           ^^^^^^^^^^^^^^^^^^^^^^^^^^^^^^^^^^^^^^^^^^^^^^^^^^^^^^^^^^^^^^^^
venv\Lib\site-packages\httpx\_client.py:914: in send
    response = self._send_handling_auth(
venv\Lib\site-packages\httpx\_client.py:942: in _send_handling_auth
    response = self._send_handling_redirects(
venv\Lib\site-packages\httpx\_client.py:979: in _send_handling_redirects
    response = self._send_single_request(request)
               ^^^^^^^^^^^^^^^^^^^^^^^^^^^^^^^^^^
venv\Lib\site-packages\httpx\_client.py:1014: in _send_single_request
    response = transport.handle_request(request)
               ^^^^^^^^^^^^^^^^^^^^^^^^^^^^^^^^^
venv\Lib\site-packages\starlette\testclient.py:348: in handle_request
    raise exc
venv\Lib\site-packages\starlette\testclient.py:345: in handle_request
    portal.call(self.app, scope, receive, send)
venv\Lib\site-packages\anyio\from_thread.py:326: in call
    return cast(T_Retval, self.start_task_soon(func, *args).result())
                          ^^^^^^^^^^^^^^^^^^^^^^^^^^^^^^^^^^^^^^^^^^
..\..\..\..\AppData\Local\Programs\Python\Python313\Lib\concurrent\futures\_base.py:449: in result
    return self.__get_result()
           ^^^^^^^^^^^^^^^^^^^
..\..\..\..\AppData\Local\Programs\Python\Python313\Lib\concurrent\futures\_base.py:401: in __get_result
    raise self._exception
venv\Lib\site-packages\anyio\from_thread.py:257: in _call_func
    retval = await retval_or_awaitable
             ^^^^^^^^^^^^^^^^^^^^^^^^^
venv\Lib\site-packages\fastapi\applications.py:1139: in __call__
    await super().__call__(scope, receive, send)
venv\Lib\site-packages\starlette\applications.py:107: in __call__
    await self.middleware_stack(scope, receive, send)
venv\Lib\site-packages\starlette\middleware\errors.py:186: in __call__
    raise exc
venv\Lib\site-packages\starlette\middleware\errors.py:164: in __call__
    await self.app(scope, receive, _send)
venv\Lib\site-packages\starlette\middleware\cors.py:85: in __call__
    await self.app(scope, receive, send)
venv\Lib\site-packages\starlette\middleware\exceptions.py:63: in __call__
    await wrap_app_handling_exceptions(self.app, conn)(scope, receive, send)
venv\Lib\site-packages\starlette\_exception_handler.py:53: in wrapped_app
    raise exc
venv\Lib\site-packages\starlette\_exception_handler.py:42: in wrapped_app
    await app(scope, receive, sender)
venv\Lib\site-packages\fastapi\middleware\asyncexitstack.py:18: in __call__
    await self.app(scope, receive, send)
venv\Lib\site-packages\starlette\routing.py:716: in __call__
    await self.middleware_stack(scope, receive, send)
venv\Lib\site-packages\starlette\routing.py:736: in app
    await route.handle(scope, receive, send)
venv\Lib\site-packages\starlette\routing.py:290: in handle
    await self.app(scope, receive, send)
venv\Lib\site-packages\fastapi\routing.py:120: in app
    await wrap_app_handling_exceptions(app, request)(scope, receive, send)
venv\Lib\site-packages\starlette\_exception_handler.py:53: in wrapped_app
    raise exc
venv\Lib\site-packages\starlette\_exception_handler.py:42: in wrapped_app
    await app(scope, receive, sender)
venv\Lib\site-packages\fastapi\routing.py:106: in app
    response = await f(request)
               ^^^^^^^^^^^^^^^^
venv\Lib\site-packages\fastapi\routing.py:430: in app
    raw_response = await run_endpoint_function(
venv\Lib\site-packages\fastapi\routing.py:316: in run_endpoint_function
    return await dependant.call(**values)
           ^^^^^^^^^^^^^^^^^^^^^^^^^^^^^^
app\api\routes\data_routes.py:278: in list_resources
    query = db.client.table("resources").select("*")
            ^^^^^^^^^
E   AttributeError: 'MockSupabaseClient' object has no attribute 'client'
---------------------------- Captured stderr setup ----------------------------
INFO:app.main:\U0001f680 Starting Tracky PM v0.1.0\nINFO:app.main:Debug mode: True\nINFO:app.main:Email enabled: True\nINFO:app.main:Scheduler enabled: True\nINFO:app.main:Run scheduler (this instance): True\nINFO:apscheduler.scheduler:Adding job tentatively -- it will be properly scheduled when the scheduler starts\nINFO:apscheduler.scheduler:Adding job tentatively -- it will be properly scheduled when the scheduler starts\nINFO:apscheduler.scheduler:Adding job tentatively -- it will be properly scheduled when the scheduler starts\nINFO:apscheduler.scheduler:Adding job tentatively -- it will be properly scheduled when the scheduler starts\nINFO:apscheduler.scheduler:Adding job tentatively -- it will be properly scheduled when the scheduler starts\nINFO:apscheduler.scheduler:Added job "Daily Status Check Scan" to job store "default"\nINFO:apscheduler.scheduler:Added job "Escalation Timeout Checker" to job store "default"\nINFO:apscheduler.scheduler:Added job "Alert Queue Processor" to job store "default"\nINFO:apscheduler.scheduler:Added job "Stale Alert Cleanup" to job store "default"\nINFO:apscheduler.scheduler:Added job "Reminder Sender" to job store "default"\nINFO:apscheduler.scheduler:Scheduler started\nINFO:app.services.scheduler:\U0001f680 Tracky Scheduler started successfully\nINFO:app.services.scheduler:  - Alert Queue Processor: Next run at 2025-12-08 19:26:37.574071+05:30\nINFO:app.services.scheduler:  - Reminder Sender: Next run at 2025-12-08 14:00:00+00:00\nINFO:app.services.scheduler:  - Escalation Timeout Checker: Next run at 2025-12-08 19:51:37.574047+05:30\nINFO:app.services.scheduler:  - Stale Alert Cleanup: Next run at 2025-12-09 02:00:00+00:00\nINFO:app.services.scheduler:  - Daily Status Check Scan: Next run at 2025-12-09 05:00:00+00:00\nINFO:app.main:\u2705 Background scheduler started
----------------------------- Captured log setup ------------------------------
INFO     app.main:main.py:53 \U0001f680 Starting Tracky PM v0.1.0\nINFO     app.main:main.py:54 Debug mode: True\nINFO     app.main:main.py:55 Email enabled: True\nINFO     app.main:main.py:56 Scheduler enabled: True\nINFO     app.main:main.py:57 Run scheduler (this instance): True\nINFO     apscheduler.scheduler:base.py:507 Adding job tentatively -- it will be properly scheduled when the scheduler starts\nINFO     apscheduler.scheduler:base.py:507 Adding job tentatively -- it will be properly scheduled when the scheduler starts\nINFO     apscheduler.scheduler:base.py:507 Adding job tentatively -- it will be properly scheduled when the scheduler starts\nINFO     apscheduler.scheduler:base.py:507 Adding job tentatively -- it will be properly scheduled when the scheduler starts\nINFO     apscheduler.scheduler:base.py:507 Adding job tentatively -- it will be properly scheduled when the scheduler starts\nINFO     apscheduler.scheduler:base.py:1090 Added job "Daily Status Check Scan" to job store "default"\nINFO     apscheduler.scheduler:base.py:1090 Added job "Escalation Timeout Checker" to job store "default"\nINFO     apscheduler.scheduler:base.py:1090 Added job "Alert Queue Processor" to job store "default"\nINFO     apscheduler.scheduler:base.py:1090 Added job "Stale Alert Cleanup" to job store "default"\nINFO     apscheduler.scheduler:base.py:1090 Added job "Reminder Sender" to job store "default"\nINFO     apscheduler.scheduler:base.py:214 Scheduler started\nINFO     app.services.scheduler:scheduler.py:254 \U0001f680 Tracky Scheduler started successfully\nINFO     app.services.scheduler:scheduler.py:258   - Alert Queue Processor: Next run at 2025-12-08 19:26:37.574071+05:30\nINFO     app.services.scheduler:scheduler.py:258   - Reminder Sender: Next run at 2025-12-08 14:00:00+00:00\nINFO     app.services.scheduler:scheduler.py:258   - Escalation Timeout Checker: Next run at 2025-12-08 19:51:37.574047+05:30\nINFO     app.services.scheduler:scheduler.py:258   - Stale Alert Cleanup: Next run at 2025-12-09 02:00:00+00:00\nINFO     app.services.scheduler:scheduler.py:258   - Daily Status Check Scan: Next run at 2025-12-09 05:00:00+00:00\nINFO     app.main:main.py:72 \u2705 Background scheduler started
-------------------------- Captured stderr teardown ---------------------------
INFO:app.services.scheduler:\U0001f6d1 Tracky Scheduler stopped\nINFO:app.main:\u2705 Scheduler stopped\nINFO:app.main:\U0001f44b Shutting down...\nINFO:apscheduler.scheduler:Scheduler has been shut down
---------------------------- Captured log teardown ----------------------------
INFO     app.services.scheduler:scheduler.py:265 \U0001f6d1 Tracky Scheduler stopped\nINFO     app.main:main.py:83 \u2705 Scheduler stopped\nINFO     app.main:main.py:85 \U0001f44b Shutting down...\nINFO     apscheduler.scheduler:base.py:245 Scheduler has been shut down
_________ TestResourcesEndpoints.test_list_resources_filter_by_status _________
tests\test_data_routes.py:360: in test_list_resources_filter_by_status
    response = client.get("/api/data/resources?status=ACTIVE")
               ^^^^^^^^^^^^^^^^^^^^^^^^^^^^^^^^^^^^^^^^^^^^^^^
venv\Lib\site-packages\starlette\testclient.py:473: in get
    return super().get(
venv\Lib\site-packages\httpx\_client.py:1053: in get
    return self.request(
venv\Lib\site-packages\starlette\testclient.py:445: in request
    return super().request(
venv\Lib\site-packages\httpx\_client.py:825: in request
    return self.send(request, auth=auth, follow_redirects=follow_redirects)
           ^^^^^^^^^^^^^^^^^^^^^^^^^^^^^^^^^^^^^^^^^^^^^^^^^^^^^^^^^^^^^^^^
venv\Lib\site-packages\httpx\_client.py:914: in send
    response = self._send_handling_auth(
venv\Lib\site-packages\httpx\_client.py:942: in _send_handling_auth
    response = self._send_handling_redirects(
venv\Lib\site-packages\httpx\_client.py:979: in _send_handling_redirects
    response = self._send_single_request(request)
               ^^^^^^^^^^^^^^^^^^^^^^^^^^^^^^^^^^
venv\Lib\site-packages\httpx\_client.py:1014: in _send_single_request
    response = transport.handle_request(request)
               ^^^^^^^^^^^^^^^^^^^^^^^^^^^^^^^^^
venv\Lib\site-packages\starlette\testclient.py:348: in handle_request
    raise exc
venv\Lib\site-packages\starlette\testclient.py:345: in handle_request
    portal.call(self.app, scope, receive, send)
venv\Lib\site-packages\anyio\from_thread.py:326: in call
    return cast(T_Retval, self.start_task_soon(func, *args).result())
                          ^^^^^^^^^^^^^^^^^^^^^^^^^^^^^^^^^^^^^^^^^^
..\..\..\..\AppData\Local\Programs\Python\Python313\Lib\concurrent\futures\_base.py:456: in result
    return self.__get_result()
           ^^^^^^^^^^^^^^^^^^^
..\..\..\..\AppData\Local\Programs\Python\Python313\Lib\concurrent\futures\_base.py:401: in __get_result
    raise self._exception
venv\Lib\site-packages\anyio\from_thread.py:257: in _call_func
    retval = await retval_or_awaitable
             ^^^^^^^^^^^^^^^^^^^^^^^^^
venv\Lib\site-packages\fastapi\applications.py:1139: in __call__
    await super().__call__(scope, receive, send)
venv\Lib\site-packages\starlette\applications.py:107: in __call__
    await self.middleware_stack(scope, receive, send)
venv\Lib\site-packages\starlette\middleware\errors.py:186: in __call__
    raise exc
venv\Lib\site-packages\starlette\middleware\errors.py:164: in __call__
    await self.app(scope, receive, _send)
venv\Lib\site-packages\starlette\middleware\cors.py:85: in __call__
    await self.app(scope, receive, send)
venv\Lib\site-packages\starlette\middleware\exceptions.py:63: in __call__
    await wrap_app_handling_exceptions(self.app, conn)(scope, receive, send)
venv\Lib\site-packages\starlette\_exception_handler.py:53: in wrapped_app
    raise exc
venv\Lib\site-packages\starlette\_exception_handler.py:42: in wrapped_app
    await app(scope, receive, sender)
venv\Lib\site-packages\fastapi\middleware\asyncexitstack.py:18: in __call__
    await self.app(scope, receive, send)
venv\Lib\site-packages\starlette\routing.py:716: in __call__
    await self.middleware_stack(scope, receive, send)
venv\Lib\site-packages\starlette\routing.py:736: in app
    await route.handle(scope, receive, send)
venv\Lib\site-packages\starlette\routing.py:290: in handle
    await self.app(scope, receive, send)
venv\Lib\site-packages\fastapi\routing.py:120: in app
    await wrap_app_handling_exceptions(app, request)(scope, receive, send)
venv\Lib\site-packages\starlette\_exception_handler.py:53: in wrapped_app
    raise exc
venv\Lib\site-packages\starlette\_exception_handler.py:42: in wrapped_app
    await app(scope, receive, sender)
venv\Lib\site-packages\fastapi\routing.py:106: in app
    response = await f(request)
               ^^^^^^^^^^^^^^^^
venv\Lib\site-packages\fastapi\routing.py:430: in app
    raw_response = await run_endpoint_function(
venv\Lib\site-packages\fastapi\routing.py:316: in run_endpoint_function
    return await dependant.call(**values)
           ^^^^^^^^^^^^^^^^^^^^^^^^^^^^^^
app\api\routes\data_routes.py:278: in list_resources
    query = db.client.table("resources").select("*")
            ^^^^^^^^^
E   AttributeError: 'MockSupabaseClient' object has no attribute 'client'
---------------------------- Captured stderr setup ----------------------------
INFO:app.main:\U0001f680 Starting Tracky PM v0.1.0\nINFO:app.main:Debug mode: True\nINFO:app.main:Email enabled: True\nINFO:app.main:Scheduler enabled: True\nINFO:app.main:Run scheduler (this instance): True\nINFO:apscheduler.scheduler:Adding job tentatively -- it will be properly scheduled when the scheduler starts\nINFO:apscheduler.scheduler:Adding job tentatively -- it will be properly scheduled when the scheduler starts\nINFO:apscheduler.scheduler:Adding job tentatively -- it will be properly scheduled when the scheduler starts\nINFO:apscheduler.scheduler:Adding job tentatively -- it will be properly scheduled when the scheduler starts\nINFO:apscheduler.scheduler:Adding job tentatively -- it will be properly scheduled when the scheduler starts\nINFO:apscheduler.scheduler:Added job "Daily Status Check Scan" to job store "default"\nINFO:apscheduler.scheduler:Added job "Escalation Timeout Checker" to job store "default"\nINFO:apscheduler.scheduler:Added job "Alert Queue Processor" to job store "default"\nINFO:apscheduler.scheduler:Added job "Stale Alert Cleanup" to job store "default"\nINFO:apscheduler.scheduler:Added job "Reminder Sender" to job store "default"\nINFO:apscheduler.scheduler:Scheduler started\nINFO:app.services.scheduler:\U0001f680 Tracky Scheduler started successfully\nINFO:app.services.scheduler:  - Alert Queue Processor: Next run at 2025-12-08 19:26:37.574071+05:30\nINFO:app.services.scheduler:  - Reminder Sender: Next run at 2025-12-08 14:00:00+00:00\nINFO:app.services.scheduler:  - Escalation Timeout Checker: Next run at 2025-12-08 19:51:37.574047+05:30\nINFO:app.services.scheduler:  - Stale Alert Cleanup: Next run at 2025-12-09 02:00:00+00:00\nINFO:app.services.scheduler:  - Daily Status Check Scan: Next run at 2025-12-09 05:00:00+00:00\nINFO:app.main:\u2705 Background scheduler started
----------------------------- Captured log setup ------------------------------
INFO     app.main:main.py:53 \U0001f680 Starting Tracky PM v0.1.0\nINFO     app.main:main.py:54 Debug mode: True\nINFO     app.main:main.py:55 Email enabled: True\nINFO     app.main:main.py:56 Scheduler enabled: True\nINFO     app.main:main.py:57 Run scheduler (this instance): True\nINFO     apscheduler.scheduler:base.py:507 Adding job tentatively -- it will be properly scheduled when the scheduler starts\nINFO     apscheduler.scheduler:base.py:507 Adding job tentatively -- it will be properly scheduled when the scheduler starts\nINFO     apscheduler.scheduler:base.py:507 Adding job tentatively -- it will be properly scheduled when the scheduler starts\nINFO     apscheduler.scheduler:base.py:507 Adding job tentatively -- it will be properly scheduled when the scheduler starts\nINFO     apscheduler.scheduler:base.py:507 Adding job tentatively -- it will be properly scheduled when the scheduler starts\nINFO     apscheduler.scheduler:base.py:1090 Added job "Daily Status Check Scan" to job store "default"\nINFO     apscheduler.scheduler:base.py:1090 Added job "Escalation Timeout Checker" to job store "default"\nINFO     apscheduler.scheduler:base.py:1090 Added job "Alert Queue Processor" to job store "default"\nINFO     apscheduler.scheduler:base.py:1090 Added job "Stale Alert Cleanup" to job store "default"\nINFO     apscheduler.scheduler:base.py:1090 Added job "Reminder Sender" to job store "default"\nINFO     apscheduler.scheduler:base.py:214 Scheduler started\nINFO     app.services.scheduler:scheduler.py:254 \U0001f680 Tracky Scheduler started successfully\nINFO     app.services.scheduler:scheduler.py:258   - Alert Queue Processor: Next run at 2025-12-08 19:26:37.574071+05:30\nINFO     app.services.scheduler:scheduler.py:258   - Reminder Sender: Next run at 2025-12-08 14:00:00+00:00\nINFO     app.services.scheduler:scheduler.py:258   - Escalation Timeout Checker: Next run at 2025-12-08 19:51:37.574047+05:30\nINFO     app.services.scheduler:scheduler.py:258   - Stale Alert Cleanup: Next run at 2025-12-09 02:00:00+00:00\nINFO     app.services.scheduler:scheduler.py:258   - Daily Status Check Scan: Next run at 2025-12-09 05:00:00+00:00\nINFO     app.main:main.py:72 \u2705 Background scheduler started
-------------------------- Captured stderr teardown ---------------------------
INFO:app.services.scheduler:\U0001f6d1 Tracky Scheduler stopped\nINFO:app.main:\u2705 Scheduler stopped\nINFO:app.main:\U0001f44b Shutting down...\nINFO:apscheduler.scheduler:Scheduler has been shut down
---------------------------- Captured log teardown ----------------------------
INFO     app.services.scheduler:scheduler.py:265 \U0001f6d1 Tracky Scheduler stopped\nINFO     app.main:main.py:83 \u2705 Scheduler stopped\nINFO     app.main:main.py:85 \U0001f44b Shutting down...\nINFO     apscheduler.scheduler:base.py:245 Scheduler has been shut down
______________ TestResourcesEndpoints.test_get_resource_success _______________
tests\test_data_routes.py:371: in test_get_resource_success
    response = client.get(f"/api/data/resources/{resource['id']}")
               ^^^^^^^^^^^^^^^^^^^^^^^^^^^^^^^^^^^^^^^^^^^^^^^^^^^
venv\Lib\site-packages\starlette\testclient.py:473: in get
    return super().get(
venv\Lib\site-packages\httpx\_client.py:1053: in get
    return self.request(
venv\Lib\site-packages\starlette\testclient.py:445: in request
    return super().request(
venv\Lib\site-packages\httpx\_client.py:825: in request
    return self.send(request, auth=auth, follow_redirects=follow_redirects)
           ^^^^^^^^^^^^^^^^^^^^^^^^^^^^^^^^^^^^^^^^^^^^^^^^^^^^^^^^^^^^^^^^
venv\Lib\site-packages\httpx\_client.py:914: in send
    response = self._send_handling_auth(
venv\Lib\site-packages\httpx\_client.py:942: in _send_handling_auth
    response = self._send_handling_redirects(
venv\Lib\site-packages\httpx\_client.py:979: in _send_handling_redirects
    response = self._send_single_request(request)
               ^^^^^^^^^^^^^^^^^^^^^^^^^^^^^^^^^^
venv\Lib\site-packages\httpx\_client.py:1014: in _send_single_request
    response = transport.handle_request(request)
               ^^^^^^^^^^^^^^^^^^^^^^^^^^^^^^^^^
venv\Lib\site-packages\starlette\testclient.py:348: in handle_request
    raise exc
venv\Lib\site-packages\starlette\testclient.py:345: in handle_request
    portal.call(self.app, scope, receive, send)
venv\Lib\site-packages\anyio\from_thread.py:326: in call
    return cast(T_Retval, self.start_task_soon(func, *args).result())
                          ^^^^^^^^^^^^^^^^^^^^^^^^^^^^^^^^^^^^^^^^^^
..\..\..\..\AppData\Local\Programs\Python\Python313\Lib\concurrent\futures\_base.py:456: in result
    return self.__get_result()
           ^^^^^^^^^^^^^^^^^^^
..\..\..\..\AppData\Local\Programs\Python\Python313\Lib\concurrent\futures\_base.py:401: in __get_result
    raise self._exception
venv\Lib\site-packages\anyio\from_thread.py:257: in _call_func
    retval = await retval_or_awaitable
             ^^^^^^^^^^^^^^^^^^^^^^^^^
venv\Lib\site-packages\fastapi\applications.py:1139: in __call__
    await super().__call__(scope, receive, send)
venv\Lib\site-packages\starlette\applications.py:107: in __call__
    await self.middleware_stack(scope, receive, send)
venv\Lib\site-packages\starlette\middleware\errors.py:186: in __call__
    raise exc
venv\Lib\site-packages\starlette\middleware\errors.py:164: in __call__
    await self.app(scope, receive, _send)
venv\Lib\site-packages\starlette\middleware\cors.py:85: in __call__
    await self.app(scope, receive, send)
venv\Lib\site-packages\starlette\middleware\exceptions.py:63: in __call__
    await wrap_app_handling_exceptions(self.app, conn)(scope, receive, send)
venv\Lib\site-packages\starlette\_exception_handler.py:53: in wrapped_app
    raise exc
venv\Lib\site-packages\starlette\_exception_handler.py:42: in wrapped_app
    await app(scope, receive, sender)
venv\Lib\site-packages\fastapi\middleware\asyncexitstack.py:18: in __call__
    await self.app(scope, receive, send)
venv\Lib\site-packages\starlette\routing.py:716: in __call__
    await self.middleware_stack(scope, receive, send)
venv\Lib\site-packages\starlette\routing.py:736: in app
    await route.handle(scope, receive, send)
venv\Lib\site-packages\starlette\routing.py:290: in handle
    await self.app(scope, receive, send)
venv\Lib\site-packages\fastapi\routing.py:120: in app
    await wrap_app_handling_exceptions(app, request)(scope, receive, send)
venv\Lib\site-packages\starlette\_exception_handler.py:53: in wrapped_app
    raise exc
venv\Lib\site-packages\starlette\_exception_handler.py:42: in wrapped_app
    await app(scope, receive, sender)
venv\Lib\site-packages\fastapi\routing.py:106: in app
    response = await f(request)
               ^^^^^^^^^^^^^^^^
venv\Lib\site-packages\fastapi\routing.py:430: in app
    raw_response = await run_endpoint_function(
venv\Lib\site-packages\fastapi\routing.py:316: in run_endpoint_function
    return await dependant.call(**values)
           ^^^^^^^^^^^^^^^^^^^^^^^^^^^^^^
app\api\routes\data_routes.py:325: in get_resource
    response = db.client.table("resources").select("*").eq("id", resource_id).execute()
               ^^^^^^^^^
E   AttributeError: 'MockSupabaseClient' object has no attribute 'client'
---------------------------- Captured stderr setup ----------------------------
INFO:app.main:\U0001f680 Starting Tracky PM v0.1.0\nINFO:app.main:Debug mode: True\nINFO:app.main:Email enabled: True\nINFO:app.main:Scheduler enabled: True\nINFO:app.main:Run scheduler (this instance): True\nINFO:apscheduler.scheduler:Adding job tentatively -- it will be properly scheduled when the scheduler starts\nINFO:apscheduler.scheduler:Adding job tentatively -- it will be properly scheduled when the scheduler starts\nINFO:apscheduler.scheduler:Adding job tentatively -- it will be properly scheduled when the scheduler starts\nINFO:apscheduler.scheduler:Adding job tentatively -- it will be properly scheduled when the scheduler starts\nINFO:apscheduler.scheduler:Adding job tentatively -- it will be properly scheduled when the scheduler starts\nINFO:apscheduler.scheduler:Added job "Daily Status Check Scan" to job store "default"\nINFO:apscheduler.scheduler:Added job "Escalation Timeout Checker" to job store "default"\nINFO:apscheduler.scheduler:Added job "Alert Queue Processor" to job store "default"\nINFO:apscheduler.scheduler:Added job "Stale Alert Cleanup" to job store "default"\nINFO:apscheduler.scheduler:Added job "Reminder Sender" to job store "default"\nINFO:apscheduler.scheduler:Scheduler started\nINFO:app.services.scheduler:\U0001f680 Tracky Scheduler started successfully\nINFO:app.services.scheduler:  - Alert Queue Processor: Next run at 2025-12-08 19:26:37.574071+05:30\nINFO:app.services.scheduler:  - Reminder Sender: Next run at 2025-12-08 14:00:00+00:00\nINFO:app.services.scheduler:  - Escalation Timeout Checker: Next run at 2025-12-08 19:51:37.574047+05:30\nINFO:app.services.scheduler:  - Stale Alert Cleanup: Next run at 2025-12-09 02:00:00+00:00\nINFO:app.services.scheduler:  - Daily Status Check Scan: Next run at 2025-12-09 05:00:00+00:00\nINFO:app.main:\u2705 Background scheduler started
----------------------------- Captured log setup ------------------------------
INFO     app.main:main.py:53 \U0001f680 Starting Tracky PM v0.1.0\nINFO     app.main:main.py:54 Debug mode: True\nINFO     app.main:main.py:55 Email enabled: True\nINFO     app.main:main.py:56 Scheduler enabled: True\nINFO     app.main:main.py:57 Run scheduler (this instance): True\nINFO     apscheduler.scheduler:base.py:507 Adding job tentatively -- it will be properly scheduled when the scheduler starts\nINFO     apscheduler.scheduler:base.py:507 Adding job tentatively -- it will be properly scheduled when the scheduler starts\nINFO     apscheduler.scheduler:base.py:507 Adding job tentatively -- it will be properly scheduled when the scheduler starts\nINFO     apscheduler.scheduler:base.py:507 Adding job tentatively -- it will be properly scheduled when the scheduler starts\nINFO     apscheduler.scheduler:base.py:507 Adding job tentatively -- it will be properly scheduled when the scheduler starts\nINFO     apscheduler.scheduler:base.py:1090 Added job "Daily Status Check Scan" to job store "default"\nINFO     apscheduler.scheduler:base.py:1090 Added job "Escalation Timeout Checker" to job store "default"\nINFO     apscheduler.scheduler:base.py:1090 Added job "Alert Queue Processor" to job store "default"\nINFO     apscheduler.scheduler:base.py:1090 Added job "Stale Alert Cleanup" to job store "default"\nINFO     apscheduler.scheduler:base.py:1090 Added job "Reminder Sender" to job store "default"\nINFO     apscheduler.scheduler:base.py:214 Scheduler started\nINFO     app.services.scheduler:scheduler.py:254 \U0001f680 Tracky Scheduler started successfully\nINFO     app.services.scheduler:scheduler.py:258   - Alert Queue Processor: Next run at 2025-12-08 19:26:37.574071+05:30\nINFO     app.services.scheduler:scheduler.py:258   - Reminder Sender: Next run at 2025-12-08 14:00:00+00:00\nINFO     app.services.scheduler:scheduler.py:258   - Escalation Timeout Checker: Next run at 2025-12-08 19:51:37.574047+05:30\nINFO     app.services.scheduler:scheduler.py:258   - Stale Alert Cleanup: Next run at 2025-12-09 02:00:00+00:00\nINFO     app.services.scheduler:scheduler.py:258   - Daily Status Check Scan: Next run at 2025-12-09 05:00:00+00:00\nINFO     app.main:main.py:72 \u2705 Background scheduler started
-------------------------- Captured stderr teardown ---------------------------
INFO:app.services.scheduler:\U0001f6d1 Tracky Scheduler stopped\nINFO:app.main:\u2705 Scheduler stopped\nINFO:app.main:\U0001f44b Shutting down...\nINFO:apscheduler.scheduler:Scheduler has been shut down
---------------------------- Captured log teardown ----------------------------
INFO     app.services.scheduler:scheduler.py:265 \U0001f6d1 Tracky Scheduler stopped\nINFO     app.main:main.py:83 \u2705 Scheduler stopped\nINFO     app.main:main.py:85 \U0001f44b Shutting down...\nINFO     apscheduler.scheduler:base.py:245 Scheduler has been shut down
_____________ TestResourcesEndpoints.test_get_resource_not_found ______________
tests\test_data_routes.py:383: in test_get_resource_not_found
    response = client.get(f"/api/data/resources/{fake_id}")
               ^^^^^^^^^^^^^^^^^^^^^^^^^^^^^^^^^^^^^^^^^^^^
venv\Lib\site-packages\starlette\testclient.py:473: in get
    return super().get(
venv\Lib\site-packages\httpx\_client.py:1053: in get
    return self.request(
venv\Lib\site-packages\starlette\testclient.py:445: in request
    return super().request(
venv\Lib\site-packages\httpx\_client.py:825: in request
    return self.send(request, auth=auth, follow_redirects=follow_redirects)
           ^^^^^^^^^^^^^^^^^^^^^^^^^^^^^^^^^^^^^^^^^^^^^^^^^^^^^^^^^^^^^^^^
venv\Lib\site-packages\httpx\_client.py:914: in send
    response = self._send_handling_auth(
venv\Lib\site-packages\httpx\_client.py:942: in _send_handling_auth
    response = self._send_handling_redirects(
venv\Lib\site-packages\httpx\_client.py:979: in _send_handling_redirects
    response = self._send_single_request(request)
               ^^^^^^^^^^^^^^^^^^^^^^^^^^^^^^^^^^
venv\Lib\site-packages\httpx\_client.py:1014: in _send_single_request
    response = transport.handle_request(request)
               ^^^^^^^^^^^^^^^^^^^^^^^^^^^^^^^^^
venv\Lib\site-packages\starlette\testclient.py:348: in handle_request
    raise exc
venv\Lib\site-packages\starlette\testclient.py:345: in handle_request
    portal.call(self.app, scope, receive, send)
venv\Lib\site-packages\anyio\from_thread.py:326: in call
    return cast(T_Retval, self.start_task_soon(func, *args).result())
                          ^^^^^^^^^^^^^^^^^^^^^^^^^^^^^^^^^^^^^^^^^^
..\..\..\..\AppData\Local\Programs\Python\Python313\Lib\concurrent\futures\_base.py:456: in result
    return self.__get_result()
           ^^^^^^^^^^^^^^^^^^^
..\..\..\..\AppData\Local\Programs\Python\Python313\Lib\concurrent\futures\_base.py:401: in __get_result
    raise self._exception
venv\Lib\site-packages\anyio\from_thread.py:257: in _call_func
    retval = await retval_or_awaitable
             ^^^^^^^^^^^^^^^^^^^^^^^^^
venv\Lib\site-packages\fastapi\applications.py:1139: in __call__
    await super().__call__(scope, receive, send)
venv\Lib\site-packages\starlette\applications.py:107: in __call__
    await self.middleware_stack(scope, receive, send)
venv\Lib\site-packages\starlette\middleware\errors.py:186: in __call__
    raise exc
venv\Lib\site-packages\starlette\middleware\errors.py:164: in __call__
    await self.app(scope, receive, _send)
venv\Lib\site-packages\starlette\middleware\cors.py:85: in __call__
    await self.app(scope, receive, send)
venv\Lib\site-packages\starlette\middleware\exceptions.py:63: in __call__
    await wrap_app_handling_exceptions(self.app, conn)(scope, receive, send)
venv\Lib\site-packages\starlette\_exception_handler.py:53: in wrapped_app
    raise exc
venv\Lib\site-packages\starlette\_exception_handler.py:42: in wrapped_app
    await app(scope, receive, sender)
venv\Lib\site-packages\fastapi\middleware\asyncexitstack.py:18: in __call__
    await self.app(scope, receive, send)
venv\Lib\site-packages\starlette\routing.py:716: in __call__
    await self.middleware_stack(scope, receive, send)
venv\Lib\site-packages\starlette\routing.py:736: in app
    await route.handle(scope, receive, send)
venv\Lib\site-packages\starlette\routing.py:290: in handle
    await self.app(scope, receive, send)
venv\Lib\site-packages\fastapi\routing.py:120: in app
    await wrap_app_handling_exceptions(app, request)(scope, receive, send)
venv\Lib\site-packages\starlette\_exception_handler.py:53: in wrapped_app
    raise exc
venv\Lib\site-packages\starlette\_exception_handler.py:42: in wrapped_app
    await app(scope, receive, sender)
venv\Lib\site-packages\fastapi\routing.py:106: in app
    response = await f(request)
               ^^^^^^^^^^^^^^^^
venv\Lib\site-packages\fastapi\routing.py:430: in app
    raw_response = await run_endpoint_function(
venv\Lib\site-packages\fastapi\routing.py:316: in run_endpoint_function
    return await dependant.call(**values)
           ^^^^^^^^^^^^^^^^^^^^^^^^^^^^^^
app\api\routes\data_routes.py:325: in get_resource
    response = db.client.table("resources").select("*").eq("id", resource_id).execute()
               ^^^^^^^^^
E   AttributeError: 'MockSupabaseClient' object has no attribute 'client'
---------------------------- Captured stderr setup ----------------------------
INFO:app.main:\U0001f680 Starting Tracky PM v0.1.0\nINFO:app.main:Debug mode: True\nINFO:app.main:Email enabled: True\nINFO:app.main:Scheduler enabled: True\nINFO:app.main:Run scheduler (this instance): True\nINFO:apscheduler.scheduler:Adding job tentatively -- it will be properly scheduled when the scheduler starts\nINFO:apscheduler.scheduler:Adding job tentatively -- it will be properly scheduled when the scheduler starts\nINFO:apscheduler.scheduler:Adding job tentatively -- it will be properly scheduled when the scheduler starts\nINFO:apscheduler.scheduler:Adding job tentatively -- it will be properly scheduled when the scheduler starts\nINFO:apscheduler.scheduler:Adding job tentatively -- it will be properly scheduled when the scheduler starts\nINFO:apscheduler.scheduler:Added job "Daily Status Check Scan" to job store "default"\nINFO:apscheduler.scheduler:Added job "Escalation Timeout Checker" to job store "default"\nINFO:apscheduler.scheduler:Added job "Alert Queue Processor" to job store "default"\nINFO:apscheduler.scheduler:Added job "Stale Alert Cleanup" to job store "default"\nINFO:apscheduler.scheduler:Added job "Reminder Sender" to job store "default"\nINFO:apscheduler.scheduler:Scheduler started\nINFO:app.services.scheduler:\U0001f680 Tracky Scheduler started successfully\nINFO:app.services.scheduler:  - Alert Queue Processor: Next run at 2025-12-08 19:26:37.574071+05:30\nINFO:app.services.scheduler:  - Reminder Sender: Next run at 2025-12-08 14:00:00+00:00\nINFO:app.services.scheduler:  - Escalation Timeout Checker: Next run at 2025-12-08 19:51:37.574047+05:30\nINFO:app.services.scheduler:  - Stale Alert Cleanup: Next run at 2025-12-09 02:00:00+00:00\nINFO:app.services.scheduler:  - Daily Status Check Scan: Next run at 2025-12-09 05:00:00+00:00\nINFO:app.main:\u2705 Background scheduler started
----------------------------- Captured log setup ------------------------------
INFO     app.main:main.py:53 \U0001f680 Starting Tracky PM v0.1.0\nINFO     app.main:main.py:54 Debug mode: True\nINFO     app.main:main.py:55 Email enabled: True\nINFO     app.main:main.py:56 Scheduler enabled: True\nINFO     app.main:main.py:57 Run scheduler (this instance): True\nINFO     apscheduler.scheduler:base.py:507 Adding job tentatively -- it will be properly scheduled when the scheduler starts\nINFO     apscheduler.scheduler:base.py:507 Adding job tentatively -- it will be properly scheduled when the scheduler starts\nINFO     apscheduler.scheduler:base.py:507 Adding job tentatively -- it will be properly scheduled when the scheduler starts\nINFO     apscheduler.scheduler:base.py:507 Adding job tentatively -- it will be properly scheduled when the scheduler starts\nINFO     apscheduler.scheduler:base.py:507 Adding job tentatively -- it will be properly scheduled when the scheduler starts\nINFO     apscheduler.scheduler:base.py:1090 Added job "Daily Status Check Scan" to job store "default"\nINFO     apscheduler.scheduler:base.py:1090 Added job "Escalation Timeout Checker" to job store "default"\nINFO     apscheduler.scheduler:base.py:1090 Added job "Alert Queue Processor" to job store "default"\nINFO     apscheduler.scheduler:base.py:1090 Added job "Stale Alert Cleanup" to job store "default"\nINFO     apscheduler.scheduler:base.py:1090 Added job "Reminder Sender" to job store "default"\nINFO     apscheduler.scheduler:base.py:214 Scheduler started\nINFO     app.services.scheduler:scheduler.py:254 \U0001f680 Tracky Scheduler started successfully\nINFO     app.services.scheduler:scheduler.py:258   - Alert Queue Processor: Next run at 2025-12-08 19:26:37.574071+05:30\nINFO     app.services.scheduler:scheduler.py:258   - Reminder Sender: Next run at 2025-12-08 14:00:00+00:00\nINFO     app.services.scheduler:scheduler.py:258   - Escalation Timeout Checker: Next run at 2025-12-08 19:51:37.574047+05:30\nINFO     app.services.scheduler:scheduler.py:258   - Stale Alert Cleanup: Next run at 2025-12-09 02:00:00+00:00\nINFO     app.services.scheduler:scheduler.py:258   - Daily Status Check Scan: Next run at 2025-12-09 05:00:00+00:00\nINFO     app.main:main.py:72 \u2705 Background scheduler started
-------------------------- Captured stderr teardown ---------------------------
INFO:app.services.scheduler:\U0001f6d1 Tracky Scheduler stopped\nINFO:app.main:\u2705 Scheduler stopped\nINFO:app.main:\U0001f44b Shutting down...\nINFO:apscheduler.scheduler:Scheduler has been shut down
---------------------------- Captured log teardown ----------------------------
INFO     app.services.scheduler:scheduler.py:265 \U0001f6d1 Tracky Scheduler stopped\nINFO     app.main:main.py:83 \u2705 Scheduler stopped\nINFO     app.main:main.py:85 \U0001f44b Shutting down...\nINFO     apscheduler.scheduler:base.py:245 Scheduler has been shut down
______________ TestAuditLogsEndpoints.test_list_audit_logs_empty ______________
tests\test_data_routes.py:398: in test_list_audit_logs_empty
    response = client.get("/api/data/audit-logs")
               ^^^^^^^^^^^^^^^^^^^^^^^^^^^^^^^^^^
venv\Lib\site-packages\starlette\testclient.py:473: in get
    return super().get(
venv\Lib\site-packages\httpx\_client.py:1053: in get
    return self.request(
venv\Lib\site-packages\starlette\testclient.py:445: in request
    return super().request(
venv\Lib\site-packages\httpx\_client.py:825: in request
    return self.send(request, auth=auth, follow_redirects=follow_redirects)
           ^^^^^^^^^^^^^^^^^^^^^^^^^^^^^^^^^^^^^^^^^^^^^^^^^^^^^^^^^^^^^^^^
venv\Lib\site-packages\httpx\_client.py:914: in send
    response = self._send_handling_auth(
venv\Lib\site-packages\httpx\_client.py:942: in _send_handling_auth
    response = self._send_handling_redirects(
venv\Lib\site-packages\httpx\_client.py:979: in _send_handling_redirects
    response = self._send_single_request(request)
               ^^^^^^^^^^^^^^^^^^^^^^^^^^^^^^^^^^
venv\Lib\site-packages\httpx\_client.py:1014: in _send_single_request
    response = transport.handle_request(request)
               ^^^^^^^^^^^^^^^^^^^^^^^^^^^^^^^^^
venv\Lib\site-packages\starlette\testclient.py:348: in handle_request
    raise exc
venv\Lib\site-packages\starlette\testclient.py:345: in handle_request
    portal.call(self.app, scope, receive, send)
venv\Lib\site-packages\anyio\from_thread.py:326: in call
    return cast(T_Retval, self.start_task_soon(func, *args).result())
                          ^^^^^^^^^^^^^^^^^^^^^^^^^^^^^^^^^^^^^^^^^^
..\..\..\..\AppData\Local\Programs\Python\Python313\Lib\concurrent\futures\_base.py:456: in result
    return self.__get_result()
           ^^^^^^^^^^^^^^^^^^^
..\..\..\..\AppData\Local\Programs\Python\Python313\Lib\concurrent\futures\_base.py:401: in __get_result
    raise self._exception
venv\Lib\site-packages\anyio\from_thread.py:257: in _call_func
    retval = await retval_or_awaitable
             ^^^^^^^^^^^^^^^^^^^^^^^^^
venv\Lib\site-packages\fastapi\applications.py:1139: in __call__
    await super().__call__(scope, receive, send)
venv\Lib\site-packages\starlette\applications.py:107: in __call__
    await self.middleware_stack(scope, receive, send)
venv\Lib\site-packages\starlette\middleware\errors.py:186: in __call__
    raise exc
venv\Lib\site-packages\starlette\middleware\errors.py:164: in __call__
    await self.app(scope, receive, _send)
venv\Lib\site-packages\starlette\middleware\cors.py:85: in __call__
    await self.app(scope, receive, send)
venv\Lib\site-packages\starlette\middleware\exceptions.py:63: in __call__
    await wrap_app_handling_exceptions(self.app, conn)(scope, receive, send)
venv\Lib\site-packages\starlette\_exception_handler.py:53: in wrapped_app
    raise exc
venv\Lib\site-packages\starlette\_exception_handler.py:42: in wrapped_app
    await app(scope, receive, sender)
venv\Lib\site-packages\fastapi\middleware\asyncexitstack.py:18: in __call__
    await self.app(scope, receive, send)
venv\Lib\site-packages\starlette\routing.py:716: in __call__
    await self.middleware_stack(scope, receive, send)
venv\Lib\site-packages\starlette\routing.py:736: in app
    await route.handle(scope, receive, send)
venv\Lib\site-packages\starlette\routing.py:290: in handle
    await self.app(scope, receive, send)
venv\Lib\site-packages\fastapi\routing.py:120: in app
    await wrap_app_handling_exceptions(app, request)(scope, receive, send)
venv\Lib\site-packages\starlette\_exception_handler.py:53: in wrapped_app
    raise exc
venv\Lib\site-packages\starlette\_exception_handler.py:42: in wrapped_app
    await app(scope, receive, sender)
venv\Lib\site-packages\fastapi\routing.py:106: in app
    response = await f(request)
               ^^^^^^^^^^^^^^^^
venv\Lib\site-packages\fastapi\routing.py:430: in app
    raw_response = await run_endpoint_function(
venv\Lib\site-packages\fastapi\routing.py:316: in run_endpoint_function
    return await dependant.call(**values)
           ^^^^^^^^^^^^^^^^^^^^^^^^^^^^^^
app\api\routes\data_routes.py:368: in list_audit_logs
    query = db.client.table("audit_logs").select("*")
            ^^^^^^^^^
E   AttributeError: 'MockSupabaseClient' object has no attribute 'client'
---------------------------- Captured stderr setup ----------------------------
INFO:app.main:\U0001f680 Starting Tracky PM v0.1.0\nINFO:app.main:Debug mode: True\nINFO:app.main:Email enabled: True\nINFO:app.main:Scheduler enabled: True\nINFO:app.main:Run scheduler (this instance): True\nINFO:apscheduler.scheduler:Adding job tentatively -- it will be properly scheduled when the scheduler starts\nINFO:apscheduler.scheduler:Adding job tentatively -- it will be properly scheduled when the scheduler starts\nINFO:apscheduler.scheduler:Adding job tentatively -- it will be properly scheduled when the scheduler starts\nINFO:apscheduler.scheduler:Adding job tentatively -- it will be properly scheduled when the scheduler starts\nINFO:apscheduler.scheduler:Adding job tentatively -- it will be properly scheduled when the scheduler starts\nINFO:apscheduler.scheduler:Added job "Daily Status Check Scan" to job store "default"\nINFO:apscheduler.scheduler:Added job "Escalation Timeout Checker" to job store "default"\nINFO:apscheduler.scheduler:Added job "Alert Queue Processor" to job store "default"\nINFO:apscheduler.scheduler:Added job "Stale Alert Cleanup" to job store "default"\nINFO:apscheduler.scheduler:Added job "Reminder Sender" to job store "default"\nINFO:apscheduler.scheduler:Scheduler started\nINFO:app.services.scheduler:\U0001f680 Tracky Scheduler started successfully\nINFO:app.services.scheduler:  - Alert Queue Processor: Next run at 2025-12-08 19:26:37.574071+05:30\nINFO:app.services.scheduler:  - Reminder Sender: Next run at 2025-12-08 14:00:00+00:00\nINFO:app.services.scheduler:  - Escalation Timeout Checker: Next run at 2025-12-08 19:51:37.574047+05:30\nINFO:app.services.scheduler:  - Stale Alert Cleanup: Next run at 2025-12-09 02:00:00+00:00\nINFO:app.services.scheduler:  - Daily Status Check Scan: Next run at 2025-12-09 05:00:00+00:00\nINFO:app.main:\u2705 Background scheduler started
----------------------------- Captured log setup ------------------------------
INFO     app.main:main.py:53 \U0001f680 Starting Tracky PM v0.1.0\nINFO     app.main:main.py:54 Debug mode: True\nINFO     app.main:main.py:55 Email enabled: True\nINFO     app.main:main.py:56 Scheduler enabled: True\nINFO     app.main:main.py:57 Run scheduler (this instance): True\nINFO     apscheduler.scheduler:base.py:507 Adding job tentatively -- it will be properly scheduled when the scheduler starts\nINFO     apscheduler.scheduler:base.py:507 Adding job tentatively -- it will be properly scheduled when the scheduler starts\nINFO     apscheduler.scheduler:base.py:507 Adding job tentatively -- it will be properly scheduled when the scheduler starts\nINFO     apscheduler.scheduler:base.py:507 Adding job tentatively -- it will be properly scheduled when the scheduler starts\nINFO     apscheduler.scheduler:base.py:507 Adding job tentatively -- it will be properly scheduled when the scheduler starts\nINFO     apscheduler.scheduler:base.py:1090 Added job "Daily Status Check Scan" to job store "default"\nINFO     apscheduler.scheduler:base.py:1090 Added job "Escalation Timeout Checker" to job store "default"\nINFO     apscheduler.scheduler:base.py:1090 Added job "Alert Queue Processor" to job store "default"\nINFO     apscheduler.scheduler:base.py:1090 Added job "Stale Alert Cleanup" to job store "default"\nINFO     apscheduler.scheduler:base.py:1090 Added job "Reminder Sender" to job store "default"\nINFO     apscheduler.scheduler:base.py:214 Scheduler started\nINFO     app.services.scheduler:scheduler.py:254 \U0001f680 Tracky Scheduler started successfully\nINFO     app.services.scheduler:scheduler.py:258   - Alert Queue Processor: Next run at 2025-12-08 19:26:37.574071+05:30\nINFO     app.services.scheduler:scheduler.py:258   - Reminder Sender: Next run at 2025-12-08 14:00:00+00:00\nINFO     app.services.scheduler:scheduler.py:258   - Escalation Timeout Checker: Next run at 2025-12-08 19:51:37.574047+05:30\nINFO     app.services.scheduler:scheduler.py:258   - Stale Alert Cleanup: Next run at 2025-12-09 02:00:00+00:00\nINFO     app.services.scheduler:scheduler.py:258   - Daily Status Check Scan: Next run at 2025-12-09 05:00:00+00:00\nINFO     app.main:main.py:72 \u2705 Background scheduler started
-------------------------- Captured stderr teardown ---------------------------
INFO:app.services.scheduler:\U0001f6d1 Tracky Scheduler stopped\nINFO:app.main:\u2705 Scheduler stopped\nINFO:app.main:\U0001f44b Shutting down...\nINFO:apscheduler.scheduler:Scheduler has been shut down
---------------------------- Captured log teardown ----------------------------
INFO     app.services.scheduler:scheduler.py:265 \U0001f6d1 Tracky Scheduler stopped\nINFO     app.main:main.py:83 \u2705 Scheduler stopped\nINFO     app.main:main.py:85 \U0001f44b Shutting down...\nINFO     apscheduler.scheduler:base.py:245 Scheduler has been shut down
____________ TestAuditLogsEndpoints.test_list_audit_logs_with_data ____________
tests\test_data_routes.py:429: in test_list_audit_logs_with_data
    response = client.get("/api/data/audit-logs")
               ^^^^^^^^^^^^^^^^^^^^^^^^^^^^^^^^^^
venv\Lib\site-packages\starlette\testclient.py:473: in get
    return super().get(
venv\Lib\site-packages\httpx\_client.py:1053: in get
    return self.request(
venv\Lib\site-packages\starlette\testclient.py:445: in request
    return super().request(
venv\Lib\site-packages\httpx\_client.py:825: in request
    return self.send(request, auth=auth, follow_redirects=follow_redirects)
           ^^^^^^^^^^^^^^^^^^^^^^^^^^^^^^^^^^^^^^^^^^^^^^^^^^^^^^^^^^^^^^^^
venv\Lib\site-packages\httpx\_client.py:914: in send
    response = self._send_handling_auth(
venv\Lib\site-packages\httpx\_client.py:942: in _send_handling_auth
    response = self._send_handling_redirects(
venv\Lib\site-packages\httpx\_client.py:979: in _send_handling_redirects
    response = self._send_single_request(request)
               ^^^^^^^^^^^^^^^^^^^^^^^^^^^^^^^^^^
venv\Lib\site-packages\httpx\_client.py:1014: in _send_single_request
    response = transport.handle_request(request)
               ^^^^^^^^^^^^^^^^^^^^^^^^^^^^^^^^^
venv\Lib\site-packages\starlette\testclient.py:348: in handle_request
    raise exc
venv\Lib\site-packages\starlette\testclient.py:345: in handle_request
    portal.call(self.app, scope, receive, send)
venv\Lib\site-packages\anyio\from_thread.py:326: in call
    return cast(T_Retval, self.start_task_soon(func, *args).result())
                          ^^^^^^^^^^^^^^^^^^^^^^^^^^^^^^^^^^^^^^^^^^
..\..\..\..\AppData\Local\Programs\Python\Python313\Lib\concurrent\futures\_base.py:449: in result
    return self.__get_result()
           ^^^^^^^^^^^^^^^^^^^
..\..\..\..\AppData\Local\Programs\Python\Python313\Lib\concurrent\futures\_base.py:401: in __get_result
    raise self._exception
venv\Lib\site-packages\anyio\from_thread.py:257: in _call_func
    retval = await retval_or_awaitable
             ^^^^^^^^^^^^^^^^^^^^^^^^^
venv\Lib\site-packages\fastapi\applications.py:1139: in __call__
    await super().__call__(scope, receive, send)
venv\Lib\site-packages\starlette\applications.py:107: in __call__
    await self.middleware_stack(scope, receive, send)
venv\Lib\site-packages\starlette\middleware\errors.py:186: in __call__
    raise exc
venv\Lib\site-packages\starlette\middleware\errors.py:164: in __call__
    await self.app(scope, receive, _send)
venv\Lib\site-packages\starlette\middleware\cors.py:85: in __call__
    await self.app(scope, receive, send)
venv\Lib\site-packages\starlette\middleware\exceptions.py:63: in __call__
    await wrap_app_handling_exceptions(self.app, conn)(scope, receive, send)
venv\Lib\site-packages\starlette\_exception_handler.py:53: in wrapped_app
    raise exc
venv\Lib\site-packages\starlette\_exception_handler.py:42: in wrapped_app
    await app(scope, receive, sender)
venv\Lib\site-packages\fastapi\middleware\asyncexitstack.py:18: in __call__
    await self.app(scope, receive, send)
venv\Lib\site-packages\starlette\routing.py:716: in __call__
    await self.middleware_stack(scope, receive, send)
venv\Lib\site-packages\starlette\routing.py:736: in app
    await route.handle(scope, receive, send)
venv\Lib\site-packages\starlette\routing.py:290: in handle
    await self.app(scope, receive, send)
venv\Lib\site-packages\fastapi\routing.py:120: in app
    await wrap_app_handling_exceptions(app, request)(scope, receive, send)
venv\Lib\site-packages\starlette\_exception_handler.py:53: in wrapped_app
    raise exc
venv\Lib\site-packages\starlette\_exception_handler.py:42: in wrapped_app
    await app(scope, receive, sender)
venv\Lib\site-packages\fastapi\routing.py:106: in app
    response = await f(request)
               ^^^^^^^^^^^^^^^^
venv\Lib\site-packages\fastapi\routing.py:430: in app
    raw_response = await run_endpoint_function(
venv\Lib\site-packages\fastapi\routing.py:316: in run_endpoint_function
    return await dependant.call(**values)
           ^^^^^^^^^^^^^^^^^^^^^^^^^^^^^^
app\api\routes\data_routes.py:368: in list_audit_logs
    query = db.client.table("audit_logs").select("*")
            ^^^^^^^^^
E   AttributeError: 'MockSupabaseClient' object has no attribute 'client'
---------------------------- Captured stderr setup ----------------------------
INFO:app.main:\U0001f680 Starting Tracky PM v0.1.0\nINFO:app.main:Debug mode: True\nINFO:app.main:Email enabled: True\nINFO:app.main:Scheduler enabled: True\nINFO:app.main:Run scheduler (this instance): True\nINFO:apscheduler.scheduler:Adding job tentatively -- it will be properly scheduled when the scheduler starts\nINFO:apscheduler.scheduler:Adding job tentatively -- it will be properly scheduled when the scheduler starts\nINFO:apscheduler.scheduler:Adding job tentatively -- it will be properly scheduled when the scheduler starts\nINFO:apscheduler.scheduler:Adding job tentatively -- it will be properly scheduled when the scheduler starts\nINFO:apscheduler.scheduler:Adding job tentatively -- it will be properly scheduled when the scheduler starts\nINFO:apscheduler.scheduler:Added job "Daily Status Check Scan" to job store "default"\nINFO:apscheduler.scheduler:Added job "Escalation Timeout Checker" to job store "default"\nINFO:apscheduler.scheduler:Added job "Alert Queue Processor" to job store "default"\nINFO:apscheduler.scheduler:Added job "Stale Alert Cleanup" to job store "default"\nINFO:apscheduler.scheduler:Added job "Reminder Sender" to job store "default"\nINFO:apscheduler.scheduler:Scheduler started\nINFO:app.services.scheduler:\U0001f680 Tracky Scheduler started successfully\nINFO:app.services.scheduler:  - Alert Queue Processor: Next run at 2025-12-08 19:26:37.574071+05:30\nINFO:app.services.scheduler:  - Reminder Sender: Next run at 2025-12-08 14:00:00+00:00\nINFO:app.services.scheduler:  - Escalation Timeout Checker: Next run at 2025-12-08 19:51:37.574047+05:30\nINFO:app.services.scheduler:  - Stale Alert Cleanup: Next run at 2025-12-09 02:00:00+00:00\nINFO:app.services.scheduler:  - Daily Status Check Scan: Next run at 2025-12-09 05:00:00+00:00\nINFO:app.main:\u2705 Background scheduler started
----------------------------- Captured log setup ------------------------------
INFO     app.main:main.py:53 \U0001f680 Starting Tracky PM v0.1.0\nINFO     app.main:main.py:54 Debug mode: True\nINFO     app.main:main.py:55 Email enabled: True\nINFO     app.main:main.py:56 Scheduler enabled: True\nINFO     app.main:main.py:57 Run scheduler (this instance): True\nINFO     apscheduler.scheduler:base.py:507 Adding job tentatively -- it will be properly scheduled when the scheduler starts\nINFO     apscheduler.scheduler:base.py:507 Adding job tentatively -- it will be properly scheduled when the scheduler starts\nINFO     apscheduler.scheduler:base.py:507 Adding job tentatively -- it will be properly scheduled when the scheduler starts\nINFO     apscheduler.scheduler:base.py:507 Adding job tentatively -- it will be properly scheduled when the scheduler starts\nINFO     apscheduler.scheduler:base.py:507 Adding job tentatively -- it will be properly scheduled when the scheduler starts\nINFO     apscheduler.scheduler:base.py:1090 Added job "Daily Status Check Scan" to job store "default"\nINFO     apscheduler.scheduler:base.py:1090 Added job "Escalation Timeout Checker" to job store "default"\nINFO     apscheduler.scheduler:base.py:1090 Added job "Alert Queue Processor" to job store "default"\nINFO     apscheduler.scheduler:base.py:1090 Added job "Stale Alert Cleanup" to job store "default"\nINFO     apscheduler.scheduler:base.py:1090 Added job "Reminder Sender" to job store "default"\nINFO     apscheduler.scheduler:base.py:214 Scheduler started\nINFO     app.services.scheduler:scheduler.py:254 \U0001f680 Tracky Scheduler started successfully\nINFO     app.services.scheduler:scheduler.py:258   - Alert Queue Processor: Next run at 2025-12-08 19:26:37.574071+05:30\nINFO     app.services.scheduler:scheduler.py:258   - Reminder Sender: Next run at 2025-12-08 14:00:00+00:00\nINFO     app.services.scheduler:scheduler.py:258   - Escalation Timeout Checker: Next run at 2025-12-08 19:51:37.574047+05:30\nINFO     app.services.scheduler:scheduler.py:258   - Stale Alert Cleanup: Next run at 2025-12-09 02:00:00+00:00\nINFO     app.services.scheduler:scheduler.py:258   - Daily Status Check Scan: Next run at 2025-12-09 05:00:00+00:00\nINFO     app.main:main.py:72 \u2705 Background scheduler started
-------------------------- Captured stderr teardown ---------------------------
INFO:app.services.scheduler:\U0001f6d1 Tracky Scheduler stopped\nINFO:app.main:\u2705 Scheduler stopped\nINFO:app.main:\U0001f44b Shutting down...\nINFO:apscheduler.scheduler:Scheduler has been shut down
---------------------------- Captured log teardown ----------------------------
INFO     app.services.scheduler:scheduler.py:265 \U0001f6d1 Tracky Scheduler stopped\nINFO     app.main:main.py:83 \u2705 Scheduler stopped\nINFO     app.main:main.py:85 \U0001f44b Shutting down...\nINFO     apscheduler.scheduler:base.py:245 Scheduler has been shut down
______ TestAuditLogsEndpoints.test_list_audit_logs_filter_by_entity_type ______
tests\test_data_routes.py:453: in test_list_audit_logs_filter_by_entity_type
    response = client.get("/api/data/audit-logs?entity_type=work_item")
               ^^^^^^^^^^^^^^^^^^^^^^^^^^^^^^^^^^^^^^^^^^^^^^^^^^^^^^^^
venv\Lib\site-packages\starlette\testclient.py:473: in get
    return super().get(
venv\Lib\site-packages\httpx\_client.py:1053: in get
    return self.request(
venv\Lib\site-packages\starlette\testclient.py:445: in request
    return super().request(
venv\Lib\site-packages\httpx\_client.py:825: in request
    return self.send(request, auth=auth, follow_redirects=follow_redirects)
           ^^^^^^^^^^^^^^^^^^^^^^^^^^^^^^^^^^^^^^^^^^^^^^^^^^^^^^^^^^^^^^^^
venv\Lib\site-packages\httpx\_client.py:914: in send
    response = self._send_handling_auth(
venv\Lib\site-packages\httpx\_client.py:942: in _send_handling_auth
    response = self._send_handling_redirects(
venv\Lib\site-packages\httpx\_client.py:979: in _send_handling_redirects
    response = self._send_single_request(request)
               ^^^^^^^^^^^^^^^^^^^^^^^^^^^^^^^^^^
venv\Lib\site-packages\httpx\_client.py:1014: in _send_single_request
    response = transport.handle_request(request)
               ^^^^^^^^^^^^^^^^^^^^^^^^^^^^^^^^^
venv\Lib\site-packages\starlette\testclient.py:348: in handle_request
    raise exc
venv\Lib\site-packages\starlette\testclient.py:345: in handle_request
    portal.call(self.app, scope, receive, send)
venv\Lib\site-packages\anyio\from_thread.py:326: in call
    return cast(T_Retval, self.start_task_soon(func, *args).result())
                          ^^^^^^^^^^^^^^^^^^^^^^^^^^^^^^^^^^^^^^^^^^
..\..\..\..\AppData\Local\Programs\Python\Python313\Lib\concurrent\futures\_base.py:449: in result
    return self.__get_result()
           ^^^^^^^^^^^^^^^^^^^
..\..\..\..\AppData\Local\Programs\Python\Python313\Lib\concurrent\futures\_base.py:401: in __get_result
    raise self._exception
venv\Lib\site-packages\anyio\from_thread.py:257: in _call_func
    retval = await retval_or_awaitable
             ^^^^^^^^^^^^^^^^^^^^^^^^^
venv\Lib\site-packages\fastapi\applications.py:1139: in __call__
    await super().__call__(scope, receive, send)
venv\Lib\site-packages\starlette\applications.py:107: in __call__
    await self.middleware_stack(scope, receive, send)
venv\Lib\site-packages\starlette\middleware\errors.py:186: in __call__
    raise exc
venv\Lib\site-packages\starlette\middleware\errors.py:164: in __call__
    await self.app(scope, receive, _send)
venv\Lib\site-packages\starlette\middleware\cors.py:85: in __call__
    await self.app(scope, receive, send)
venv\Lib\site-packages\starlette\middleware\exceptions.py:63: in __call__
    await wrap_app_handling_exceptions(self.app, conn)(scope, receive, send)
venv\Lib\site-packages\starlette\_exception_handler.py:53: in wrapped_app
    raise exc
venv\Lib\site-packages\starlette\_exception_handler.py:42: in wrapped_app
    await app(scope, receive, sender)
venv\Lib\site-packages\fastapi\middleware\asyncexitstack.py:18: in __call__
    await self.app(scope, receive, send)
venv\Lib\site-packages\starlette\routing.py:716: in __call__
    await self.middleware_stack(scope, receive, send)
venv\Lib\site-packages\starlette\routing.py:736: in app
    await route.handle(scope, receive, send)
venv\Lib\site-packages\starlette\routing.py:290: in handle
    await self.app(scope, receive, send)
venv\Lib\site-packages\fastapi\routing.py:120: in app
    await wrap_app_handling_exceptions(app, request)(scope, receive, send)
venv\Lib\site-packages\starlette\_exception_handler.py:53: in wrapped_app
    raise exc
venv\Lib\site-packages\starlette\_exception_handler.py:42: in wrapped_app
    await app(scope, receive, sender)
venv\Lib\site-packages\fastapi\routing.py:106: in app
    response = await f(request)
               ^^^^^^^^^^^^^^^^
venv\Lib\site-packages\fastapi\routing.py:430: in app
    raw_response = await run_endpoint_function(
venv\Lib\site-packages\fastapi\routing.py:316: in run_endpoint_function
    return await dependant.call(**values)
           ^^^^^^^^^^^^^^^^^^^^^^^^^^^^^^
app\api\routes\data_routes.py:368: in list_audit_logs
    query = db.client.table("audit_logs").select("*")
            ^^^^^^^^^
E   AttributeError: 'MockSupabaseClient' object has no attribute 'client'
---------------------------- Captured stderr setup ----------------------------
INFO:app.main:\U0001f680 Starting Tracky PM v0.1.0\nINFO:app.main:Debug mode: True\nINFO:app.main:Email enabled: True\nINFO:app.main:Scheduler enabled: True\nINFO:app.main:Run scheduler (this instance): True\nINFO:apscheduler.scheduler:Adding job tentatively -- it will be properly scheduled when the scheduler starts\nINFO:apscheduler.scheduler:Adding job tentatively -- it will be properly scheduled when the scheduler starts\nINFO:apscheduler.scheduler:Adding job tentatively -- it will be properly scheduled when the scheduler starts\nINFO:apscheduler.scheduler:Adding job tentatively -- it will be properly scheduled when the scheduler starts\nINFO:apscheduler.scheduler:Adding job tentatively -- it will be properly scheduled when the scheduler starts\nINFO:apscheduler.scheduler:Added job "Daily Status Check Scan" to job store "default"\nINFO:apscheduler.scheduler:Added job "Escalation Timeout Checker" to job store "default"\nINFO:apscheduler.scheduler:Added job "Alert Queue Processor" to job store "default"\nINFO:apscheduler.scheduler:Added job "Stale Alert Cleanup" to job store "default"\nINFO:apscheduler.scheduler:Added job "Reminder Sender" to job store "default"\nINFO:apscheduler.scheduler:Scheduler started\nINFO:app.services.scheduler:\U0001f680 Tracky Scheduler started successfully\nINFO:app.services.scheduler:  - Alert Queue Processor: Next run at 2025-12-08 19:26:37.574071+05:30\nINFO:app.services.scheduler:  - Reminder Sender: Next run at 2025-12-08 14:00:00+00:00\nINFO:app.services.scheduler:  - Escalation Timeout Checker: Next run at 2025-12-08 19:51:37.574047+05:30\nINFO:app.services.scheduler:  - Stale Alert Cleanup: Next run at 2025-12-09 02:00:00+00:00\nINFO:app.services.scheduler:  - Daily Status Check Scan: Next run at 2025-12-09 05:00:00+00:00\nINFO:app.main:\u2705 Background scheduler started
----------------------------- Captured log setup ------------------------------
INFO     app.main:main.py:53 \U0001f680 Starting Tracky PM v0.1.0\nINFO     app.main:main.py:54 Debug mode: True\nINFO     app.main:main.py:55 Email enabled: True\nINFO     app.main:main.py:56 Scheduler enabled: True\nINFO     app.main:main.py:57 Run scheduler (this instance): True\nINFO     apscheduler.scheduler:base.py:507 Adding job tentatively -- it will be properly scheduled when the scheduler starts\nINFO     apscheduler.scheduler:base.py:507 Adding job tentatively -- it will be properly scheduled when the scheduler starts\nINFO     apscheduler.scheduler:base.py:507 Adding job tentatively -- it will be properly scheduled when the scheduler starts\nINFO     apscheduler.scheduler:base.py:507 Adding job tentatively -- it will be properly scheduled when the scheduler starts\nINFO     apscheduler.scheduler:base.py:507 Adding job tentatively -- it will be properly scheduled when the scheduler starts\nINFO     apscheduler.scheduler:base.py:1090 Added job "Daily Status Check Scan" to job store "default"\nINFO     apscheduler.scheduler:base.py:1090 Added job "Escalation Timeout Checker" to job store "default"\nINFO     apscheduler.scheduler:base.py:1090 Added job "Alert Queue Processor" to job store "default"\nINFO     apscheduler.scheduler:base.py:1090 Added job "Stale Alert Cleanup" to job store "default"\nINFO     apscheduler.scheduler:base.py:1090 Added job "Reminder Sender" to job store "default"\nINFO     apscheduler.scheduler:base.py:214 Scheduler started\nINFO     app.services.scheduler:scheduler.py:254 \U0001f680 Tracky Scheduler started successfully\nINFO     app.services.scheduler:scheduler.py:258   - Alert Queue Processor: Next run at 2025-12-08 19:26:37.574071+05:30\nINFO     app.services.scheduler:scheduler.py:258   - Reminder Sender: Next run at 2025-12-08 14:00:00+00:00\nINFO     app.services.scheduler:scheduler.py:258   - Escalation Timeout Checker: Next run at 2025-12-08 19:51:37.574047+05:30\nINFO     app.services.scheduler:scheduler.py:258   - Stale Alert Cleanup: Next run at 2025-12-09 02:00:00+00:00\nINFO     app.services.scheduler:scheduler.py:258   - Daily Status Check Scan: Next run at 2025-12-09 05:00:00+00:00\nINFO     app.main:main.py:72 \u2705 Background scheduler started
-------------------------- Captured stderr teardown ---------------------------
INFO:app.services.scheduler:\U0001f6d1 Tracky Scheduler stopped\nINFO:app.main:\u2705 Scheduler stopped\nINFO:app.main:\U0001f44b Shutting down...\nINFO:apscheduler.scheduler:Scheduler has been shut down
---------------------------- Captured log teardown ----------------------------
INFO     app.services.scheduler:scheduler.py:265 \U0001f6d1 Tracky Scheduler stopped\nINFO     app.main:main.py:83 \u2705 Scheduler stopped\nINFO     app.main:main.py:85 \U0001f44b Shutting down...\nINFO     apscheduler.scheduler:base.py:245 Scheduler has been shut down
________ TestAuditLogsEndpoints.test_list_audit_logs_filter_by_action _________
tests\test_data_routes.py:483: in test_list_audit_logs_filter_by_action
    response = client.get("/api/data/audit-logs?action=updated")
               ^^^^^^^^^^^^^^^^^^^^^^^^^^^^^^^^^^^^^^^^^^^^^^^^^
venv\Lib\site-packages\starlette\testclient.py:473: in get
    return super().get(
venv\Lib\site-packages\httpx\_client.py:1053: in get
    return self.request(
venv\Lib\site-packages\starlette\testclient.py:445: in request
    return super().request(
venv\Lib\site-packages\httpx\_client.py:825: in request
    return self.send(request, auth=auth, follow_redirects=follow_redirects)
           ^^^^^^^^^^^^^^^^^^^^^^^^^^^^^^^^^^^^^^^^^^^^^^^^^^^^^^^^^^^^^^^^
venv\Lib\site-packages\httpx\_client.py:914: in send
    response = self._send_handling_auth(
venv\Lib\site-packages\httpx\_client.py:942: in _send_handling_auth
    response = self._send_handling_redirects(
venv\Lib\site-packages\httpx\_client.py:979: in _send_handling_redirects
    response = self._send_single_request(request)
               ^^^^^^^^^^^^^^^^^^^^^^^^^^^^^^^^^^
venv\Lib\site-packages\httpx\_client.py:1014: in _send_single_request
    response = transport.handle_request(request)
               ^^^^^^^^^^^^^^^^^^^^^^^^^^^^^^^^^
venv\Lib\site-packages\starlette\testclient.py:348: in handle_request
    raise exc
venv\Lib\site-packages\starlette\testclient.py:345: in handle_request
    portal.call(self.app, scope, receive, send)
venv\Lib\site-packages\anyio\from_thread.py:326: in call
    return cast(T_Retval, self.start_task_soon(func, *args).result())
                          ^^^^^^^^^^^^^^^^^^^^^^^^^^^^^^^^^^^^^^^^^^
..\..\..\..\AppData\Local\Programs\Python\Python313\Lib\concurrent\futures\_base.py:449: in result
    return self.__get_result()
           ^^^^^^^^^^^^^^^^^^^
..\..\..\..\AppData\Local\Programs\Python\Python313\Lib\concurrent\futures\_base.py:401: in __get_result
    raise self._exception
venv\Lib\site-packages\anyio\from_thread.py:257: in _call_func
    retval = await retval_or_awaitable
             ^^^^^^^^^^^^^^^^^^^^^^^^^
venv\Lib\site-packages\fastapi\applications.py:1139: in __call__
    await super().__call__(scope, receive, send)
venv\Lib\site-packages\starlette\applications.py:107: in __call__
    await self.middleware_stack(scope, receive, send)
venv\Lib\site-packages\starlette\middleware\errors.py:186: in __call__
    raise exc
venv\Lib\site-packages\starlette\middleware\errors.py:164: in __call__
    await self.app(scope, receive, _send)
venv\Lib\site-packages\starlette\middleware\cors.py:85: in __call__
    await self.app(scope, receive, send)
venv\Lib\site-packages\starlette\middleware\exceptions.py:63: in __call__
    await wrap_app_handling_exceptions(self.app, conn)(scope, receive, send)
venv\Lib\site-packages\starlette\_exception_handler.py:53: in wrapped_app
    raise exc
venv\Lib\site-packages\starlette\_exception_handler.py:42: in wrapped_app
    await app(scope, receive, sender)
venv\Lib\site-packages\fastapi\middleware\asyncexitstack.py:18: in __call__
    await self.app(scope, receive, send)
venv\Lib\site-packages\starlette\routing.py:716: in __call__
    await self.middleware_stack(scope, receive, send)
venv\Lib\site-packages\starlette\routing.py:736: in app
    await route.handle(scope, receive, send)
venv\Lib\site-packages\starlette\routing.py:290: in handle
    await self.app(scope, receive, send)
venv\Lib\site-packages\fastapi\routing.py:120: in app
    await wrap_app_handling_exceptions(app, request)(scope, receive, send)
venv\Lib\site-packages\starlette\_exception_handler.py:53: in wrapped_app
    raise exc
venv\Lib\site-packages\starlette\_exception_handler.py:42: in wrapped_app
    await app(scope, receive, sender)
venv\Lib\site-packages\fastapi\routing.py:106: in app
    response = await f(request)
               ^^^^^^^^^^^^^^^^
venv\Lib\site-packages\fastapi\routing.py:430: in app
    raw_response = await run_endpoint_function(
venv\Lib\site-packages\fastapi\routing.py:316: in run_endpoint_function
    return await dependant.call(**values)
           ^^^^^^^^^^^^^^^^^^^^^^^^^^^^^^
app\api\routes\data_routes.py:368: in list_audit_logs
    query = db.client.table("audit_logs").select("*")
            ^^^^^^^^^
E   AttributeError: 'MockSupabaseClient' object has no attribute 'client'
---------------------------- Captured stderr setup ----------------------------
INFO:app.main:\U0001f680 Starting Tracky PM v0.1.0\nINFO:app.main:Debug mode: True\nINFO:app.main:Email enabled: True\nINFO:app.main:Scheduler enabled: True\nINFO:app.main:Run scheduler (this instance): True\nINFO:apscheduler.scheduler:Adding job tentatively -- it will be properly scheduled when the scheduler starts\nINFO:apscheduler.scheduler:Adding job tentatively -- it will be properly scheduled when the scheduler starts\nINFO:apscheduler.scheduler:Adding job tentatively -- it will be properly scheduled when the scheduler starts\nINFO:apscheduler.scheduler:Adding job tentatively -- it will be properly scheduled when the scheduler starts\nINFO:apscheduler.scheduler:Adding job tentatively -- it will be properly scheduled when the scheduler starts\nINFO:apscheduler.scheduler:Added job "Daily Status Check Scan" to job store "default"\nINFO:apscheduler.scheduler:Added job "Escalation Timeout Checker" to job store "default"\nINFO:apscheduler.scheduler:Added job "Alert Queue Processor" to job store "default"\nINFO:apscheduler.scheduler:Added job "Stale Alert Cleanup" to job store "default"\nINFO:apscheduler.scheduler:Added job "Reminder Sender" to job store "default"\nINFO:apscheduler.scheduler:Scheduler started\nINFO:app.services.scheduler:\U0001f680 Tracky Scheduler started successfully\nINFO:app.services.scheduler:  - Alert Queue Processor: Next run at 2025-12-08 19:26:37.574071+05:30\nINFO:app.services.scheduler:  - Reminder Sender: Next run at 2025-12-08 14:00:00+00:00\nINFO:app.services.scheduler:  - Escalation Timeout Checker: Next run at 2025-12-08 19:51:37.574047+05:30\nINFO:app.services.scheduler:  - Stale Alert Cleanup: Next run at 2025-12-09 02:00:00+00:00\nINFO:app.services.scheduler:  - Daily Status Check Scan: Next run at 2025-12-09 05:00:00+00:00\nINFO:app.main:\u2705 Background scheduler started
----------------------------- Captured log setup ------------------------------
INFO     app.main:main.py:53 \U0001f680 Starting Tracky PM v0.1.0\nINFO     app.main:main.py:54 Debug mode: True\nINFO     app.main:main.py:55 Email enabled: True\nINFO     app.main:main.py:56 Scheduler enabled: True\nINFO     app.main:main.py:57 Run scheduler (this instance): True\nINFO     apscheduler.scheduler:base.py:507 Adding job tentatively -- it will be properly scheduled when the scheduler starts\nINFO     apscheduler.scheduler:base.py:507 Adding job tentatively -- it will be properly scheduled when the scheduler starts\nINFO     apscheduler.scheduler:base.py:507 Adding job tentatively -- it will be properly scheduled when the scheduler starts\nINFO     apscheduler.scheduler:base.py:507 Adding job tentatively -- it will be properly scheduled when the scheduler starts\nINFO     apscheduler.scheduler:base.py:507 Adding job tentatively -- it will be properly scheduled when the scheduler starts\nINFO     apscheduler.scheduler:base.py:1090 Added job "Daily Status Check Scan" to job store "default"\nINFO     apscheduler.scheduler:base.py:1090 Added job "Escalation Timeout Checker" to job store "default"\nINFO     apscheduler.scheduler:base.py:1090 Added job "Alert Queue Processor" to job store "default"\nINFO     apscheduler.scheduler:base.py:1090 Added job "Stale Alert Cleanup" to job store "default"\nINFO     apscheduler.scheduler:base.py:1090 Added job "Reminder Sender" to job store "default"\nINFO     apscheduler.scheduler:base.py:214 Scheduler started\nINFO     app.services.scheduler:scheduler.py:254 \U0001f680 Tracky Scheduler started successfully\nINFO     app.services.scheduler:scheduler.py:258   - Alert Queue Processor: Next run at 2025-12-08 19:26:37.574071+05:30\nINFO     app.services.scheduler:scheduler.py:258   - Reminder Sender: Next run at 2025-12-08 14:00:00+00:00\nINFO     app.services.scheduler:scheduler.py:258   - Escalation Timeout Checker: Next run at 2025-12-08 19:51:37.574047+05:30\nINFO     app.services.scheduler:scheduler.py:258   - Stale Alert Cleanup: Next run at 2025-12-09 02:00:00+00:00\nINFO     app.services.scheduler:scheduler.py:258   - Daily Status Check Scan: Next run at 2025-12-09 05:00:00+00:00\nINFO     app.main:main.py:72 \u2705 Background scheduler started
-------------------------- Captured stderr teardown ---------------------------
INFO:app.services.scheduler:\U0001f6d1 Tracky Scheduler stopped\nINFO:app.main:\u2705 Scheduler stopped\nINFO:app.main:\U0001f44b Shutting down...\nINFO:apscheduler.scheduler:Scheduler has been shut down
---------------------------- Captured log teardown ----------------------------
INFO     app.services.scheduler:scheduler.py:265 \U0001f6d1 Tracky Scheduler stopped\nINFO     app.main:main.py:83 \u2705 Scheduler stopped\nINFO     app.main:main.py:85 \U0001f44b Shutting down...\nINFO     apscheduler.scheduler:base.py:245 Scheduler has been shut down
___________ TestDependenciesEndpoints.test_list_dependencies_empty ____________
tests\test_data_routes.py:502: in test_list_dependencies_empty
    assert response.status_code == 200
E   assert 503 == 200
E    +  where 503 = <Response [503 Service Unavailable]>.status_code
---------------------------- Captured stderr setup ----------------------------
INFO:app.main:\U0001f680 Starting Tracky PM v0.1.0\nINFO:app.main:Debug mode: True\nINFO:app.main:Email enabled: True\nINFO:app.main:Scheduler enabled: True\nINFO:app.main:Run scheduler (this instance): True\nINFO:apscheduler.scheduler:Adding job tentatively -- it will be properly scheduled when the scheduler starts\nINFO:apscheduler.scheduler:Adding job tentatively -- it will be properly scheduled when the scheduler starts\nINFO:apscheduler.scheduler:Adding job tentatively -- it will be properly scheduled when the scheduler starts\nINFO:apscheduler.scheduler:Adding job tentatively -- it will be properly scheduled when the scheduler starts\nINFO:apscheduler.scheduler:Adding job tentatively -- it will be properly scheduled when the scheduler starts\nINFO:apscheduler.scheduler:Added job "Daily Status Check Scan" to job store "default"\nINFO:apscheduler.scheduler:Added job "Escalation Timeout Checker" to job store "default"\nINFO:apscheduler.scheduler:Added job "Alert Queue Processor" to job store "default"\nINFO:apscheduler.scheduler:Added job "Stale Alert Cleanup" to job store "default"\nINFO:apscheduler.scheduler:Added job "Reminder Sender" to job store "default"\nINFO:apscheduler.scheduler:Scheduler started\nINFO:app.services.scheduler:\U0001f680 Tracky Scheduler started successfully\nINFO:app.services.scheduler:  - Alert Queue Processor: Next run at 2025-12-08 19:26:37.574071+05:30\nINFO:app.services.scheduler:  - Reminder Sender: Next run at 2025-12-08 14:00:00+00:00\nINFO:app.services.scheduler:  - Escalation Timeout Checker: Next run at 2025-12-08 19:51:37.574047+05:30\nINFO:app.services.scheduler:  - Stale Alert Cleanup: Next run at 2025-12-09 02:00:00+00:00\nINFO:app.services.scheduler:  - Daily Status Check Scan: Next run at 2025-12-09 05:00:00+00:00\nINFO:app.main:\u2705 Background scheduler started
----------------------------- Captured log setup ------------------------------
INFO     app.main:main.py:53 \U0001f680 Starting Tracky PM v0.1.0\nINFO     app.main:main.py:54 Debug mode: True\nINFO     app.main:main.py:55 Email enabled: True\nINFO     app.main:main.py:56 Scheduler enabled: True\nINFO     app.main:main.py:57 Run scheduler (this instance): True\nINFO     apscheduler.scheduler:base.py:507 Adding job tentatively -- it will be properly scheduled when the scheduler starts\nINFO     apscheduler.scheduler:base.py:507 Adding job tentatively -- it will be properly scheduled when the scheduler starts\nINFO     apscheduler.scheduler:base.py:507 Adding job tentatively -- it will be properly scheduled when the scheduler starts\nINFO     apscheduler.scheduler:base.py:507 Adding job tentatively -- it will be properly scheduled when the scheduler starts\nINFO     apscheduler.scheduler:base.py:507 Adding job tentatively -- it will be properly scheduled when the scheduler starts\nINFO     apscheduler.scheduler:base.py:1090 Added job "Daily Status Check Scan" to job store "default"\nINFO     apscheduler.scheduler:base.py:1090 Added job "Escalation Timeout Checker" to job store "default"\nINFO     apscheduler.scheduler:base.py:1090 Added job "Alert Queue Processor" to job store "default"\nINFO     apscheduler.scheduler:base.py:1090 Added job "Stale Alert Cleanup" to job store "default"\nINFO     apscheduler.scheduler:base.py:1090 Added job "Reminder Sender" to job store "default"\nINFO     apscheduler.scheduler:base.py:214 Scheduler started\nINFO     app.services.scheduler:scheduler.py:254 \U0001f680 Tracky Scheduler started successfully\nINFO     app.services.scheduler:scheduler.py:258   - Alert Queue Processor: Next run at 2025-12-08 19:26:37.574071+05:30\nINFO     app.services.scheduler:scheduler.py:258   - Reminder Sender: Next run at 2025-12-08 14:00:00+00:00\nINFO     app.services.scheduler:scheduler.py:258   - Escalation Timeout Checker: Next run at 2025-12-08 19:51:37.574047+05:30\nINFO     app.services.scheduler:scheduler.py:258   - Stale Alert Cleanup: Next run at 2025-12-09 02:00:00+00:00\nINFO     app.services.scheduler:scheduler.py:258   - Daily Status Check Scan: Next run at 2025-12-09 05:00:00+00:00\nINFO     app.main:main.py:72 \u2705 Background scheduler started
---------------------------- Captured stderr call -----------------------------
INFO:httpx:HTTP Request: GET http://testserver/api/data/dependencies "HTTP/1.1 503 Service Unavailable"
------------------------------ Captured log call ------------------------------
INFO     httpx:_client.py:1025 HTTP Request: GET http://testserver/api/data/dependencies "HTTP/1.1 503 Service Unavailable"
-------------------------- Captured stderr teardown ---------------------------
INFO:app.services.scheduler:\U0001f6d1 Tracky Scheduler stopped\nINFO:app.main:\u2705 Scheduler stopped\nINFO:app.main:\U0001f44b Shutting down...\nINFO:apscheduler.scheduler:Scheduler has been shut down
---------------------------- Captured log teardown ----------------------------
INFO     app.services.scheduler:scheduler.py:265 \U0001f6d1 Tracky Scheduler stopped\nINFO     app.main:main.py:83 \u2705 Scheduler stopped\nINFO     app.main:main.py:85 \U0001f44b Shutting down...\nINFO     apscheduler.scheduler:base.py:245 Scheduler has been shut down
_________ TestDependenciesEndpoints.test_list_dependencies_with_data __________
tests\test_data_routes.py:518: in test_list_dependencies_with_data
    assert response.status_code == 200
E   assert 503 == 200
E    +  where 503 = <Response [503 Service Unavailable]>.status_code
---------------------------- Captured stderr setup ----------------------------
INFO:app.main:\U0001f680 Starting Tracky PM v0.1.0\nINFO:app.main:Debug mode: True\nINFO:app.main:Email enabled: True\nINFO:app.main:Scheduler enabled: True\nINFO:app.main:Run scheduler (this instance): True\nINFO:apscheduler.scheduler:Adding job tentatively -- it will be properly scheduled when the scheduler starts\nINFO:apscheduler.scheduler:Adding job tentatively -- it will be properly scheduled when the scheduler starts\nINFO:apscheduler.scheduler:Adding job tentatively -- it will be properly scheduled when the scheduler starts\nINFO:apscheduler.scheduler:Adding job tentatively -- it will be properly scheduled when the scheduler starts\nINFO:apscheduler.scheduler:Adding job tentatively -- it will be properly scheduled when the scheduler starts\nINFO:apscheduler.scheduler:Added job "Daily Status Check Scan" to job store "default"\nINFO:apscheduler.scheduler:Added job "Escalation Timeout Checker" to job store "default"\nINFO:apscheduler.scheduler:Added job "Alert Queue Processor" to job store "default"\nINFO:apscheduler.scheduler:Added job "Stale Alert Cleanup" to job store "default"\nINFO:apscheduler.scheduler:Added job "Reminder Sender" to job store "default"\nINFO:apscheduler.scheduler:Scheduler started\nINFO:app.services.scheduler:\U0001f680 Tracky Scheduler started successfully\nINFO:app.services.scheduler:  - Alert Queue Processor: Next run at 2025-12-08 19:26:37.574071+05:30\nINFO:app.services.scheduler:  - Reminder Sender: Next run at 2025-12-08 14:00:00+00:00\nINFO:app.services.scheduler:  - Escalation Timeout Checker: Next run at 2025-12-08 19:51:37.574047+05:30\nINFO:app.services.scheduler:  - Stale Alert Cleanup: Next run at 2025-12-09 02:00:00+00:00\nINFO:app.services.scheduler:  - Daily Status Check Scan: Next run at 2025-12-09 05:00:00+00:00\nINFO:app.main:\u2705 Background scheduler started
----------------------------- Captured log setup ------------------------------
INFO     app.main:main.py:53 \U0001f680 Starting Tracky PM v0.1.0\nINFO     app.main:main.py:54 Debug mode: True\nINFO     app.main:main.py:55 Email enabled: True\nINFO     app.main:main.py:56 Scheduler enabled: True\nINFO     app.main:main.py:57 Run scheduler (this instance): True\nINFO     apscheduler.scheduler:base.py:507 Adding job tentatively -- it will be properly scheduled when the scheduler starts\nINFO     apscheduler.scheduler:base.py:507 Adding job tentatively -- it will be properly scheduled when the scheduler starts\nINFO     apscheduler.scheduler:base.py:507 Adding job tentatively -- it will be properly scheduled when the scheduler starts\nINFO     apscheduler.scheduler:base.py:507 Adding job tentatively -- it will be properly scheduled when the scheduler starts\nINFO     apscheduler.scheduler:base.py:507 Adding job tentatively -- it will be properly scheduled when the scheduler starts\nINFO     apscheduler.scheduler:base.py:1090 Added job "Daily Status Check Scan" to job store "default"\nINFO     apscheduler.scheduler:base.py:1090 Added job "Escalation Timeout Checker" to job store "default"\nINFO     apscheduler.scheduler:base.py:1090 Added job "Alert Queue Processor" to job store "default"\nINFO     apscheduler.scheduler:base.py:1090 Added job "Stale Alert Cleanup" to job store "default"\nINFO     apscheduler.scheduler:base.py:1090 Added job "Reminder Sender" to job store "default"\nINFO     apscheduler.scheduler:base.py:214 Scheduler started\nINFO     app.services.scheduler:scheduler.py:254 \U0001f680 Tracky Scheduler started successfully\nINFO     app.services.scheduler:scheduler.py:258   - Alert Queue Processor: Next run at 2025-12-08 19:26:37.574071+05:30\nINFO     app.services.scheduler:scheduler.py:258   - Reminder Sender: Next run at 2025-12-08 14:00:00+00:00\nINFO     app.services.scheduler:scheduler.py:258   - Escalation Timeout Checker: Next run at 2025-12-08 19:51:37.574047+05:30\nINFO     app.services.scheduler:scheduler.py:258   - Stale Alert Cleanup: Next run at 2025-12-09 02:00:00+00:00\nINFO     app.services.scheduler:scheduler.py:258   - Daily Status Check Scan: Next run at 2025-12-09 05:00:00+00:00\nINFO     app.main:main.py:72 \u2705 Background scheduler started
---------------------------- Captured stderr call -----------------------------
INFO:httpx:HTTP Request: GET http://testserver/api/data/dependencies "HTTP/1.1 503 Service Unavailable"
------------------------------ Captured log call ------------------------------
INFO     httpx:_client.py:1025 HTTP Request: GET http://testserver/api/data/dependencies "HTTP/1.1 503 Service Unavailable"
-------------------------- Captured stderr teardown ---------------------------
INFO:app.services.scheduler:\U0001f6d1 Tracky Scheduler stopped\nINFO:app.main:\u2705 Scheduler stopped\nINFO:app.main:\U0001f44b Shutting down...\nINFO:apscheduler.scheduler:Scheduler has been shut down
---------------------------- Captured log teardown ----------------------------
INFO     app.services.scheduler:scheduler.py:265 \U0001f6d1 Tracky Scheduler stopped\nINFO     app.main:main.py:83 \u2705 Scheduler stopped\nINFO     app.main:main.py:85 \U0001f44b Shutting down...\nINFO     apscheduler.scheduler:base.py:245 Scheduler has been shut down
____ TestDependenciesEndpoints.test_list_dependencies_filter_by_work_item _____
tests\test_data_routes.py:533: in test_list_dependencies_filter_by_work_item
    assert response.status_code == 200
E   assert 503 == 200
E    +  where 503 = <Response [503 Service Unavailable]>.status_code
---------------------------- Captured stderr setup ----------------------------
INFO:app.main:\U0001f680 Starting Tracky PM v0.1.0\nINFO:app.main:Debug mode: True\nINFO:app.main:Email enabled: True\nINFO:app.main:Scheduler enabled: True\nINFO:app.main:Run scheduler (this instance): True\nINFO:apscheduler.scheduler:Adding job tentatively -- it will be properly scheduled when the scheduler starts\nINFO:apscheduler.scheduler:Adding job tentatively -- it will be properly scheduled when the scheduler starts\nINFO:apscheduler.scheduler:Adding job tentatively -- it will be properly scheduled when the scheduler starts\nINFO:apscheduler.scheduler:Adding job tentatively -- it will be properly scheduled when the scheduler starts\nINFO:apscheduler.scheduler:Adding job tentatively -- it will be properly scheduled when the scheduler starts\nINFO:apscheduler.scheduler:Added job "Daily Status Check Scan" to job store "default"\nINFO:apscheduler.scheduler:Added job "Escalation Timeout Checker" to job store "default"\nINFO:apscheduler.scheduler:Added job "Alert Queue Processor" to job store "default"\nINFO:apscheduler.scheduler:Added job "Stale Alert Cleanup" to job store "default"\nINFO:apscheduler.scheduler:Added job "Reminder Sender" to job store "default"\nINFO:apscheduler.scheduler:Scheduler started\nINFO:app.services.scheduler:\U0001f680 Tracky Scheduler started successfully\nINFO:app.services.scheduler:  - Alert Queue Processor: Next run at 2025-12-08 19:26:37.574071+05:30\nINFO:app.services.scheduler:  - Reminder Sender: Next run at 2025-12-08 14:00:00+00:00\nINFO:app.services.scheduler:  - Escalation Timeout Checker: Next run at 2025-12-08 19:51:37.574047+05:30\nINFO:app.services.scheduler:  - Stale Alert Cleanup: Next run at 2025-12-09 02:00:00+00:00\nINFO:app.services.scheduler:  - Daily Status Check Scan: Next run at 2025-12-09 05:00:00+00:00\nINFO:app.main:\u2705 Background scheduler started
----------------------------- Captured log setup ------------------------------
INFO     app.main:main.py:53 \U0001f680 Starting Tracky PM v0.1.0\nINFO     app.main:main.py:54 Debug mode: True\nINFO     app.main:main.py:55 Email enabled: True\nINFO     app.main:main.py:56 Scheduler enabled: True\nINFO     app.main:main.py:57 Run scheduler (this instance): True\nINFO     apscheduler.scheduler:base.py:507 Adding job tentatively -- it will be properly scheduled when the scheduler starts\nINFO     apscheduler.scheduler:base.py:507 Adding job tentatively -- it will be properly scheduled when the scheduler starts\nINFO     apscheduler.scheduler:base.py:507 Adding job tentatively -- it will be properly scheduled when the scheduler starts\nINFO     apscheduler.scheduler:base.py:507 Adding job tentatively -- it will be properly scheduled when the scheduler starts\nINFO     apscheduler.scheduler:base.py:507 Adding job tentatively -- it will be properly scheduled when the scheduler starts\nINFO     apscheduler.scheduler:base.py:1090 Added job "Daily Status Check Scan" to job store "default"\nINFO     apscheduler.scheduler:base.py:1090 Added job "Escalation Timeout Checker" to job store "default"\nINFO     apscheduler.scheduler:base.py:1090 Added job "Alert Queue Processor" to job store "default"\nINFO     apscheduler.scheduler:base.py:1090 Added job "Stale Alert Cleanup" to job store "default"\nINFO     apscheduler.scheduler:base.py:1090 Added job "Reminder Sender" to job store "default"\nINFO     apscheduler.scheduler:base.py:214 Scheduler started\nINFO     app.services.scheduler:scheduler.py:254 \U0001f680 Tracky Scheduler started successfully\nINFO     app.services.scheduler:scheduler.py:258   - Alert Queue Processor: Next run at 2025-12-08 19:26:37.574071+05:30\nINFO     app.services.scheduler:scheduler.py:258   - Reminder Sender: Next run at 2025-12-08 14:00:00+00:00\nINFO     app.services.scheduler:scheduler.py:258   - Escalation Timeout Checker: Next run at 2025-12-08 19:51:37.574047+05:30\nINFO     app.services.scheduler:scheduler.py:258   - Stale Alert Cleanup: Next run at 2025-12-09 02:00:00+00:00\nINFO     app.services.scheduler:scheduler.py:258   - Daily Status Check Scan: Next run at 2025-12-09 05:00:00+00:00\nINFO     app.main:main.py:72 \u2705 Background scheduler started
---------------------------- Captured stderr call -----------------------------
INFO:httpx:HTTP Request: GET http://testserver/api/data/dependencies?work_item_id=a433502b-9e43-4650-8ab5-d2207a70f31b "HTTP/1.1 503 Service Unavailable"
------------------------------ Captured log call ------------------------------
INFO     httpx:_client.py:1025 HTTP Request: GET http://testserver/api/data/dependencies?work_item_id=a433502b-9e43-4650-8ab5-d2207a70f31b "HTTP/1.1 503 Service Unavailable"
-------------------------- Captured stderr teardown ---------------------------
INFO:app.services.scheduler:\U0001f6d1 Tracky Scheduler stopped\nINFO:app.main:\u2705 Scheduler stopped\nINFO:app.main:\U0001f44b Shutting down...\nINFO:apscheduler.scheduler:Scheduler has been shut down
---------------------------- Captured log teardown ----------------------------
INFO     app.services.scheduler:scheduler.py:265 \U0001f6d1 Tracky Scheduler stopped\nINFO     app.main:main.py:83 \u2705 Scheduler stopped\nINFO     app.main:main.py:85 \U0001f44b Shutting down...\nINFO     apscheduler.scheduler:base.py:245 Scheduler has been shut down
______________ TestDashboardStats.test_get_dashboard_stats_empty ______________
tests\test_data_routes.py:550: in test_get_dashboard_stats_empty
    assert response.status_code == 200
E   assert 404 == 200
E    +  where 404 = <Response [404 Not Found]>.status_code
---------------------------- Captured stderr setup ----------------------------
INFO:app.main:\U0001f680 Starting Tracky PM v0.1.0\nINFO:app.main:Debug mode: True\nINFO:app.main:Email enabled: True\nINFO:app.main:Scheduler enabled: True\nINFO:app.main:Run scheduler (this instance): True\nINFO:apscheduler.scheduler:Adding job tentatively -- it will be properly scheduled when the scheduler starts\nINFO:apscheduler.scheduler:Adding job tentatively -- it will be properly scheduled when the scheduler starts\nINFO:apscheduler.scheduler:Adding job tentatively -- it will be properly scheduled when the scheduler starts\nINFO:apscheduler.scheduler:Adding job tentatively -- it will be properly scheduled when the scheduler starts\nINFO:apscheduler.scheduler:Adding job tentatively -- it will be properly scheduled when the scheduler starts\nINFO:apscheduler.scheduler:Added job "Daily Status Check Scan" to job store "default"\nINFO:apscheduler.scheduler:Added job "Escalation Timeout Checker" to job store "default"\nINFO:apscheduler.scheduler:Added job "Alert Queue Processor" to job store "default"\nINFO:apscheduler.scheduler:Added job "Stale Alert Cleanup" to job store "default"\nINFO:apscheduler.scheduler:Added job "Reminder Sender" to job store "default"\nINFO:apscheduler.scheduler:Scheduler started\nINFO:app.services.scheduler:\U0001f680 Tracky Scheduler started successfully\nINFO:app.services.scheduler:  - Alert Queue Processor: Next run at 2025-12-08 19:26:37.574071+05:30\nINFO:app.services.scheduler:  - Reminder Sender: Next run at 2025-12-08 14:00:00+00:00\nINFO:app.services.scheduler:  - Escalation Timeout Checker: Next run at 2025-12-08 19:51:37.574047+05:30\nINFO:app.services.scheduler:  - Stale Alert Cleanup: Next run at 2025-12-09 02:00:00+00:00\nINFO:app.services.scheduler:  - Daily Status Check Scan: Next run at 2025-12-09 05:00:00+00:00\nINFO:app.main:\u2705 Background scheduler started
----------------------------- Captured log setup ------------------------------
INFO     app.main:main.py:53 \U0001f680 Starting Tracky PM v0.1.0\nINFO     app.main:main.py:54 Debug mode: True\nINFO     app.main:main.py:55 Email enabled: True\nINFO     app.main:main.py:56 Scheduler enabled: True\nINFO     app.main:main.py:57 Run scheduler (this instance): True\nINFO     apscheduler.scheduler:base.py:507 Adding job tentatively -- it will be properly scheduled when the scheduler starts\nINFO     apscheduler.scheduler:base.py:507 Adding job tentatively -- it will be properly scheduled when the scheduler starts\nINFO     apscheduler.scheduler:base.py:507 Adding job tentatively -- it will be properly scheduled when the scheduler starts\nINFO     apscheduler.scheduler:base.py:507 Adding job tentatively -- it will be properly scheduled when the scheduler starts\nINFO     apscheduler.scheduler:base.py:507 Adding job tentatively -- it will be properly scheduled when the scheduler starts\nINFO     apscheduler.scheduler:base.py:1090 Added job "Daily Status Check Scan" to job store "default"\nINFO     apscheduler.scheduler:base.py:1090 Added job "Escalation Timeout Checker" to job store "default"\nINFO     apscheduler.scheduler:base.py:1090 Added job "Alert Queue Processor" to job store "default"\nINFO     apscheduler.scheduler:base.py:1090 Added job "Stale Alert Cleanup" to job store "default"\nINFO     apscheduler.scheduler:base.py:1090 Added job "Reminder Sender" to job store "default"\nINFO     apscheduler.scheduler:base.py:214 Scheduler started\nINFO     app.services.scheduler:scheduler.py:254 \U0001f680 Tracky Scheduler started successfully\nINFO     app.services.scheduler:scheduler.py:258   - Alert Queue Processor: Next run at 2025-12-08 19:26:37.574071+05:30\nINFO     app.services.scheduler:scheduler.py:258   - Reminder Sender: Next run at 2025-12-08 14:00:00+00:00\nINFO     app.services.scheduler:scheduler.py:258   - Escalation Timeout Checker: Next run at 2025-12-08 19:51:37.574047+05:30\nINFO     app.services.scheduler:scheduler.py:258   - Stale Alert Cleanup: Next run at 2025-12-09 02:00:00+00:00\nINFO     app.services.scheduler:scheduler.py:258   - Daily Status Check Scan: Next run at 2025-12-09 05:00:00+00:00\nINFO     app.main:main.py:72 \u2705 Background scheduler started
---------------------------- Captured stderr call -----------------------------
INFO:httpx:HTTP Request: GET http://testserver/api/data/dashboard-stats "HTTP/1.1 404 Not Found"
------------------------------ Captured log call ------------------------------
INFO     httpx:_client.py:1025 HTTP Request: GET http://testserver/api/data/dashboard-stats "HTTP/1.1 404 Not Found"
-------------------------- Captured stderr teardown ---------------------------
INFO:app.services.scheduler:\U0001f6d1 Tracky Scheduler stopped\nINFO:app.main:\u2705 Scheduler stopped\nINFO:app.main:\U0001f44b Shutting down...\nINFO:apscheduler.scheduler:Scheduler has been shut down
---------------------------- Captured log teardown ----------------------------
INFO     app.services.scheduler:scheduler.py:265 \U0001f6d1 Tracky Scheduler stopped\nINFO     app.main:main.py:83 \u2705 Scheduler stopped\nINFO     app.main:main.py:85 \U0001f44b Shutting down...\nINFO     apscheduler.scheduler:base.py:245 Scheduler has been shut down
____________ TestDashboardStats.test_get_dashboard_stats_with_data ____________
tests\test_data_routes.py:563: in test_get_dashboard_stats_with_data
    assert response.status_code == 200
E   assert 404 == 200
E    +  where 404 = <Response [404 Not Found]>.status_code
---------------------------- Captured stderr setup ----------------------------
INFO:app.main:\U0001f680 Starting Tracky PM v0.1.0\nINFO:app.main:Debug mode: True\nINFO:app.main:Email enabled: True\nINFO:app.main:Scheduler enabled: True\nINFO:app.main:Run scheduler (this instance): True\nINFO:apscheduler.scheduler:Adding job tentatively -- it will be properly scheduled when the scheduler starts\nINFO:apscheduler.scheduler:Adding job tentatively -- it will be properly scheduled when the scheduler starts\nINFO:apscheduler.scheduler:Adding job tentatively -- it will be properly scheduled when the scheduler starts\nINFO:apscheduler.scheduler:Adding job tentatively -- it will be properly scheduled when the scheduler starts\nINFO:apscheduler.scheduler:Adding job tentatively -- it will be properly scheduled when the scheduler starts\nINFO:apscheduler.scheduler:Added job "Daily Status Check Scan" to job store "default"\nINFO:apscheduler.scheduler:Added job "Escalation Timeout Checker" to job store "default"\nINFO:apscheduler.scheduler:Added job "Alert Queue Processor" to job store "default"\nINFO:apscheduler.scheduler:Added job "Stale Alert Cleanup" to job store "default"\nINFO:apscheduler.scheduler:Added job "Reminder Sender" to job store "default"\nINFO:apscheduler.scheduler:Scheduler started\nINFO:app.services.scheduler:\U0001f680 Tracky Scheduler started successfully\nINFO:app.services.scheduler:  - Alert Queue Processor: Next run at 2025-12-08 19:26:37.574071+05:30\nINFO:app.services.scheduler:  - Reminder Sender: Next run at 2025-12-08 14:00:00+00:00\nINFO:app.services.scheduler:  - Escalation Timeout Checker: Next run at 2025-12-08 19:51:37.574047+05:30\nINFO:app.services.scheduler:  - Stale Alert Cleanup: Next run at 2025-12-09 02:00:00+00:00\nINFO:app.services.scheduler:  - Daily Status Check Scan: Next run at 2025-12-09 05:00:00+00:00\nINFO:app.main:\u2705 Background scheduler started
----------------------------- Captured log setup ------------------------------
INFO     app.main:main.py:53 \U0001f680 Starting Tracky PM v0.1.0\nINFO     app.main:main.py:54 Debug mode: True\nINFO     app.main:main.py:55 Email enabled: True\nINFO     app.main:main.py:56 Scheduler enabled: True\nINFO     app.main:main.py:57 Run scheduler (this instance): True\nINFO     apscheduler.scheduler:base.py:507 Adding job tentatively -- it will be properly scheduled when the scheduler starts\nINFO     apscheduler.scheduler:base.py:507 Adding job tentatively -- it will be properly scheduled when the scheduler starts\nINFO     apscheduler.scheduler:base.py:507 Adding job tentatively -- it will be properly scheduled when the scheduler starts\nINFO     apscheduler.scheduler:base.py:507 Adding job tentatively -- it will be properly scheduled when the scheduler starts\nINFO     apscheduler.scheduler:base.py:507 Adding job tentatively -- it will be properly scheduled when the scheduler starts\nINFO     apscheduler.scheduler:base.py:1090 Added job "Daily Status Check Scan" to job store "default"\nINFO     apscheduler.scheduler:base.py:1090 Added job "Escalation Timeout Checker" to job store "default"\nINFO     apscheduler.scheduler:base.py:1090 Added job "Alert Queue Processor" to job store "default"\nINFO     apscheduler.scheduler:base.py:1090 Added job "Stale Alert Cleanup" to job store "default"\nINFO     apscheduler.scheduler:base.py:1090 Added job "Reminder Sender" to job store "default"\nINFO     apscheduler.scheduler:base.py:214 Scheduler started\nINFO     app.services.scheduler:scheduler.py:254 \U0001f680 Tracky Scheduler started successfully\nINFO     app.services.scheduler:scheduler.py:258   - Alert Queue Processor: Next run at 2025-12-08 19:26:37.574071+05:30\nINFO     app.services.scheduler:scheduler.py:258   - Reminder Sender: Next run at 2025-12-08 14:00:00+00:00\nINFO     app.services.scheduler:scheduler.py:258   - Escalation Timeout Checker: Next run at 2025-12-08 19:51:37.574047+05:30\nINFO     app.services.scheduler:scheduler.py:258   - Stale Alert Cleanup: Next run at 2025-12-09 02:00:00+00:00\nINFO     app.services.scheduler:scheduler.py:258   - Daily Status Check Scan: Next run at 2025-12-09 05:00:00+00:00\nINFO     app.main:main.py:72 \u2705 Background scheduler started
---------------------------- Captured stderr call -----------------------------
INFO:httpx:HTTP Request: GET http://testserver/api/data/dashboard-stats "HTTP/1.1 404 Not Found"
------------------------------ Captured log call ------------------------------
INFO     httpx:_client.py:1025 HTTP Request: GET http://testserver/api/data/dashboard-stats "HTTP/1.1 404 Not Found"
-------------------------- Captured stderr teardown ---------------------------
INFO:app.services.scheduler:\U0001f6d1 Tracky Scheduler stopped\nINFO:app.main:\u2705 Scheduler stopped\nINFO:app.main:\U0001f44b Shutting down...\nINFO:apscheduler.scheduler:Scheduler has been shut down
---------------------------- Captured log teardown ----------------------------
INFO     app.services.scheduler:scheduler.py:265 \U0001f6d1 Tracky Scheduler stopped\nINFO     app.main:main.py:83 \u2705 Scheduler stopped\nINFO     app.main:main.py:85 \U0001f44b Shutting down...\nINFO     apscheduler.scheduler:base.py:245 Scheduler has been shut down
________________ TestDataRoutesErrors.test_invalid_uuid_format ________________
tests\test_data_routes.py:578: in test_invalid_uuid_format
    response = client.get("/api/data/programs/not-a-valid-uuid")
               ^^^^^^^^^^^^^^^^^^^^^^^^^^^^^^^^^^^^^^^^^^^^^^^^^
venv\Lib\site-packages\starlette\testclient.py:473: in get
    return super().get(
venv\Lib\site-packages\httpx\_client.py:1053: in get
    return self.request(
venv\Lib\site-packages\starlette\testclient.py:445: in request
    return super().request(
venv\Lib\site-packages\httpx\_client.py:825: in request
    return self.send(request, auth=auth, follow_redirects=follow_redirects)
           ^^^^^^^^^^^^^^^^^^^^^^^^^^^^^^^^^^^^^^^^^^^^^^^^^^^^^^^^^^^^^^^^
venv\Lib\site-packages\httpx\_client.py:914: in send
    response = self._send_handling_auth(
venv\Lib\site-packages\httpx\_client.py:942: in _send_handling_auth
    response = self._send_handling_redirects(
venv\Lib\site-packages\httpx\_client.py:979: in _send_handling_redirects
    response = self._send_single_request(request)
               ^^^^^^^^^^^^^^^^^^^^^^^^^^^^^^^^^^
venv\Lib\site-packages\httpx\_client.py:1014: in _send_single_request
    response = transport.handle_request(request)
               ^^^^^^^^^^^^^^^^^^^^^^^^^^^^^^^^^
venv\Lib\site-packages\starlette\testclient.py:348: in handle_request
    raise exc
venv\Lib\site-packages\starlette\testclient.py:345: in handle_request
    portal.call(self.app, scope, receive, send)
venv\Lib\site-packages\anyio\from_thread.py:326: in call
    return cast(T_Retval, self.start_task_soon(func, *args).result())
                          ^^^^^^^^^^^^^^^^^^^^^^^^^^^^^^^^^^^^^^^^^^
..\..\..\..\AppData\Local\Programs\Python\Python313\Lib\concurrent\futures\_base.py:449: in result
    return self.__get_result()
           ^^^^^^^^^^^^^^^^^^^
..\..\..\..\AppData\Local\Programs\Python\Python313\Lib\concurrent\futures\_base.py:401: in __get_result
    raise self._exception
venv\Lib\site-packages\anyio\from_thread.py:257: in _call_func
    retval = await retval_or_awaitable
             ^^^^^^^^^^^^^^^^^^^^^^^^^
venv\Lib\site-packages\fastapi\applications.py:1139: in __call__
    await super().__call__(scope, receive, send)
venv\Lib\site-packages\starlette\applications.py:107: in __call__
    await self.middleware_stack(scope, receive, send)
venv\Lib\site-packages\starlette\middleware\errors.py:186: in __call__
    raise exc
venv\Lib\site-packages\starlette\middleware\errors.py:164: in __call__
    await self.app(scope, receive, _send)
venv\Lib\site-packages\starlette\middleware\cors.py:85: in __call__
    await self.app(scope, receive, send)
venv\Lib\site-packages\starlette\middleware\exceptions.py:63: in __call__
    await wrap_app_handling_exceptions(self.app, conn)(scope, receive, send)
venv\Lib\site-packages\starlette\_exception_handler.py:53: in wrapped_app
    raise exc
venv\Lib\site-packages\starlette\_exception_handler.py:42: in wrapped_app
    await app(scope, receive, sender)
venv\Lib\site-packages\fastapi\middleware\asyncexitstack.py:18: in __call__
    await self.app(scope, receive, send)
venv\Lib\site-packages\starlette\routing.py:716: in __call__
    await self.middleware_stack(scope, receive, send)
venv\Lib\site-packages\starlette\routing.py:736: in app
    await route.handle(scope, receive, send)
venv\Lib\site-packages\starlette\routing.py:290: in handle
    await self.app(scope, receive, send)
venv\Lib\site-packages\fastapi\routing.py:120: in app
    await wrap_app_handling_exceptions(app, request)(scope, receive, send)
venv\Lib\site-packages\starlette\_exception_handler.py:53: in wrapped_app
    raise exc
venv\Lib\site-packages\starlette\_exception_handler.py:42: in wrapped_app
    await app(scope, receive, sender)
venv\Lib\site-packages\fastapi\routing.py:106: in app
    response = await f(request)
               ^^^^^^^^^^^^^^^^
venv\Lib\site-packages\fastapi\routing.py:430: in app
    raw_response = await run_endpoint_function(
venv\Lib\site-packages\fastapi\routing.py:316: in run_endpoint_function
    return await dependant.call(**values)
           ^^^^^^^^^^^^^^^^^^^^^^^^^^^^^^
app\api\routes\data_routes.py:104: in get_program
    response = db.client.table("programs").select("*").eq("id", program_id).execute()
               ^^^^^^^^^
E   AttributeError: 'MockSupabaseClient' object has no attribute 'client'
---------------------------- Captured stderr setup ----------------------------
INFO:app.main:\U0001f680 Starting Tracky PM v0.1.0\nINFO:app.main:Debug mode: True\nINFO:app.main:Email enabled: True\nINFO:app.main:Scheduler enabled: True\nINFO:app.main:Run scheduler (this instance): True\nINFO:apscheduler.scheduler:Adding job tentatively -- it will be properly scheduled when the scheduler starts\nINFO:apscheduler.scheduler:Adding job tentatively -- it will be properly scheduled when the scheduler starts\nINFO:apscheduler.scheduler:Adding job tentatively -- it will be properly scheduled when the scheduler starts\nINFO:apscheduler.scheduler:Adding job tentatively -- it will be properly scheduled when the scheduler starts\nINFO:apscheduler.scheduler:Adding job tentatively -- it will be properly scheduled when the scheduler starts\nINFO:apscheduler.scheduler:Added job "Daily Status Check Scan" to job store "default"\nINFO:apscheduler.scheduler:Added job "Escalation Timeout Checker" to job store "default"\nINFO:apscheduler.scheduler:Added job "Alert Queue Processor" to job store "default"\nINFO:apscheduler.scheduler:Added job "Stale Alert Cleanup" to job store "default"\nINFO:apscheduler.scheduler:Added job "Reminder Sender" to job store "default"\nINFO:apscheduler.scheduler:Scheduler started\nINFO:app.services.scheduler:\U0001f680 Tracky Scheduler started successfully\nINFO:app.services.scheduler:  - Alert Queue Processor: Next run at 2025-12-08 19:26:37.574071+05:30\nINFO:app.services.scheduler:  - Reminder Sender: Next run at 2025-12-08 14:00:00+00:00\nINFO:app.services.scheduler:  - Escalation Timeout Checker: Next run at 2025-12-08 19:51:37.574047+05:30\nINFO:app.services.scheduler:  - Stale Alert Cleanup: Next run at 2025-12-09 02:00:00+00:00\nINFO:app.services.scheduler:  - Daily Status Check Scan: Next run at 2025-12-09 05:00:00+00:00\nINFO:app.main:\u2705 Background scheduler started
----------------------------- Captured log setup ------------------------------
INFO     app.main:main.py:53 \U0001f680 Starting Tracky PM v0.1.0\nINFO     app.main:main.py:54 Debug mode: True\nINFO     app.main:main.py:55 Email enabled: True\nINFO     app.main:main.py:56 Scheduler enabled: True\nINFO     app.main:main.py:57 Run scheduler (this instance): True\nINFO     apscheduler.scheduler:base.py:507 Adding job tentatively -- it will be properly scheduled when the scheduler starts\nINFO     apscheduler.scheduler:base.py:507 Adding job tentatively -- it will be properly scheduled when the scheduler starts\nINFO     apscheduler.scheduler:base.py:507 Adding job tentatively -- it will be properly scheduled when the scheduler starts\nINFO     apscheduler.scheduler:base.py:507 Adding job tentatively -- it will be properly scheduled when the scheduler starts\nINFO     apscheduler.scheduler:base.py:507 Adding job tentatively -- it will be properly scheduled when the scheduler starts\nINFO     apscheduler.scheduler:base.py:1090 Added job "Daily Status Check Scan" to job store "default"\nINFO     apscheduler.scheduler:base.py:1090 Added job "Escalation Timeout Checker" to job store "default"\nINFO     apscheduler.scheduler:base.py:1090 Added job "Alert Queue Processor" to job store "default"\nINFO     apscheduler.scheduler:base.py:1090 Added job "Stale Alert Cleanup" to job store "default"\nINFO     apscheduler.scheduler:base.py:1090 Added job "Reminder Sender" to job store "default"\nINFO     apscheduler.scheduler:base.py:214 Scheduler started\nINFO     app.services.scheduler:scheduler.py:254 \U0001f680 Tracky Scheduler started successfully\nINFO     app.services.scheduler:scheduler.py:258   - Alert Queue Processor: Next run at 2025-12-08 19:26:37.574071+05:30\nINFO     app.services.scheduler:scheduler.py:258   - Reminder Sender: Next run at 2025-12-08 14:00:00+00:00\nINFO     app.services.scheduler:scheduler.py:258   - Escalation Timeout Checker: Next run at 2025-12-08 19:51:37.574047+05:30\nINFO     app.services.scheduler:scheduler.py:258   - Stale Alert Cleanup: Next run at 2025-12-09 02:00:00+00:00\nINFO     app.services.scheduler:scheduler.py:258   - Daily Status Check Scan: Next run at 2025-12-09 05:00:00+00:00\nINFO     app.main:main.py:72 \u2705 Background scheduler started
-------------------------- Captured stderr teardown ---------------------------
INFO:app.services.scheduler:\U0001f6d1 Tracky Scheduler stopped\nINFO:app.main:\u2705 Scheduler stopped\nINFO:app.main:\U0001f44b Shutting down...\nINFO:apscheduler.scheduler:Scheduler has been shut down
---------------------------- Captured log teardown ----------------------------
INFO     app.services.scheduler:scheduler.py:265 \U0001f6d1 Tracky Scheduler stopped\nINFO     app.main:main.py:83 \u2705 Scheduler stopped\nINFO     app.main:main.py:85 \U0001f44b Shutting down...\nINFO     apscheduler.scheduler:base.py:245 Scheduler has been shut down
__________ TestDataRoutesErrors.test_pagination_offset_exceeds_data ___________
tests\test_data_routes.py:603: in test_pagination_offset_exceeds_data
    response = client.get("/api/data/programs?limit=10&offset=1000")
               ^^^^^^^^^^^^^^^^^^^^^^^^^^^^^^^^^^^^^^^^^^^^^^^^^^^^^
venv\Lib\site-packages\starlette\testclient.py:473: in get
    return super().get(
venv\Lib\site-packages\httpx\_client.py:1053: in get
    return self.request(
venv\Lib\site-packages\starlette\testclient.py:445: in request
    return super().request(
venv\Lib\site-packages\httpx\_client.py:825: in request
    return self.send(request, auth=auth, follow_redirects=follow_redirects)
           ^^^^^^^^^^^^^^^^^^^^^^^^^^^^^^^^^^^^^^^^^^^^^^^^^^^^^^^^^^^^^^^^
venv\Lib\site-packages\httpx\_client.py:914: in send
    response = self._send_handling_auth(
venv\Lib\site-packages\httpx\_client.py:942: in _send_handling_auth
    response = self._send_handling_redirects(
venv\Lib\site-packages\httpx\_client.py:979: in _send_handling_redirects
    response = self._send_single_request(request)
               ^^^^^^^^^^^^^^^^^^^^^^^^^^^^^^^^^^
venv\Lib\site-packages\httpx\_client.py:1014: in _send_single_request
    response = transport.handle_request(request)
               ^^^^^^^^^^^^^^^^^^^^^^^^^^^^^^^^^
venv\Lib\site-packages\starlette\testclient.py:348: in handle_request
    raise exc
venv\Lib\site-packages\starlette\testclient.py:345: in handle_request
    portal.call(self.app, scope, receive, send)
venv\Lib\site-packages\anyio\from_thread.py:326: in call
    return cast(T_Retval, self.start_task_soon(func, *args).result())
                          ^^^^^^^^^^^^^^^^^^^^^^^^^^^^^^^^^^^^^^^^^^
..\..\..\..\AppData\Local\Programs\Python\Python313\Lib\concurrent\futures\_base.py:456: in result
    return self.__get_result()
           ^^^^^^^^^^^^^^^^^^^
..\..\..\..\AppData\Local\Programs\Python\Python313\Lib\concurrent\futures\_base.py:401: in __get_result
    raise self._exception
venv\Lib\site-packages\anyio\from_thread.py:257: in _call_func
    retval = await retval_or_awaitable
             ^^^^^^^^^^^^^^^^^^^^^^^^^
venv\Lib\site-packages\fastapi\applications.py:1139: in __call__
    await super().__call__(scope, receive, send)
venv\Lib\site-packages\starlette\applications.py:107: in __call__
    await self.middleware_stack(scope, receive, send)
venv\Lib\site-packages\starlette\middleware\errors.py:186: in __call__
    raise exc
venv\Lib\site-packages\starlette\middleware\errors.py:164: in __call__
    await self.app(scope, receive, _send)
venv\Lib\site-packages\starlette\middleware\cors.py:85: in __call__
    await self.app(scope, receive, send)
venv\Lib\site-packages\starlette\middleware\exceptions.py:63: in __call__
    await wrap_app_handling_exceptions(self.app, conn)(scope, receive, send)
venv\Lib\site-packages\starlette\_exception_handler.py:53: in wrapped_app
    raise exc
venv\Lib\site-packages\starlette\_exception_handler.py:42: in wrapped_app
    await app(scope, receive, sender)
venv\Lib\site-packages\fastapi\middleware\asyncexitstack.py:18: in __call__
    await self.app(scope, receive, send)
venv\Lib\site-packages\starlette\routing.py:716: in __call__
    await self.middleware_stack(scope, receive, send)
venv\Lib\site-packages\starlette\routing.py:736: in app
    await route.handle(scope, receive, send)
venv\Lib\site-packages\starlette\routing.py:290: in handle
    await self.app(scope, receive, send)
venv\Lib\site-packages\fastapi\routing.py:120: in app
    await wrap_app_handling_exceptions(app, request)(scope, receive, send)
venv\Lib\site-packages\starlette\_exception_handler.py:53: in wrapped_app
    raise exc
venv\Lib\site-packages\starlette\_exception_handler.py:42: in wrapped_app
    await app(scope, receive, sender)
venv\Lib\site-packages\fastapi\routing.py:106: in app
    response = await f(request)
               ^^^^^^^^^^^^^^^^
venv\Lib\site-packages\fastapi\routing.py:430: in app
    raw_response = await run_endpoint_function(
venv\Lib\site-packages\fastapi\routing.py:316: in run_endpoint_function
    return await dependant.call(**values)
           ^^^^^^^^^^^^^^^^^^^^^^^^^^^^^^
app\api\routes\data_routes.py:35: in list_programs
    query = db.client.table("programs").select("*")
            ^^^^^^^^^
E   AttributeError: 'MockSupabaseClient' object has no attribute 'client'
---------------------------- Captured stderr setup ----------------------------
INFO:app.main:\U0001f680 Starting Tracky PM v0.1.0\nINFO:app.main:Debug mode: True\nINFO:app.main:Email enabled: True\nINFO:app.main:Scheduler enabled: True\nINFO:app.main:Run scheduler (this instance): True\nINFO:apscheduler.scheduler:Adding job tentatively -- it will be properly scheduled when the scheduler starts\nINFO:apscheduler.scheduler:Adding job tentatively -- it will be properly scheduled when the scheduler starts\nINFO:apscheduler.scheduler:Adding job tentatively -- it will be properly scheduled when the scheduler starts\nINFO:apscheduler.scheduler:Adding job tentatively -- it will be properly scheduled when the scheduler starts\nINFO:apscheduler.scheduler:Adding job tentatively -- it will be properly scheduled when the scheduler starts\nINFO:apscheduler.scheduler:Added job "Daily Status Check Scan" to job store "default"\nINFO:apscheduler.scheduler:Added job "Escalation Timeout Checker" to job store "default"\nINFO:apscheduler.scheduler:Added job "Alert Queue Processor" to job store "default"\nINFO:apscheduler.scheduler:Added job "Stale Alert Cleanup" to job store "default"\nINFO:apscheduler.scheduler:Added job "Reminder Sender" to job store "default"\nINFO:apscheduler.scheduler:Scheduler started\nINFO:app.services.scheduler:\U0001f680 Tracky Scheduler started successfully\nINFO:app.services.scheduler:  - Alert Queue Processor: Next run at 2025-12-08 19:26:37.574071+05:30\nINFO:app.services.scheduler:  - Reminder Sender: Next run at 2025-12-08 14:00:00+00:00\nINFO:app.services.scheduler:  - Escalation Timeout Checker: Next run at 2025-12-08 19:51:37.574047+05:30\nINFO:app.services.scheduler:  - Stale Alert Cleanup: Next run at 2025-12-09 02:00:00+00:00\nINFO:app.services.scheduler:  - Daily Status Check Scan: Next run at 2025-12-09 05:00:00+00:00\nINFO:app.main:\u2705 Background scheduler started
----------------------------- Captured log setup ------------------------------
INFO     app.main:main.py:53 \U0001f680 Starting Tracky PM v0.1.0\nINFO     app.main:main.py:54 Debug mode: True\nINFO     app.main:main.py:55 Email enabled: True\nINFO     app.main:main.py:56 Scheduler enabled: True\nINFO     app.main:main.py:57 Run scheduler (this instance): True\nINFO     apscheduler.scheduler:base.py:507 Adding job tentatively -- it will be properly scheduled when the scheduler starts\nINFO     apscheduler.scheduler:base.py:507 Adding job tentatively -- it will be properly scheduled when the scheduler starts\nINFO     apscheduler.scheduler:base.py:507 Adding job tentatively -- it will be properly scheduled when the scheduler starts\nINFO     apscheduler.scheduler:base.py:507 Adding job tentatively -- it will be properly scheduled when the scheduler starts\nINFO     apscheduler.scheduler:base.py:507 Adding job tentatively -- it will be properly scheduled when the scheduler starts\nINFO     apscheduler.scheduler:base.py:1090 Added job "Daily Status Check Scan" to job store "default"\nINFO     apscheduler.scheduler:base.py:1090 Added job "Escalation Timeout Checker" to job store "default"\nINFO     apscheduler.scheduler:base.py:1090 Added job "Alert Queue Processor" to job store "default"\nINFO     apscheduler.scheduler:base.py:1090 Added job "Stale Alert Cleanup" to job store "default"\nINFO     apscheduler.scheduler:base.py:1090 Added job "Reminder Sender" to job store "default"\nINFO     apscheduler.scheduler:base.py:214 Scheduler started\nINFO     app.services.scheduler:scheduler.py:254 \U0001f680 Tracky Scheduler started successfully\nINFO     app.services.scheduler:scheduler.py:258   - Alert Queue Processor: Next run at 2025-12-08 19:26:37.574071+05:30\nINFO     app.services.scheduler:scheduler.py:258   - Reminder Sender: Next run at 2025-12-08 14:00:00+00:00\nINFO     app.services.scheduler:scheduler.py:258   - Escalation Timeout Checker: Next run at 2025-12-08 19:51:37.574047+05:30\nINFO     app.services.scheduler:scheduler.py:258   - Stale Alert Cleanup: Next run at 2025-12-09 02:00:00+00:00\nINFO     app.services.scheduler:scheduler.py:258   - Daily Status Check Scan: Next run at 2025-12-09 05:00:00+00:00\nINFO     app.main:main.py:72 \u2705 Background scheduler started
-------------------------- Captured stderr teardown ---------------------------
INFO:app.services.scheduler:\U0001f6d1 Tracky Scheduler stopped\nINFO:app.main:\u2705 Scheduler stopped\nINFO:app.main:\U0001f44b Shutting down...\nINFO:apscheduler.scheduler:Scheduler has been shut down
---------------------------- Captured log teardown ----------------------------
INFO     app.services.scheduler:scheduler.py:265 \U0001f6d1 Tracky Scheduler stopped\nINFO     app.main:main.py:83 \u2705 Scheduler stopped\nINFO     app.main:main.py:85 \U0001f44b Shutting down...\nINFO     apscheduler.scheduler:base.py:245 Scheduler has been shut down
=========================== short test summary info ===========================
FAILED tests/test_data_routes.py::TestProgramsEndpoints::test_list_programs_empty - AttributeError: 'MockSupabaseClient' object has no attribute 'client'
FAILED tests/test_data_routes.py::TestProgramsEndpoints::test_list_programs_with_data - AttributeError: 'MockSupabaseClient' object has no attribute 'client'
FAILED tests/test_data_routes.py::TestProgramsEndpoints::test_list_programs_filter_by_status - AttributeError: 'MockSupabaseClient' object has no attribute 'client'
FAILED tests/test_data_routes.py::TestProgramsEndpoints::test_list_programs_pagination - AttributeError: 'MockSupabaseClient' object has no attribute 'client'
FAILED tests/test_data_routes.py::TestProgramsEndpoints::test_get_program_success - AttributeError: 'MockSupabaseClient' object has no attribute 'client'
FAILED tests/test_data_routes.py::TestProgramsEndpoints::test_get_program_not_found - AttributeError: 'MockSupabaseClient' object has no attribute 'client'
FAILED tests/test_data_routes.py::TestWorkItemsEndpoints::test_list_work_items_empty - AttributeError: 'MockSupabaseClient' object has no attribute 'client'
FAILED tests/test_data_routes.py::TestWorkItemsEndpoints::test_list_work_items_with_data - AttributeError: 'MockSupabaseClient' object has no attribute 'client'
FAILED tests/test_data_routes.py::TestWorkItemsEndpoints::test_list_work_items_filter_by_program - AttributeError: 'MockSupabaseClient' object has no attribute 'client'
FAILED tests/test_data_routes.py::TestWorkItemsEndpoints::test_list_work_items_filter_by_status - AttributeError: 'MockSupabaseClient' object has no attribute 'client'
FAILED tests/test_data_routes.py::TestWorkItemsEndpoints::test_list_work_items_filter_by_resource - AttributeError: 'MockSupabaseClient' object has no attribute 'client'
FAILED tests/test_data_routes.py::TestWorkItemsEndpoints::test_list_work_items_flagged_only - AttributeError: 'MockSupabaseClient' object has no attribute 'client'
FAILED tests/test_data_routes.py::TestWorkItemsEndpoints::test_get_work_item_success - assert 503 == 200
 +  where 503 = <Response [503 Service Unavailable]>.status_code
FAILED tests/test_data_routes.py::TestWorkItemsEndpoints::test_get_work_item_with_dependencies - assert 503 == 200
 +  where 503 = <Response [503 Service Unavailable]>.status_code
FAILED tests/test_data_routes.py::TestWorkItemsEndpoints::test_get_work_item_not_found - assert 503 == 404
 +  where 503 = <Response [503 Service Unavailable]>.status_code
FAILED tests/test_data_routes.py::TestResourcesEndpoints::test_list_resources_empty - AttributeError: 'MockSupabaseClient' object has no attribute 'client'
FAILED tests/test_data_routes.py::TestResourcesEndpoints::test_list_resources_with_data - AttributeError: 'MockSupabaseClient' object has no attribute 'client'
FAILED tests/test_data_routes.py::TestResourcesEndpoints::test_list_resources_filter_by_status - AttributeError: 'MockSupabaseClient' object has no attribute 'client'
FAILED tests/test_data_routes.py::TestResourcesEndpoints::test_get_resource_success - AttributeError: 'MockSupabaseClient' object has no attribute 'client'
FAILED tests/test_data_routes.py::TestResourcesEndpoints::test_get_resource_not_found - AttributeError: 'MockSupabaseClient' object has no attribute 'client'
FAILED tests/test_data_routes.py::TestAuditLogsEndpoints::test_list_audit_logs_empty - AttributeError: 'MockSupabaseClient' object has no attribute 'client'
FAILED tests/test_data_routes.py::TestAuditLogsEndpoints::test_list_audit_logs_with_data - AttributeError: 'MockSupabaseClient' object has no attribute 'client'
FAILED tests/test_data_routes.py::TestAuditLogsEndpoints::test_list_audit_logs_filter_by_entity_type - AttributeError: 'MockSupabaseClient' object has no attribute 'client'
FAILED tests/test_data_routes.py::TestAuditLogsEndpoints::test_list_audit_logs_filter_by_action - AttributeError: 'MockSupabaseClient' object has no attribute 'client'
FAILED tests/test_data_routes.py::TestDependenciesEndpoints::test_list_dependencies_empty - assert 503 == 200
 +  where 503 = <Response [503 Service Unavailable]>.status_code
FAILED tests/test_data_routes.py::TestDependenciesEndpoints::test_list_dependencies_with_data - assert 503 == 200
 +  where 503 = <Response [503 Service Unavailable]>.status_code
FAILED tests/test_data_routes.py::TestDependenciesEndpoints::test_list_dependencies_filter_by_work_item - assert 503 == 200
 +  where 503 = <Response [503 Service Unavailable]>.status_code
FAILED tests/test_data_routes.py::TestDashboardStats::test_get_dashboard_stats_empty - assert 404 == 200
 +  where 404 = <Response [404 Not Found]>.status_code
FAILED tests/test_data_routes.py::TestDashboardStats::test_get_dashboard_stats_with_data - assert 404 == 200
 +  where 404 = <Response [404 Not Found]>.status_code
FAILED tests/test_data_routes.py::TestDataRoutesErrors::test_invalid_uuid_format - AttributeError: 'MockSupabaseClient' object has no attribute 'client'
FAILED tests/test_data_routes.py::TestDataRoutesErrors::test_pagination_offset_exceeds_data - AttributeError: 'MockSupabaseClient' object has no attribute 'client'
======================== 31 failed, 1 passed in 3.45s =========================
